06-08 11:27:59.052 27845 27845 I ScreenOffBroadcastReceiver: [I/HMSCore/ScreenOffBroadcastReceiver 27845:1 SourceFile:1] Receive ScreenOffBroadcastReceiver, process name:com.huawei.hwid.persistent
06-08 11:27:59.053 27845 27845 I ProcessUtil: [I/HMSCore/ProcessUtil 27845:1 SourceFile:2] Process = com.huawei.hwid.persistent
06-08 11:27:59.053 27845 27845 I ProcessUtil: [I/HMSCore/ProcessUtil 27845:1 SourceFile:2] Process = com.huawei.hwid.persistent
06-08 11:27:59.053 27845 27845 I ScreenOffBroadcastReceiver: [I/HMSCore/ScreenOffBroadcastReceiver 27845:1 SourceFile:8] Receive ScreenOffBroadcastReceiver end
06-08 11:27:59.058  4330  4330 D TimeKeeper: getTimeTickInfo:[mMillisUntilFinished:0, mHour:0, mMinute:0, mSecond:0]
06-08 11:27:59.058  4330  4330 D TimeKeeper: getTimeTickInfo:[mMillisUntilFinished:0, mHour:0, mMinute:0, mSecond:0]
06-08 11:27:59.059 27575 17479 I CAWARENESS_30400_AppUsageFilterAbility: 29e3d1fe-a5c1-4f00-84a5-2361a2a3fae9 100000258 publishData null null
06-08 11:27:59.059 27575 17479 I CAWARENESS_30400_AbilityContext: [1654658959455] publishing {dataId=100000258, mode=0}
06-08 11:27:59.059  4330  4330 D TimeKeeper: getTimeTickInfo:[mMillisUntilFinished:0, mHour:0, mMinute:0, mSecond:0]
06-08 11:27:59.059 27575 17479 I CAWARENESS_30400_AbilityContext: [1654658959455] deliver {dataId=100000258, mode=0} to null
06-08 11:27:59.060 27575 17479 I CAWARENESS_30400_AppUsageFilterAbility: 6c860fdb-450c-4b11-9bea-bd941952394c 100000258 publishData null null
06-08 11:27:59.060 27575 17479 I CAWARENESS_30400_AbilityContext: [1654658959455] publishing {dataId=100000258, mode=0}
06-08 11:27:59.060 27575 17479 I CAWARENESS_30400_AbilityContext: [1654658959455] deliver {dataId=100000258, mode=0} to null
06-08 11:27:59.060 27575 17479 I CAWARENESS_30400_AppUsageFilterAbility: 8172f286-df41-4c94-8be8-c25208b45baa 100000258 publishData null null
06-08 11:27:59.060 27575 17479 I CAWARENESS_30400_AbilityContext: [1654658959455] publishing {dataId=100000259, mode=0}
06-08 11:27:59.060 27575 17479 I CAWARENESS_30400_AbilityContext: [1654658959455] no such subscribe, ignore this publish
06-08 11:27:59.060 27575 17479 I CAWARENESS_30400_AppUsageFilterAbility: 29e3d1fe-a5c1-4f00-84a5-2361a2a3fae9 100000259 publishData null null
06-08 11:27:59.060 27575 17479 I CAWARENESS_30400_AbilityContext: [1654658959455] publishing {dataId=100000259, mode=0}
06-08 11:27:59.060 27575 17479 I CAWARENESS_30400_AbilityContext: [1654658959455] no such subscribe, ignore this publish
06-08 11:27:59.060 27575 17479 I CAWARENESS_30400_AppUsageFilterAbility: 6c860fdb-450c-4b11-9bea-bd941952394c 100000259 publishData null null
06-08 11:27:59.060 27575 17479 I CAWARENESS_30400_AbilityContext: [1654658959455] publishing {dataId=100000259, mode=0}
06-08 11:27:59.060 27575 17479 I CAWARENESS_30400_AbilityContext: [1654658959455] no such subscribe, ignore this publish
06-08 11:27:59.060 27575 17479 I CAWARENESS_30400_AppUsageFilterAbility: 8172f286-df41-4c94-8be8-c25208b45baa 100000259 publishData null null
06-08 11:27:59.067 27575 17493 W CAWARENESS_30400_LifecycleFence: action is error
06-08 11:27:59.067 27575 17492 I CAWARENESS_30400_RecentAppChangeFence: lastReportPackage is com.tencent.mm, packageName is null
06-08 11:27:59.067 27575 17494 I CAWARENESS_30400_FenceTrigger: fence trigger mode is 2
06-08 11:27:59.067 27575 17494 I CAWARENESS_30400_FenceTrigger: trigger with PendingIntent, AppLifecycleFence[action=exit, isWhiteList=false, packageList=]@a8cdfa4, CallerInfo [packageName=com.huawei.recsys, nameForUid=com.huawei.recsys]
06-08 11:27:59.068  2120  6323 I ActivityManager: sendIntentSender target:PendingIntentRecord{675dad5 com.huawei.recsys broadcastIntent}, intent:hwFlg=0x10
06-08 11:27:59.069 27845 27845 I HiAdKit.SystemActionProcessor:  receive screen off
06-08 11:27:59.069  2120  2506 I ActivityManager: App 10234/com.huawei.recsys targets O+, restricted
06-08 11:27:59.069  7119  7119 I ndroid.launche: Explicit concurrent copying GC freed 107811(4833KB) AllocSpace objects, 17(2096KB) LOS objects, 49% free, 16MB/32MB, paused 39us total 114.489ms
06-08 11:27:59.069 27575 17494 I CAWARENESS_30400_FenceTrigger: fenceName app_lifecycle_fence pid 30643 uid 10234
06-08 11:27:59.070 27575 17494 I CAWARENESS_30400_CacheReportDataService: insertData
06-08 11:27:59.071 27845 27845 I HiAdKit.PPSExSplashService:  there is no splash
06-08 11:27:59.075 27575 17495 I CAWARENESS_30400_CacheReportDataService: Current count 380
06-08 11:27:59.078  4330  4330 W HwWidgetFactoryImpl: autoTextSize, textView = huawei.android.widget.Button{cc8ba2b GFED..CL. ..S...I. 0,0-0,0 #7f0a01a6 app:id/delete_button}, context = com.android.systemui.HwSystemUIApplication@d885fc9
06-08 11:27:59.082 27736 27736 I fwkit_sic_Receiver: [I/fwkit/fwkit_sic_Receiver 27736:1 ScreenOnOffReceiver.java:25] onReceiveMsg
06-08 11:27:59.083 30643 30643 I HiDecision: CaServiceImpl: CA engine is already connected, won't connect again
06-08 11:27:59.084 30643 30643 I HiDecision: Scheduler: Event CloseAppFence is executed by com.huawei.asr.Asr soon
06-08 11:27:59.085 30643 30643 I HiDecision: AwarenessListeningReceiver: CloseAppFence event execute result is true
06-08 11:27:59.085 30643 31061 I HiDecision: DfEventConsumer: Handle business event CloseAppFence
06-08 11:27:59.085 30643 31061 I HiDecision: p: activate decisionflows
06-08 11:27:59.085 30643 31061 I HiDecision: p: activate active instance num:7
06-08 11:27:59.088  2120  6323 V BroadcastQueue: Finished with ordered broadcast BroadcastRecord{62f6d5b u0 com.huawei.recsys.awareness.listening}
06-08 11:27:59.093 30643 31061 W HiDecision: s: requestTemplateId is empty
06-08 11:27:59.093 30643 31061 I HiDecision: p: activate new instance num:0
06-08 11:27:59.094 30643 31416 I HiDecision: DecisionflowInstance: decisionflow instance DecisionflowInstance(enter_2x4GuideCardScene_instanceId92dcs1) execute
06-08 11:27:59.094 30643 31016 I HiDecision: DecisionflowInstance: decisionflow instance DecisionflowInstance(enter_springFestivalGalaScene_instanceId34434d) execute
06-08 11:27:59.095 30643 31061 I HiDecision: DecisionflowInstance: decisionflow instance DecisionflowInstance(enter_newsScene_instanceIdd3db88) execute
06-08 11:27:59.095 30643 31000 I HiDecision: DecisionflowInstance: decisionflow instance DecisionflowInstance(enter_lowBatteryScene_instanceId34dd36) execute
06-08 11:27:59.096 30643 31416 I HiDecision: DecisionflowInstance: decisionflow instance DecisionflowInstance(enter_jumpToSettingsScene_instanceId34434d) execute
06-08 11:27:59.096 27736 27736 I HiAdKit.DC.SystemUtil:  isDeviceProvisioned: true
06-08 11:27:59.096 30643 31012 I HiDecision: DecisionflowInstance: decisionflow instance DecisionflowInstance(enter_winterOlympics_instanceIdd3db88) execute
06-08 11:27:59.096 30643 31416 I HiDecision: DecisionflowInstance: decisionflow instance DecisionflowInstance(enter_beforeBedtimeScene_instanceId1fe6f0) execute
06-08 11:27:59.097 27736 27736 I HiAdKit.DC.ACREntry:  oobe: false
06-08 11:27:59.099 27845 17498 I HiAdKit.PpsCoreService:  isCmdAllowAccess crom: true permitRegion: 1
06-08 11:27:59.099 27845 17498 I HiAdKit.PpsCoreService:  call method: reportConsent
06-08 11:27:59.099 27845 17498 I HiAdKit.PpsCoreService:  callerPkg: com.huawei.hwid
06-08 11:27:59.106 27736 27736 I HwidScreenStatusChangeReceiver: [I/HwID_APK_log[6.5.0.312|6.5.0.301] [SDK 6.5.0.301]com.huawei.hwid.core/HwidScreenStatusChangeReceiver 27736:1 HwidScreenStatusChangeReceiver.java:35] onReceiveMsg
06-08 11:27:59.106  2120  4215 I HwAodManagerService: handleFpDynamicResources fp size: 2000000, SUCC num is 12
06-08 11:27:59.106 27736 27736 I HwidScreenStatusChangeReceiver: [I/HwID_APK_log[6.5.0.312|6.5.0.301] [SDK 6.5.0.301]com.huawei.hwid.core/HwidScreenStatusChangeReceiver 27736:1 HwidScreenStatusChangeReceiver.java:55] postScreenOffDelayHandle, process name:com.huawei.hwid.core
06-08 11:27:59.106 27736 27736 I HwidScreenStatusChangeReceiver: [I/HwID_APK_log[6.5.0.312|6.5.0.301] [SDK 6.5.0.301]com.huawei.hwid.core/HwidScreenStatusChangeReceiver 27736:1 HwidScreenStatusChangeReceiver.java:83] sendEmptyMessageDelayed 5 seconds for screenOff. the result is : true
06-08 11:27:59.108 27736 27736 I nStackX_DeviceMonitor: [I/NearbyService/nStackX_DeviceMonitor 27736:1 null:19] Screen status update to false
06-08 11:27:59.108 27736 27736 I PowerKitApi: isUserSleeping ! pkg: com.huawei.hwid
06-08 11:27:59.109  4549 31547 I chatty  : uid=1000(system) Binder:4549_F expire 8 lines
06-08 11:27:59.109 27736 27736 I nStackX_FindScanStrategyHandler [businessType: 7]: [I/NearbyService/nStackX_FindScanStrategyHandler [businessType: 7] 27736:1 null:353] FIND state transaction: 1 -> 2
06-08 11:27:59.109 27736 27736 I nStackX_BleScreenOnScanManager: [I/NearbyService/nStackX_BleScreenOnScanManager 27736:1 null:38] onExitScan, mBusinessType: 7, isScreenOff: true
06-08 11:27:59.109  2120  4215 I AodGmpConfigParser: getGmpFeatureName, type = 11, Name =MODE_UI_ENHANCE
06-08 11:27:59.109  2120  6323 D HwConnectivityServiceEx: set 10066 wlan0 value false
06-08 11:27:59.110 27736 27736 I NetworkKit_CountryCodeBean: main|null|com.huawei.hms.framework.network.grs.local.model.CountryCodeBean|getVendorCountryCode|39|countryCode by ro.hw.country is: cn
06-08 11:27:59.110 27736 27736 I NetworkKit_CountryCodeBean: main|null|com.huawei.hms.framework.network.grs.local.model.CountryCodeBean|init|15|get issue_country code from VENDOR_COUNTRY
06-08 11:27:59.110 27736 27736 I FormalHASDK: HiAnalyticsInstance==> onEvent. TAG:HmsProfiler, TYPE:1, eventId:60000
06-08 11:27:59.111  2120  4215 I AodGmpConfigParser: getGmpFeatureName, type = 5, Name =odm/etc/display/effect/displayengine/engine_gmp_BOE_NT37700F_VOGUE_6_47_CMD_TFT_1080_x_2340.xml
06-08 11:27:59.111 27736 27736 I HmsNearbyKit_apk_60400316_NearbyHiAnalyticsUtil: [I/NearbyService/HmsNearbyKit_apk_60400316_NearbyHiAnalyticsUtil 27736:1 null:79] reportMaintenanceInfo()  uri is: nStackX.DiscoveryService.suppressInfo moduleName is: BleScreenOnScanManager versionCode is: 60400316
06-08 11:27:59.111 27736 27736 I nStackX_BleScreenOnScanManager: [I/NearbyService/nStackX_BleScreenOnScanManager 27736:1 null:70] screen off and bt is closed, disable BLE
06-08 11:27:59.111 27736 27736 I nStackX_FindScanStrategyHandler: [I/NearbyService/nStackX_FindScanStrategyHandler 27736:1 null:4] mDisableBle run
06-08 11:27:59.111 27736 27736 I nStackX_ScanTask: [I/NearbyService/nStackX_ScanTask 27736:1 null:25] pause scan task. businessType: 7
06-08 11:27:59.112 27736 17502 I BluetoothAdapter: isLeEnabled(): BLE_ON
06-08 11:27:59.112 27736 17502 I BluetoothAdapter: isLeEnabled(): BLE_ON
06-08 11:27:59.112 27736 27736 I PowerKitApi: isUserSleeping ! pkg: com.huawei.hwid
06-08 11:27:59.112 27736 17502 I nStackX_NearbyBleScanner: [I/NearbyService/nStackX_NearbyBleScanner 27736:186189 null:59] BluetoothLeScanner stopScan:com.huawei.hms.nearby.bu$a@4898a64
06-08 11:27:59.113 27736 27736 I nStackX_FindScanStrategyHandler [businessType: 7]: [I/NearbyService/nStackX_FindScanStrategyHandler [businessType: 7] 27736:1 null:134] bluetooth not enabled and screen is off
06-08 11:27:59.113 27736 27736 I nStackX_DeviceMonitor: [I/NearbyService/nStackX_DeviceMonitor 27736:1 null:19] Screen status update to false
06-08 11:27:59.114 27736 27736 I nStackX_ScanTask: [I/NearbyService/nStackX_ScanTask 27736:1 null:25] pause scan task. businessType: 9
06-08 11:27:59.114 27736 17502 I BluetoothAdapter: isLeEnabled(): BLE_ON
06-08 11:27:59.115 27736 17502 I BluetoothAdapter: isLeEnabled(): BLE_ON
06-08 11:27:59.115 27736 17502 I nStackX_NearbyBleScanner: [I/NearbyService/nStackX_NearbyBleScanner 27736:186189 null:59] BluetoothLeScanner stopScan:com.huawei.hms.nearby.bu$a@8e2dfbf
06-08 11:27:59.115 27736 17502 I nStackX_TagRanging: [I/NearbyService/nStackX_TagRanging 27736:186189 null:9] onDestroy
06-08 11:27:59.115 27736 27736 I fwkit_ScreenStatusReceiver: notify subscriber.[ReportHmsDeviceinfo, SilentTrigger, ReleaseNetConnect, ContinueScreenOffRebootCore]
06-08 11:27:59.116 27736 17504 I fwkit_kStore_alNew_helper: minUpgradeInterval: 7
06-08 11:27:59.116 27736 17504 I fwkit_kStore_alNew_helper: upgrade check start time: 2022/6/10 12:00
06-08 11:27:59.116 27736 17504 I fwkit_kStore_alNew_trigger_upgrade: isVersionCheckMoreThan7Day: false
06-08 11:27:59.116 27736 17504 I fwkit_ReleaseNetConnect: remove evict message
06-08 11:27:59.116 27736 17504 I fwkit_ReleaseNetConnect: send evict message
06-08 11:27:59.116 27736 17504 I fwkit_kStore_dexopt_RebootCore: Screen off start reboot task
06-08 11:27:59.117   683  1463 I chatty  : uid=0(root) /system/bin/netd expire 1 line
06-08 11:27:59.119 27736 27736 I GameServiceBroadcast: [I/HwJos_log[6.5.0.301_product]/GameServiceBroadcast 27736:1 null:4] ScreenOperationBroadcastReceiver onReceiveMsg
06-08 11:27:59.119 27736 27736 I ScreenOperationBroadcastReceiver: [I/HwJos_log[6.5.0.301_product]/ScreenOperationBroadcastReceiver 27736:1 null:57] android.intent.action.SCREEN_OFF, has zero idle connection
06-08 11:27:59.121  2120  4215 I AodGmpConfigParser: parserThemeXml enter MODE_UI_ENHANCE
06-08 11:27:59.121  2120  4215 I AodGmpConfigParser: parserThemeXml() paraName :enable
06-08 11:27:59.121  2120  4215 I AodGmpConfigParser: other branch
06-08 11:27:59.121  2120  4215 I AodGmpConfigParser: parserThemeXml() paraName :gmp_lut_low32
06-08 11:27:59.122  2120  4215 I AodGmpConfigParser: parserThemeXml() paraName :gmp_lut_high4
06-08 11:27:59.123 27736 27736 I ScreenStatusBroadcastReceiver: [2022-06-08 11:27:59.123 I/LITE_SDK-ScreenStatusBroadcastReceiver] onReceive action : android.intent.action.SCREEN_OFF
06-08 11:27:59.123 27736 27736 I ScreenStatusBroadcastReceiver: [2022-06-08 11:27:59.123 I/LITE_SDK-ScreenStatusBroadcastReceiver] onScreenOff,report latency is:200s
06-08 11:27:59.123 27736 27736 I MSDPMovementServiceManager: [I/HwLocation/MSDPMovementServiceManager 27736:1 null:0] modify reportLatencyNs to:200000000000
06-08 11:27:59.123 27736 27736 I HwMSDPMovementManager: disableMovementEvent type = 0
06-08 11:27:59.129 27736 27736 I HwMSDPMovementManager: disableMovementEvent type = 0
06-08 11:27:59.133 27736 27736 I HwMSDPMovementManager: disableMovementEvent type = 0
06-08 11:27:59.138 27736 27736 I HwMSDPMovementManager: disableMovementEvent type = 0
06-08 11:27:59.139 27736 27736 I HwMSDPMovementManager: disableMovementEvent type = 0
06-08 11:27:59.141 27736 27736 I HwMSDPMovementManager: disableMovementEvent type = 0
06-08 11:27:59.144 27736 27736 I HwMSDPMovementManager: disableMovementEvent type = 0
06-08 11:27:59.146 27736 27736 I HwMSDPMovementManager: disableMovementEvent type = 0
06-08 11:27:59.149 27736 27736 I HwMSDPMovementManager: disableMovementEvent type = 0
06-08 11:27:59.152 27736 27736 I HwMSDPMovementManager: disableMovementEvent type = 0
06-08 11:27:59.155 27736 27736 I HwMSDPMovementManager: enableMovementEvent type =0
06-08 11:27:59.159 27736 27736 I HwMSDPMovementManager: enableMovementEvent type =0
06-08 11:27:59.164 27736 27736 I HwMSDPMovementManager: enableMovementEvent type =0
06-08 11:27:59.164 27736 11002 I MSDPMovementServiceManager: [I/HwLocation/MSDPMovementServiceManager 27736:144249 null:31] type is 0, latencyNs is 200000000000
06-08 11:27:59.165 27736 11002 I ActivityTransitionMappingManager: [I/HwLocation/ActivityTransitionMappingManager 27736:144249 null:4] compareReturnEventCache
06-08 11:27:59.165 27736 11002 I ActivityTransitionMappingManager: [I/HwLocation/ActivityTransitionMappingManager 27736:144249 null:81] movement android.activity_recognition.elevatoreventType 2
06-08 11:27:59.165 27736 11002 I ActivityTransitionMappingManager: [I/HwLocation/ActivityTransitionMappingManager 27736:144249 null:129] already report , remove it
06-08 11:27:59.165 27736 11002 I ActivityTransitionMappingManager: [I/HwLocation/ActivityTransitionMappingManager 27736:144249 null:0] sendActivityTransitionMappingInfo:requestList size:0
06-08 11:27:59.168 27736 27736 I HwMSDPMovementManager: enableMovementEvent type =0
06-08 11:27:59.173 27736 27736 I HwMSDPMovementManager: enableMovementEvent type =0
06-08 11:27:59.179 27736 27736 I HwMSDPMovementManager: enableMovementEvent type =0
06-08 11:27:59.181  2120  2503 I HWMW_HwMagicWindowManagerService: Handle screen off
06-08 11:27:59.181  2120  7639 I CMA_ALLOC_SCENE: CmaSceneParse: get SMEM_SCREEN_OFF_TYPE
06-08 11:27:59.182  2120  7639 I CMA_ALLOC_SCENE: device screen off, set smem pool
06-08 11:27:59.183  2120  7639 E CMA_ALLOC_SCENE: smem_pool_watermark doesn't exist!
06-08 11:27:59.184 27736 27736 I HwMSDPMovementManager: enableMovementEvent type =0
06-08 11:27:59.184 27736 11002 I MSDPMovementServiceManager: [I/HwLocation/MSDPMovementServiceManager 27736:144249 null:31] type is 0, latencyNs is 200000000000
06-08 11:27:59.184 27736 11002 I ActivityTransitionMappingManager: [I/HwLocation/ActivityTransitionMappingManager 27736:144249 null:4] compareReturnEventCache
06-08 11:27:59.184 27736 11002 I ActivityTransitionMappingManager: [I/HwLocation/ActivityTransitionMappingManager 27736:144249 null:81] movement android.activity_recognition.on_footeventType 2
06-08 11:27:59.184 27736 11002 I ActivityTransitionMappingManager: [I/HwLocation/ActivityTransitionMappingManager 27736:144249 null:129] already report , remove it
06-08 11:27:59.184 27736 11002 I ActivityTransitionMappingManager: [I/HwLocation/ActivityTransitionMappingManager 27736:144249 null:0] sendActivityTransitionMappingInfo:requestList size:0
06-08 11:27:59.188   735   792 I ArHal   : (ArDataNetlinkCb:942):cmd[2].length[240]
06-08 11:27:59.188   735   793 I AR_impl : able to onActivityChangedV1_1
06-08 11:27:59.188   735   793 I AR_impl : ActChangedCb end, pid[735]
06-08 11:27:59.188 27736 27736 I HwMSDPMovementManager: enableMovementEvent type =0
06-08 11:27:59.188   735   793 I AR_impl : ActChangedCb start count[10]
06-08 11:27:59.189 27736 11002 I MSDPMovementServiceManager: [I/HwLocation/MSDPMovementServiceManager 27736:144249 null:31] type is 0, latencyNs is 200000000000
06-08 11:27:59.189   735   793 I AR_impl : able to onActivityChangedV1_1
06-08 11:27:59.189   735   793 I AR_impl : ActChangedCb end, pid[735]
06-08 11:27:59.189  5279 21722 I HwNaturalBase: [Binder:5279_10]: Database monitor for dsPengineData is enabled, threshold: 300Mb, action: 0.
06-08 11:27:59.189  5279 21722 I HwNaturalBase: [Binder:5279_10]: dsPengineData's size is 14M.
06-08 11:27:59.189 27736 11002 I ActivityTransitionMappingManager: [I/HwLocation/ActivityTransitionMappingManager 27736:144249 null:4] compareReturnEventCache
06-08 11:27:59.190 27736 11002 I ActivityTransitionMappingManager: [I/HwLocation/ActivityTransitionMappingManager 27736:144249 null:81] movement android.activity_recognition.stilleventType 1
06-08 11:27:59.190   735   830 I AR_impl : enableActivityEvent activity[4], event[2] reportLatency[200000000000]ns
06-08 11:27:59.190   735   830 I ArHal   : (ArEnableActivityEvent:1553):activity[4] event[2] latency[200000000000 ns]
06-08 11:27:59.190   735   830 I ArHal   : (ArDataUpdateActivityEvent:522):update [10] events
06-08 11:27:59.190 27736 11002 I ActivityTransitionMappingManager: [I/HwLocation/ActivityTransitionMappingManager 27736:144249 null:129] already report , remove it
06-08 11:27:59.190 27736 11002 I ActivityTransitionMappingManager: [I/HwLocation/ActivityTransitionMappingManager 27736:144249 null:0] sendActivityTransitionMappingInfo:requestList size:0
06-08 11:27:59.190  5279 21722 I HwNaturalBase: [Binder:5279_10]: DataManager-0: DbEngine for dsPengineData is reopened.
06-08 11:27:59.191   735   830 I ArHal   : (ArDataEnableActivityEvent:727):successfully
06-08 11:27:59.191   735   830 I ArHal   : (ArDataGetState:1471):id[2]
06-08 11:27:59.191   735   792 I ArHal   : (ArDataNetlinkCb:942):cmd[2].length[240]
06-08 11:27:59.191   735   793 I AR_impl : ActChangedCb start count[10]
06-08 11:27:59.192   735   830 W ArHal   : (ArDataGetActivityIndex:248):invalid activity[31]
06-08 11:27:59.192   735   830 W ArHal   : (ArDataGetState:1502):unknown activity[31], discard
06-08 11:27:59.192   735   830 I AR_impl : enableActivityEvent end, pid[5279]
06-08 11:27:59.192   735   830 I ArHal   : (ArDataGetState:1471):id[2]
06-08 11:27:59.193   735   830 W ArHal   : (ArDataGetActivityIndex:248):invalid activity[31]
06-08 11:27:59.193   735   830 W ArHal   : (ArDataGetState:1502):unknown activity[31], discard
06-08 11:27:59.193 27736 27736 I HwMSDPMovementManager: enableMovementEvent type =0
06-08 11:27:59.193   735   793 I AR_impl : able to onActivityChangedV1_1
06-08 11:27:59.193   735   793 I AR_impl : ActChangedCb end, pid[735]
06-08 11:27:59.194   735   830 I AR_impl : enableActivityEvent activity[2], event[1] reportLatency[200000000000]ns
06-08 11:27:59.194   735   830 I ArHal   : (ArEnableActivityEvent:1553):activity[2] event[1] latency[200000000000 ns]
06-08 11:27:59.194   735   830 I ArHal   : (ArDataUpdateActivityEvent:522):update [10] events
06-08 11:27:59.194   735   830 I ArHal   : (ArDataEnableActivityEvent:727):successfully
06-08 11:27:59.194   735   830 I ArHal   : (ArDataGetState:1471):id[2]
06-08 11:27:59.195   735   830 W ArHal   : (ArDataGetActivityIndex:248):invalid activity[31]
06-08 11:27:59.195   735   830 W ArHal   : (ArDataGetState:1502):unknown activity[31], discard
06-08 11:27:59.195   735   830 I AR_impl : enableActivityEvent end, pid[5279]
06-08 11:27:59.196   735   830 I ArHal   : (ArDataGetState:1471):id[2]
06-08 11:27:59.197   735   792 I ArHal   : (ArDataNetlinkCb:942):cmd[2].length[240]
06-08 11:27:59.197   735   793 I AR_impl : ActChangedCb start count[10]
06-08 11:27:59.198   735   830 W ArHal   : (ArDataGetActivityIndex:248):invalid activity[31]
06-08 11:27:59.198   735   830 W ArHal   : (ArDataGetState:1502):unknown activity[31], discard
06-08 11:27:59.199 27736 27736 I HwMSDPMovementManager: enableMovementEvent type =0
06-08 11:27:59.199   735   793 I AR_impl : able to onActivityChangedV1_1
06-08 11:27:59.199   735   793 I AR_impl : ActChangedCb end, pid[735]
06-08 11:27:59.199   735   830 I AR_impl : enableActivityEvent activity[2], event[2] reportLatency[200000000000]ns
06-08 11:27:59.199   735   830 I ArHal   : (ArEnableActivityEvent:1553):activity[2] event[2] latency[200000000000 ns]
06-08 11:27:59.199   735   830 I ArHal   : (ArDataUpdateActivityEvent:522):update [10] events
06-08 11:27:59.200   735   830 I ArHal   : (ArDataEnableActivityEvent:727):successfully
06-08 11:27:59.200   735   830 I ArHal   : (ArDataGetState:1471):id[2]
06-08 11:27:59.201   735   830 W ArHal   : (ArDataGetActivityIndex:248):invalid activity[31]
06-08 11:27:59.201   735   830 W ArHal   : (ArDataGetState:1502):unknown activity[31], discard
06-08 11:27:59.201   735   830 I AR_impl : enableActivityEvent end, pid[5279]
06-08 11:27:59.202   735   830 I ArHal   : (ArDataGetState:1471):id[2]
06-08 11:27:59.202   735   792 I ArHal   : (ArDataNetlinkCb:942):cmd[2].length[240]
06-08 11:27:59.202   735   793 I AR_impl : ActChangedCb start count[10]
06-08 11:27:59.203   735   830 W ArHal   : (ArDataGetActivityIndex:248):invalid activity[31]
06-08 11:27:59.203   735   830 W ArHal   : (ArDataGetState:1502):unknown activity[31], discard
06-08 11:27:59.203 27736 27736 I ScreenStatusBroadcastReceiver: [2022-06-08 11:27:59.203 I/LITE_SDK-ScreenStatusBroadcastReceiver] screen off remove Messages
06-08 11:27:59.203 27736 27736 I ScreenStatusBroadcastReceiver: [2022-06-08 11:27:59.203 I/LITE_SDK-ScreenStatusBroadcastReceiver] sendEmptyMessageDelayed 5 seconds for screenOff. the result is : true
06-08 11:27:59.203 27736 11002 I MSDPMovementServiceManager: [I/HwLocation/MSDPMovementServiceManager 27736:144249 null:31] type is 0, latencyNs is 200000000000
06-08 11:27:59.204 27736 11002 I ActivityTransitionMappingManager: [I/HwLocation/ActivityTransitionMappingManager 27736:144249 null:4] compareReturnEventCache
06-08 11:27:59.204 27736 11002 I ActivityTransitionMappingManager: [I/HwLocation/ActivityTransitionMappingManager 27736:144249 null:81] movement android.activity_recognition.walkingeventType 2
06-08 11:27:59.204 27736 11002 I ActivityTransitionMappingManager: [I/HwLocation/ActivityTransitionMappingManager 27736:144249 null:129] already report , remove it
06-08 11:27:59.204 27736 11002 I ActivityTransitionMappingManager: [I/HwLocation/ActivityTransitionMappingManager 27736:144249 null:0] sendActivityTransitionMappingInfo:requestList size:0
06-08 11:27:59.204   735   793 I AR_impl : able to onActivityChangedV1_1
06-08 11:27:59.204   735   793 I AR_impl : ActChangedCb end, pid[735]
06-08 11:27:59.211  1085  1085 I Sensors@1.2-impl: activate-3 enabled-0 fwkOals-1 camOals-0 fwkOcolor-0 camOcolor-0 fwkOtof-0 camOtof-0
06-08 11:27:59.211  1085  1085 I Sensors@1.2-impl: IsOpenNeedUpdate: service: 2120, sensor: 3, open: 0, openCnt: 1
06-08 11:27:59.211  1085  1085 I Sensors@1.2-impl: SetTotalOpenCnt: sensor: 3 has been close, erase it's map
06-08 11:27:59.211  1085  1085 I Sensors@1.2-impl: EraseSensorConfig: sensor: 3
06-08 11:27:59.211  1085  1085 I Sensors@1.2-impl: EraseSensorConfig: erase the config of sensorId: 3
06-08 11:27:59.211  1085  1085 I Sensors@1.2-impl: SetTotalOpenCnt: erase the config of sensorId: 3
06-08 11:27:59.211  1085  1085 I Sensors@1.2-impl: InitHidlSensorVal: reset cam als sensor val
06-08 11:27:59.212  1085  1085 I SensorHub: Activate, handle: 3, enabled:0, err: 0
06-08 11:27:59.213 27736 27736 I HMSFindNetworkCore_60400317_ScreenMonitor: [I/FindNetwork/HMSFindNetworkCore_60400317_ScreenMonitor 27736:1 null:2] action:android.intent.action.SCREEN_OFF
06-08 11:27:59.213 27736 27736 I HMSFindNetworkCore_60400317_OtaUpgradeControl: [I/FindNetwork/HMSFindNetworkCore_60400317_OtaUpgradeControl 27736:1 null:2] removeNextUpdateTask
06-08 11:27:59.213 27736 27736 I HMSFindNetworkCore_60400317_OfflineDeviceReportManager: [I/FindNetwork/HMSFindNetworkCore_60400317_OfflineDeviceReportManager 27736:1 null:2] onScreenOff
06-08 11:27:59.218  2120  4215 I HwAodManagerService: handleGMPDataForNative mUseMultiGmp:false
06-08 11:27:59.218  2120  4215 I HwAodManagerService: Aod Service is resume now!
06-08 11:27:59.218  2120  4215 I HwAodManagerService: Runnable for resume start!
06-08 11:27:59.218  2120  4215 I HwAodManagerService: setBitmapByMemoryFileInner enter. fileSize = 3957120
06-08 11:27:59.221  2120  4215 I HwAodManagerService: setBitmapByMemoryFileInner read succeed. length =  3957120
06-08 11:27:59.226 26721 27062 D HwWifiStatStore: updateScreen : false
06-08 11:27:59.227  2120  4215 I HwAodManagerService: handleFingerCachedResources mFingerAreaBufferSize is 73728, mFingerAreaBitmapNum: 4
06-08 11:27:59.227  2120  4215 I HwAodManagerService: setBitmapByMemoryFileInner result:0
06-08 11:27:59.228 26721 27062 I WifiStatController: not need report or sync
06-08 11:27:59.233 26721 26721 E CHR_ChrNetwork: nsaNotToNrProc enter
06-08 11:27:59.235 26721 26721 I chatty  : uid=1000(system) com.huawei.hiview identical 3 lines
06-08 11:27:59.276   777  1714 I asd_out_fwk: L = [0], R = [0], continus 20 times, Device = 0x2
06-08 11:27:59.286 21730 21730 I ProcessUtil: [I/HMSCore/ProcessUtil 21730:1 SourceFile:2] Process = com.huawei.hwid.container1
06-08 11:27:59.286 21730 21730 I ScreenOffBroadcastReceiver: [I/HMSCore/ScreenOffBroadcastReceiver 21730:1 SourceFile:1] Receive ScreenOffBroadcastReceiver, process name:com.huawei.hwid.container1
06-08 11:27:59.286 21730 21730 I ProcessUtil: [I/HMSCore/ProcessUtil 21730:1 SourceFile:2] Process = com.huawei.hwid.container1
06-08 11:27:59.287 21730 21730 I ProcessUtil: [I/HMSCore/ProcessUtil 21730:1 SourceFile:2] Process = com.huawei.hwid.container1
06-08 11:27:59.287 21730 21730 I ScreenOffBroadcastReceiver: [I/HMSCore/ScreenOffBroadcastReceiver 21730:1 SourceFile:8] Receive ScreenOffBroadcastReceiver end
06-08 11:27:59.291 21730 21730 I ScreenStatusBroadcastReceiver: [2022-06-08 11:27:59.289 I/LITE_SDK-ScreenStatusBroadcastReceiver] onReceive action : android.intent.action.SCREEN_OFF
06-08 11:27:59.291 21730 21730 I ScreenStatusBroadcastReceiver: [2022-06-08 11:27:59.291 I/LITE_SDK-ScreenStatusBroadcastReceiver] onScreenOff,report latency is:200s
06-08 11:27:59.292 21730 21730 I ScreenStatusBroadcastReceiver: [2022-06-08 11:27:59.291 I/LITE_SDK-ScreenStatusBroadcastReceiver] screen off remove Messages
06-08 11:27:59.292 21730 21730 I ScreenStatusBroadcastReceiver: [2022-06-08 11:27:59.292 I/LITE_SDK-ScreenStatusBroadcastReceiver] sendEmptyMessageDelayed 5 seconds for screenOff. the result is : true
06-08 11:27:59.299 22990 22990 I ProcessUtil: [I/HMSCore/ProcessUtil 22990:1 SourceFile:2] Process = com.huawei.hwid.container3
06-08 11:27:59.299 22990 22990 I ScreenOffBroadcastReceiver: [I/HMSCore/ScreenOffBroadcastReceiver 22990:1 SourceFile:1] Receive ScreenOffBroadcastReceiver, process name:com.huawei.hwid.container3
06-08 11:27:59.299 22990 22990 I ProcessUtil: [I/HMSCore/ProcessUtil 22990:1 SourceFile:2] Process = com.huawei.hwid.container3
06-08 11:27:59.300 22990 22990 I ProcessUtil: [I/HMSCore/ProcessUtil 22990:1 SourceFile:2] Process = com.huawei.hwid.container3
06-08 11:27:59.300 22990 22990 I ScreenOffBroadcastReceiver: [I/HMSCore/ScreenOffBroadcastReceiver 22990:1 SourceFile:8] Receive ScreenOffBroadcastReceiver end
06-08 11:27:59.333  2120  4215 W ContextImpl: Calling a method in the system process without a qualified user: android.app.ContextImpl.startService:3258364 com.huawei.aod.HwAodManagerService.releaseAodWakeLock:3671768 com.huawei.aod.HwAodManagerService.lambda$configAndStart$3$HwAodManagerService:3852848 android.os.Handler.handleCallback:6136408 android.os.Handler.dispatchMessage:6246260 
06-08 11:27:59.340  2120  2518 I PowerManagerService: handleSandman: wakefulness: 0,startDreaming: false
06-08 11:27:59.391 25917 25917 I ProcessUtil: [I/HMSCore/ProcessUtil 25917:1 SourceFile:2] Process = com.huawei.hwid.persistent
06-08 11:27:59.391 25917 25917 I ScreenOffBroadcastReceiver: [I/HMSCore/ScreenOffBroadcastReceiver 25917:1 SourceFile:1] Receive ScreenOffBroadcastReceiver, process name:com.huawei.hwid.persistent
06-08 11:27:59.391 25917 25917 I ProcessUtil: [I/HMSCore/ProcessUtil 25917:1 SourceFile:2] Process = com.huawei.hwid.persistent
06-08 11:27:59.391 25917 25917 I ProcessUtil: [I/HMSCore/ProcessUtil 25917:1 SourceFile:2] Process = com.huawei.hwid.persistent
06-08 11:27:59.392 25917 25917 I ScreenOffBroadcastReceiver: [I/HMSCore/ScreenOffBroadcastReceiver 25917:1 SourceFile:8] Receive ScreenOffBroadcastReceiver end
06-08 11:27:59.412 26019 26019 I ProcessUtil: [I/HMSCore/ProcessUtil 26019:1 SourceFile:2] Process = com.huawei.hwid.core
06-08 11:27:59.412 26019 26019 I ScreenOffBroadcastReceiver: [I/HMSCore/ScreenOffBroadcastReceiver 26019:1 SourceFile:1] Receive ScreenOffBroadcastReceiver, process name:com.huawei.hwid.core
06-08 11:27:59.413 26019 26019 I ProcessUtil: [I/HMSCore/ProcessUtil 26019:1 SourceFile:2] Process = com.huawei.hwid.core
06-08 11:27:59.413 26019 26019 I ProcessUtil: [I/HMSCore/ProcessUtil 26019:1 SourceFile:2] Process = com.huawei.hwid.core
06-08 11:27:59.413 26019 26019 I ScreenOffBroadcastReceiver: [I/HMSCore/ScreenOffBroadcastReceiver 26019:1 SourceFile:8] Receive ScreenOffBroadcastReceiver end
06-08 11:27:59.440 26019 26019 I fwkit_sic_Receiver: [I/fwkit/fwkit_sic_Receiver 26019:1 ScreenOnOffReceiver.java:25] onReceiveMsg
06-08 11:27:59.475 26019 26019 I HiAdKit.DC.SystemUtil:  isDeviceProvisioned: true
06-08 11:27:59.477  2120  6326 E HwResolverManager: Could not found app: com.huawei.pcassistant
06-08 11:27:59.477 26019 26019 I HiAdKit.DC.ACREntry:  oobe: false
06-08 11:27:59.478 26019 26019 I HiAdKit.DC.DC.PPSApiServiceManager:  bindService 1654658879478
06-08 11:27:59.480 26019 26019 I fwkit_kams: [I/fwkit/fwkit_kams 26019:1 KAMSServiceController.java:710] Kit ComponentName: {com.huawei.hwid/com.huawei.android.hms.ppskit.PpsCoreService}
06-08 11:27:59.482 26019 26019 W fwkit_kims: [W/fwkit/fwkit_kims 26019:1 KIMSServiceController.java:807] no valid componentInfo
06-08 11:27:59.482 26019 26019 W fwkit_kims: [W/fwkit/fwkit_kims 26019:1 KIMSServiceController.java:371] no ComponentInfo in DB: ComponentInfo{com.huawei.hwid/com.huawei.android.hms.ppskit.PpsCoreService}
06-08 11:27:59.482 26019 26019 W fwkit_kims: [W/fwkit/fwkit_kims 26019:1 KIMSServiceController.java:1824] no ReceiverInfo. type
06-08 11:27:59.482 26019 26019 W fwkit_kams: [W/fwkit/fwkit_kams 26019:1 KAMSServiceController.java:729] [getComponentIntent] failed! {com.huawei.hwid/com.huawei.android.hms.ppskit.PpsCoreService} not found.
06-08 11:27:59.491 26019 26019 I HiAdKit.DC.DC.PPSApiServiceManager:  bind service result: true
06-08 11:27:59.492 25917 25917 I HiAdKit.PpsCoreService:  service onCreate
06-08 11:27:59.495 25917 17508 I HiAd    :  
06-08 11:27:59.495 25917 17508 I HiAd    : ============================================================================
06-08 11:27:59.495 25917 17508 I HiAd    : ====== HiAd-3.4.53.302
06-08 11:27:59.495 25917 17508 I HiAd    : ====== Brand: HUAWEI Model: VOG-AL10 Release: 10 API: 29
06-08 11:27:59.495 25917 17508 I HiAd    : ============================================================================
06-08 11:27:59.495 25917 17510 I HiAdKit.ServerConfig:  init begin
06-08 11:27:59.495 25917 17508 W HiAdKit.ReflectAPI:  class not found for com.huawei.hms.support.log.KitLog
06-08 11:27:59.496 25917 17509 E FileLogNode: Failed to initialize the file logger.
06-08 11:27:59.498 25917 17510 I NetworkSdk_CountryCodeBean: [I/HMSCore/NetworkSdk_CountryCodeBean 25917:173666 SourceFile:1] PPS-Net-pool-thread-28|null|com.huawei.hms.framework.network.grs.local.model.CountryCodeBean|getVendorCountryCode|39|countryCode by ro.hw.country is: cn
06-08 11:27:59.498 25917 17510 I NetworkSdk_CountryCodeBean: [I/HMSCore/NetworkSdk_CountryCodeBean 25917:173666 SourceFile:1] PPS-Net-pool-thread-28|null|com.huawei.hms.framework.network.grs.local.model.CountryCodeBean|init|15|get issue_country code from VENDOR_COUNTRY
06-08 11:27:59.506 26019 26019 I HiAdKit.DC.DC.PPSApiServiceManager:  PPS remote service connected 1654658879506
06-08 11:27:59.509 25917 17513 I HiAdKit.PpsCoreService:  isCmdAllowAccess crom: true permitRegion: 1
06-08 11:27:59.509 25917 17513 I HiAdKit.PpsCoreService:  call method: reportConsent
06-08 11:27:59.509 25917 17513 I HiAdKit.PpsCoreService:  callerPkg: com.huawei.hwid
06-08 11:27:59.538 26019 26019 I HwidScreenStatusChangeReceiver: [I/HwID_APK_log[6.5.0.312|6.5.0.301] [SDK 6.5.0.301]com.huawei.hwid.core/HwidScreenStatusChangeReceiver 26019:1 HwidScreenStatusChangeReceiver.java:35] onReceiveMsg
06-08 11:27:59.539 26019 26019 I HwidScreenStatusChangeReceiver: [I/HwID_APK_log[6.5.0.312|6.5.0.301] [SDK 6.5.0.301]com.huawei.hwid.core/HwidScreenStatusChangeReceiver 26019:1 HwidScreenStatusChangeReceiver.java:55] postScreenOffDelayHandle, process name:com.huawei.hwid.core
06-08 11:27:59.539 26019 26019 I HwidScreenStatusChangeReceiver: [I/HwID_APK_log[6.5.0.312|6.5.0.301] [SDK 6.5.0.301]com.huawei.hwid.core/HwidScreenStatusChangeReceiver 26019:1 HwidScreenStatusChangeReceiver.java:83] sendEmptyMessageDelayed 5 seconds for screenOff. the result is : true
06-08 11:27:59.543 26019 26019 I fwkit_ScreenStatusReceiver: notify subscriber.[ReportHmsDeviceinfo, SilentTrigger, ReleaseNetConnect, ContinueScreenOffRebootCore]
06-08 11:27:59.544 26019 17515 I fwkit_ReleaseNetConnect: remove evict message
06-08 11:27:59.544 26019 17515 I fwkit_ReleaseNetConnect: send evict message
06-08 11:27:59.544 26019 17515 I fwkit_kStore_dexopt_RebootCore: Screen off start reboot task
06-08 11:27:59.545 26019 17516 I fwkit_kStore_alNew_helper: minUpgradeInterval: 7
06-08 11:27:59.545 26019 17516 I fwkit_kStore_alNew_helper: upgrade check start time: 2022/6/13 12:00
06-08 11:27:59.545 26019 17516 I fwkit_kStore_alNew_trigger_upgrade: isVersionCheckMoreThan7Day: false
06-08 11:27:59.563 26019 26019 I ScreenStatusBroadcastReceiver: [2022-06-08 11:27:59.563 I/LITE_SDK-ScreenStatusBroadcastReceiver] onReceive action : android.intent.action.SCREEN_OFF
06-08 11:27:59.564 26019 26019 I ScreenStatusBroadcastReceiver: [2022-06-08 11:27:59.564 I/LITE_SDK-ScreenStatusBroadcastReceiver] onScreenOff,report latency is:200s
06-08 11:27:59.564 26019 26019 I ScreenStatusBroadcastReceiver: [2022-06-08 11:27:59.564 I/LITE_SDK-ScreenStatusBroadcastReceiver] screen off remove Messages
06-08 11:27:59.564 26019 26019 I ScreenStatusBroadcastReceiver: [2022-06-08 11:27:59.564 I/LITE_SDK-ScreenStatusBroadcastReceiver] sendEmptyMessageDelayed 5 seconds for screenOff. the result is : true
06-08 11:27:59.567  2120  2518 I PowerManagerService: handleSandman: wakefulness: 0,startDreaming: false
06-08 11:27:59.581 23590 23590 I MediaLibraryService: screen status receiver action android.intent.action.SCREEN_OFF
06-08 11:27:59.582 23590 23590 I MediaLibraryService: notifyScreenStateChanged false
06-08 11:27:59.583  2120  4934 I AlarmManager: remove alarm:Alarm{67a22e1 type 2 when 2365148580 PendingIntent{6805b41: PendingIntentRecord{67c4ad5 com.tencent.mm broadcastIntent}}com.tencent.mm procName com.tencent.mm:push} according to operation:63eb179
06-08 11:27:59.585   777 16164 D AudioPolicyService: getUidState(10014) !cacheIter->second.first, return PROCESS_STATE_UNKNOWN
06-08 11:27:59.585  2120  2518 I PowerManagerService: handleSandman: wakefulness: 0,startDreaming: false
06-08 11:27:59.591 23590 23590 D MediaLibraryService: create MediaLibraryService android.app.Application@b9ff2f7
06-08 11:27:59.593  2120  4934 D SmartHeartBeat: isPendingAlarm, false, pkg:com.android.deskclock, action:com.android.deskclock.ALARM_ALERT,not pending alarm with AlarmClockInfo
06-08 11:27:59.595   777 16164 D AudioPolicyService: getUidState(10014) !cacheIter->second.first, return PROCESS_STATE_UNKNOWN
06-08 11:27:59.601 23590 17518 I MediaLibraryServiceCore: handleScreenStatusChange false
06-08 11:27:59.611   777 16164 D AudioPolicyService: getUidState(10031) !cacheIter->second.first, return PROCESS_STATE_UNKNOWN
06-08 11:27:59.612 25365  8757 I mars::stn: [longlink_connect_monitor.cc:470, OnHeartbeatAlarmSet]:longlink_progress on_heartbeat_set, time: 2365139701, time interval:210000
06-08 11:27:59.613 10459 10459 I HiBoard_12.0.5.321_ScreenReceiver: onReceive action android.intent.action.SCREEN_OFF
06-08 11:27:59.613 10459 10459 I HiBoard_12.0.5.321_ScreenOffManager: updateScreenOffObservers
06-08 11:27:59.616  2120  6256 I NetworkStats: openSessionForUsageStats, pid = 25189, pkg = com.tencent.mm
06-08 11:27:59.616  2120  6256 I NetworkStats: openSessionInternal, pid = 25189 pkg = com.tencent.mm
06-08 11:27:59.616  2120  6256 I NetworkStats: performPollLocked, pid = 2120
06-08 11:27:59.617  2120  2518 I PowerManagerService: handleSandman: wakefulness: 0,startDreaming: false
06-08 11:27:59.623 30643 30643 I HiDecision: BusinessBroadcastReceiver: the action is android.intent.action.SCREEN_OFF
06-08 11:27:59.625 30643 31416 I HiDecision: DfEventConsumer: Handle business event android.intent.action.SCREEN_OFF
06-08 11:27:59.625 30643 31416 I HiDecision: p: activate decisionflows
06-08 11:27:59.625 30643 31416 I HiDecision: p: activate active instance num:7
06-08 11:27:59.627   777 16164 D AudioPolicyService: getUidState(10031) !cacheIter->second.first, return PROCESS_STATE_UNKNOWN
06-08 11:27:59.627 30643 32069 I HiDecision: RuleEngineSession: All rules exist in memory for android.intent.action.SCREEN_OFF
06-08 11:27:59.630 30643 32069 I HiDecision: Statistics: interval less than one day with last task
06-08 11:27:59.630 23590 17518 I MediaLibraryServiceCore: Increase local version, new value 38547, reason local screen off
06-08 11:27:59.630 30643 32069 I HiDecision: OdmfCollectScheduler: post delayed unsubscribe odmf alarmService
06-08 11:27:59.632 30643 31416 W HiDecision: s: requestTemplateId is empty
06-08 11:27:59.632 30643 31416 I HiDecision: p: activate new instance num:0
06-08 11:27:59.632 30643 31416 I HiDecision: DecisionflowInstance: decisionflow instance DecisionflowInstance(enter_2x4GuideCardScene_instanceId92dcs1) execute
06-08 11:27:59.632 30643 31416 I HiDecision: DecisionflowInstance: decisionflow instance DecisionflowInstance(enter_springFestivalGalaScene_instanceId34434d) execute
06-08 11:27:59.632 30643 31416 I HiDecision: DecisionflowInstance: decisionflow instance DecisionflowInstance(enter_newsScene_instanceIdd3db88) execute
06-08 11:27:59.632 30643 31416 I HiDecision: DecisionflowInstance: decisionflow instance DecisionflowInstance(enter_jumpToSettingsScene_instanceId34434d) execute
06-08 11:27:59.632 30643 31416 I HiDecision: DecisionflowInstance: decisionflow instance DecisionflowInstance(enter_winterOlympics_instanceIdd3db88) execute
06-08 11:27:59.632 30643 31416 I HiDecision: DecisionflowInstance: decisionflow instance DecisionflowInstance(enter_beforeBedtimeScene_instanceId1fe6f0) execute
06-08 11:27:59.632 30643 31012 I HiDecision: DecisionflowInstance: decisionflow instance DecisionflowInstance(enter_lowBatteryScene_instanceId34dd36) execute
06-08 11:27:59.637 30643 32069 I HiDecision: RuleEngineSession: fire cost time = 10
06-08 11:27:59.665 17519 17519 I chatty  : uid=0(root) expire 2 lines
06-08 11:27:59.673  1112 24054 E FusionD : (FdMsgProcessing:965):Msg Id is invalid!
06-08 11:27:59.673  1112 24054 W FusionD : (FdOnLbsMsg:977):Maybe gnss has not start.
06-08 11:27:59.673  1112 24054 I FusionD : (sendScreenState:170):FusdLbs: sendScreenState.
06-08 11:27:59.674 16998 17032 E HwHigeoManager: sendHigeoData final type = 0, result = true
06-08 11:27:59.676   777  1714 I asd_out_fwk: L = [0], R = [0], continus 20 times, Device = 0x2
06-08 11:27:59.677 17520 17520 I chatty  : uid=0(root) expire 2 lines
06-08 11:27:59.684 17205 17205 I ProcessUtil: [I/HMSCore/ProcessUtil 17205:1 SourceFile:2] Process = com.huawei.hwid.container3
06-08 11:27:59.685 17205 17205 I ScreenOffBroadcastReceiver: [I/HMSCore/ScreenOffBroadcastReceiver 17205:1 SourceFile:1] Receive ScreenOffBroadcastReceiver, process name:com.huawei.hwid.container3
06-08 11:27:59.685 17205 17205 I ProcessUtil: [I/HMSCore/ProcessUtil 17205:1 SourceFile:2] Process = com.huawei.hwid.container3
06-08 11:27:59.687 17205 17205 I ProcessUtil: [I/HMSCore/ProcessUtil 17205:1 SourceFile:2] Process = com.huawei.hwid.container3
06-08 11:27:59.687 17205 17205 I ScreenOffBroadcastReceiver: [I/HMSCore/ScreenOffBroadcastReceiver 17205:1 SourceFile:8] Receive ScreenOffBroadcastReceiver end
06-08 11:27:59.688  2120  4934 V BroadcastQueue: Finished with ordered broadcast BroadcastRecord{625c541 u-1 android.intent.action.SCREEN_OFF}
06-08 11:27:59.694  2120  2518 I PowerManagerService: handleSandman: wakefulness: 0,startDreaming: false
06-08 11:27:59.695  2120  2518 I PowerManagerService: handleSandman: wakefulness: 0,startDreaming: false
06-08 11:27:59.697  2120  6256 I HwNetworkStatsServiceEx: hwRecordUidAndProcSnapshotLocked currentTime = 1654658878771
06-08 11:27:59.715  2120  6256 I HwNetworkManagementService: request swap success.
06-08 11:27:59.789 23590 17518 I MediaLibraryThreadPool: afterExecute com.huawei.media.medialibrary.MediaLibraryThreadPool$ScreenStatusTask@6551e53, 1, getActiveCount 1
06-08 11:27:59.789 23590 17518 I MediaLibraryService: stopSelfIfNecessary startId:1, startIds size 0
06-08 11:27:59.799  2120  6256 I HwNetworkStatsServiceEx: hwMaybeUidAndProcPersistLocked currentTime = 1654658878771
06-08 11:27:59.838  2120  6256 I NetworkStatsCollection: getSummary, uid = 1000stats size = 28
06-08 11:27:59.838  2120  6256 I NetworkStatsCollection: getSummary, uid = 1000stats size = 28
06-08 11:27:59.838  2120  6256 I NetworkStatsCollection: getSummary, uid = 1000stats size = 622
06-08 11:27:59.842  2120  6256 I NetworkStatsCollection: getSummary, uid = 1000stats size = 28
06-08 11:27:59.842  2120  6256 I NetworkStatsCollection: getSummary, uid = 1000stats size = 28
06-08 11:27:59.843  2120  6256 I NetworkStatsCollection: getSummary, uid = 1000stats size = 622
06-08 11:27:59.852  2120  2518 I PowerManagerService: handleSandman: wakefulness: 0,startDreaming: false
06-08 11:27:59.853  2120  4934 I NetworkStats: getSummaryForAllUid, uid = 10182
06-08 11:28:00.010  2120  2131 I chatty  : uid=1000(system) reference-colle expire 1 line
06-08 11:28:00.075   777  1714 I asd_out_fwk: L = [0], R = [0], continus 20 times, Device = 0x2
06-08 11:28:00.086  2120  6256 D HwConnectivityServiceEx: set 10182 wlan0 value false
06-08 11:28:00.106   777 16164 D AudioPolicyService: getUidState(10165) cacheIter->second.first, return cacheIter->second.second(6)
06-08 11:28:00.187  2120  4934 I NetworkStatsCollection: getSummary, uid = 10182stats size = 1471
06-08 11:28:00.189  2120  4072 I NetworkStats: performPollLocked, pid = 2120
06-08 11:28:00.189  2120  2518 I PowerManagerService: handleSandman: wakefulness: 0,startDreaming: false
06-08 11:28:00.190  2120  6326 I NetworkStats: openSessionForUsageStats, pid = 25189, pkg = com.tencent.mm
06-08 11:28:00.192  2120  4934 I NetworkStats: getSummaryForAllUid, uid = 10182
06-08 11:28:00.218  2120  4072 I HwNetworkStatsServiceEx: hwRecordUidAndProcSnapshotLocked currentTime = 1654658879345
06-08 11:28:00.232  2120  4072 I HwNetworkManagementService: request swap success.
06-08 11:28:00.235  2120  4072 I NetworkStatsCollection: getSummary, uid = 1000stats size = 28
06-08 11:28:00.236 25189 25207 V PlayerBase: baseRelease() piid=58671 state=0
06-08 11:28:00.236  2120  4072 I NetworkStatsCollection: getSummary, uid = 1000stats size = 28
06-08 11:28:00.237  2120  4072 I NetworkStatsCollection: getSummary, uid = 1000stats size = 622
06-08 11:28:00.241  2120  4072 I NetworkStatsCollection: getSummary, uid = 1000stats size = 28
06-08 11:28:00.242  2120  4072 I NetworkStatsCollection: getSummary, uid = 1000stats size = 28
06-08 11:28:00.242  2120  4072 I NetworkStatsCollection: getSummary, uid = 1000stats size = 622
06-08 11:28:00.253  2120  4934 I NetworkStatsCollection: getSummary, uid = 10182stats size = 1471
06-08 11:28:00.253  2120  2518 I PowerManagerService: handleSandman: wakefulness: 0,startDreaming: false
06-08 11:28:00.319  2120  6326 W ProcBatteryStats: timer is running , not start, name: com.tencent.mm, uid: 10182, tag: PlatformComm
06-08 11:28:00.319  2120  2518 I PowerManagerService: handleSandman: wakefulness: 0,startDreaming: false
06-08 11:28:00.476   777  1714 I asd_out_fwk: L = [0], R = [0], continus 20 times, Device = 0x2
06-08 11:28:00.661  1066  2725 E Thermal-daemon:ambient: UpdateAmbientInformation: devCurrent 100, last_avg_current -249, clear history input array
06-08 11:28:00.876   777  1714 I asd_out_fwk: L = [0], R = [0], continus 20 times, Device = 0x2
06-08 11:28:00.891  4549  6484 I chatty  : uid=1000(system) memoryRecovery expire 1 line
06-08 11:28:00.896   683  2809 I chatty  : uid=0(root) Binder:683_7 expire 16 lines
06-08 11:28:00.912  4549 17628 I chatty  : uid=1000(system) traffic stats expire 10 lines
06-08 11:28:00.600  2120  2518 I chatty  : uid=1000(system) PowerManagerSer identical 2 lines
06-08 11:28:00.699  2120  2518 I PowerManagerService: handleSandman: wakefulness: 0,startDreaming: false
06-08 11:28:01.009  2120  4934 V BroadcastQueue: Finished with ordered broadcast BroadcastRecord{6371a57 u0 null}
06-08 11:28:01.020 15445 15445 E encent.mm:tool: Invalid ID 0x00000000.
06-08 11:28:01.096   750 10903 I audio_hw_primary: [do_out_standby:283]: standby:0,stream_type:0,out_dev:0x2
06-08 11:28:01.113   750 10903 I audio_hw_primary: [select_devices:378]: ++ mode[0]
06-08 11:28:01.113   750 10903 I audio_hw_primary: [soundtrigger_standing:492]: wakeup path no need to open, standby is 1, mode is 0
06-08 11:28:01.113   750 10903 I audio_hw_primary: [select_path:264]: input_source_id 0, output_device_id 0
06-08 11:28:01.113   750 10903 I audio_hw_primary: [get_input_route_by_scene:106]: input_source_id 0, output_device_id 0
06-08 11:28:01.113   750 10903 W audio_custom: getConfigValue: open dts file failed! May not need in this case
06-08 11:28:01.113   750 10903 W audio_custom: record_effect_init: get record_algo_compatible failed, may not need
06-08 11:28:01.115   750 10903 I audio_hw_primary: [select_devices:397]: select_devices d:0x2 is:0 or:none ir:none id:0
06-08 11:28:01.115   750 10903 I smartpakit: [is_smartpa_status_need_change:186]: pa_manager->device=2, out_device=0, pa_manager->mode=0, mode=0, same_scene=0, on=0
06-08 11:28:01.115   750 10903 I smartpakit: [is_tty_mode:129]: is not tty mode
06-08 11:28:01.115   750 10903 I smartpakit: [is_mmi_mode_changed:147]: is not mmi mode
06-08 11:28:01.119  2120  2518 I PowerManagerService: handleSandman: wakefulness: 0,startDreaming: false
06-08 11:28:01.120   750 10903 I smartpa_chip_control: [smartpa_poweroff:147]: power off l(POWER_OFF_L) succ
06-08 11:28:01.120   750 10903 I spk_dev_interface: [soc_adsp_send_sync_cmd:266]: enter, in_size 0x14, out_size 0x0
06-08 11:28:01.121   750 10903 I audio_hw_primary: [soundtrigger_standing:492]: wakeup path no need to open, standby is 1, mode is 0
06-08 11:28:01.121   750 10903 I audio_hw_primary: [soundtrigger_standing:492]: wakeup path no need to open, standby is 1, mode is 0
06-08 11:28:01.121   750 10903 I audio_hw_primary: [apply_bt_wb_route:255]: apply_route BT-WBS:in_dev 0,mode 0
06-08 11:28:01.127   750 10903 I audio_pop: [pop_power_ctrl:463]: pop change S4_OL_SWITCH ENABLE dir 0
06-08 11:28:01.130   750 10903 I audio_pop: [pop_power_ctrl:463]: pop change S4_OR_SWITCH ENABLE dir 0
06-08 11:28:01.147   750 10903 I audio_pop: [pop_power_ctrl:463]: pop change PLAY48K_SWITCH ENABLE dir 0
06-08 11:28:01.156   750 10903 I smartpakit: [is_smartpa_status_need_change:186]: pa_manager->device=2, out_device=0, pa_manager->mode=0, mode=0, same_scene=0, on=1
06-08 11:28:01.156   750 10903 I smartpakit: [is_tty_mode:129]: is not tty mode
06-08 11:28:01.156   750 10903 I smartpakit: [is_mmi_mode_changed:147]: is not mmi mode
06-08 11:28:01.156   750 10903 I audio_hw_primary: [select_devices:426]: --
06-08 11:28:01.156   750 10903 I alg_chain: [remove_all_modules:305]: removing all 1 module(s)
