06-08 11:08:00.009  2120  2518 I chatty  : uid=1000(system) PowerManagerSer expire 35 lines
06-08 11:08:11.539  2120  6256 I chatty  : uid=1000(system) Binder:2120_18 expire 10 lines
06-08 11:08:13.518  2120 21596 I chatty  : uid=1000(system) MobileQosDetect expire 10 lines
06-08 11:08:29.274  4884  4954 I chatty  : uid=1000(system) OllieAwareThrea expire 10 lines
06-08 11:08:51.778  1065  1191 I storaged: storaged_t::event: storage_info refreshed.
06-08 11:08:53.554  2120 21596 I chatty  : uid=1000(system) MobileQosDetect expire 14 lines
06-08 11:08:58.781  2120  2518 I chatty  : uid=1000(system) PowerManagerSer expire 59 lines
06-08 11:09:03.070  2120  4099 I chatty  : uid=1000(system) Thread-6 expire 13 lines
06-08 11:09:03.070  2120  2499 I chatty  : uid=1000(system) HwActivityTaskM expire 13 lines
06-08 11:09:03.088  2120  6253 I chatty  : uid=1000(system) Binder:2120_17 expire 14 lines
06-08 11:09:04.094  2120  2609 I chatty  : uid=1000(system) Binder:2120_4 expire 10 lines
06-08 11:09:12.631  2120  4072 I chatty  : uid=1000(system) NetworkStats expire 18 lines
06-08 11:09:41.661  2120  2643 I chatty  : uid=1000(system) AlarmManager expire 12 lines
06-08 11:09:41.666  2120  6256 I chatty  : uid=1000(system) Binder:2120_18 expire 10 lines
06-08 11:09:51.779  1065  1191 I storaged: storaged_t::event: storage_info refreshed.
06-08 11:09:53.611  2120 21596 I chatty  : uid=1000(system) MobileQosDetect expire 15 lines
06-08 11:10:05.144  2120  4936 I chatty  : uid=1000(system) Binder:2120_C expire 10 lines
06-08 11:10:05.149  2120  6256 I chatty  : uid=1000(system) Binder:2120_18 expire 15 lines
06-08 11:10:06.104  2120  2643 I chatty  : uid=1000(system) AlarmManager expire 10 lines
06-08 11:10:06.115  2120  2518 I chatty  : uid=1000(system) PowerManagerSer expire 31 lines
06-08 11:10:06.138  2120  2609 I chatty  : uid=1000(system) Binder:2120_4 expire 10 lines
06-08 11:10:06.166  2120  4398 I chatty  : uid=1000(system) Binder:2120_5 expire 13 lines
06-08 11:10:29.277  4884  4954 I chatty  : uid=1000(system) OllieAwareThrea expire 66 lines
06-08 11:10:51.781  1065  1191 I storaged: storaged_t::event: storage_info refreshed.
06-08 11:10:53.671  2120 21596 I chatty  : uid=1000(system) MobileQosDetect expire 12 lines
06-08 11:11:00.015  2120  2609 I chatty  : uid=1000(system) Binder:2120_4 expire 13 lines
06-08 11:11:38.555  2120  2518 I chatty  : uid=1000(system) PowerManagerSer expire 111 lines
06-08 11:11:38.636  2120  2487 I chatty  : uid=1000(system) android.ui expire 23 lines
06-08 11:11:38.710  4330 28921 D HwCommandQueue: CommandQueue, set Launcher StatusBar Color
06-08 11:11:38.734  4330  4330 I RtgSchedEvent: current pid:4330 AppType:255
06-08 11:11:38.763  2120  2120 I chatty  : uid=1000(system) Binder:2120_15 expire 80 lines
06-08 11:11:38.801  2120  4398 I chatty  : uid=1000(system) Binder:2120_5 expire 20 lines
06-08 11:11:41.718  2120 21596 I chatty  : uid=1000(system) MobileQosDetect expire 11 lines
06-08 11:11:41.842  2120  2643 I chatty  : uid=1000(system) AlarmManager expire 14 lines
06-08 11:11:45.144  2120  4936 I chatty  : uid=1000(system) Binder:2120_C expire 16 lines
06-08 11:11:46.373  2120  2609 I chatty  : uid=1000(system) Binder:2120_4 expire 53 lines
06-08 11:11:49.731  2120  4097 I chatty  : uid=1000(system) LocationHander expire 10 lines
06-08 11:11:49.736  2120  4083 I chatty  : uid=1000(system) ConnectivityThr expire 54 lines
06-08 11:11:51.220  2120  4709 I chatty  : uid=1000(system) Binder:2120_8 expire 54 lines
06-08 11:11:51.782  1065  1191 I storaged: storaged_t::event: storage_info refreshed.
06-08 11:11:54.295  2120  2490 I chatty  : uid=1000(system) android.anim expire 47 lines
06-08 11:11:54.309 25189 25189 I RtgSchedEvent: current pid:25189 AppType:0
06-08 11:11:54.309 25189 25189 D ActivityThread: Won't deliver top position change in state=5
06-08 11:11:54.313  2120  2489 I chatty  : uid=1000(system) android.display expire 12 lines
06-08 11:11:54.324  4756  5224 I HwNetworkPolicyManager: getHwUidPolicy uid = 10182 policy = 0
06-08 11:11:54.327  4884  5124 I chatty  : uid=1000(system) smart_network_b expire 1 line
06-08 11:11:54.556  4330 29266 D HwCommandQueue: CommandQueue, set Launcher StatusBar Color
06-08 11:11:54.661 15375 15375 D ActivityThread: Attach thread to application
06-08 11:11:54.672 15393 15393 D ActivityThread: Attach thread to application
06-08 11:11:54.697 15375 15408 I ActivityThread: Init compatible state: true
06-08 11:11:54.701  2120  6253 I chatty  : uid=1000(system) Binder:2120_17 expire 18 lines
06-08 11:11:54.726 15393 15415 I ActivityThread: Init compatible state: true
06-08 11:11:54.758 15422 15422 D ActivityThread: Attach thread to application
06-08 11:11:54.801 15422 15442 I ActivityThread: Init compatible state: false
06-08 11:11:54.810 15422 15422 I LoadedApk: makePaths: outLibPaths=[/system/product/priv-app/GoogleServicesFramework/lib/arm64, /system/lib64:/hw_product/lib64:/system/product/lib64:/prets/lib64]
06-08 11:11:54.835 15375 15375 E LoadedApk: Unable to instantiate appComponentFactory
06-08 11:11:54.835 15375 15375 E LoadedApk: java.lang.ClassNotFoundException: Didn't find class "androidx.core.app.CoreComponentFactory" on path: DexPathList[[zip file "/data/app/com.tencent.mm-Vyx4E23RFlrCEU-qlGYvRA==/base.apk"],nativeLibraryDirectories=[/data/app/com.tencent.mm-Vyx4E23RFlrCEU-qlGYvRA==/lib/arm64, /data/app/com.tencent.mm-Vyx4E23RFlrCEU-qlGYvRA==/base.apk!/lib/arm64-v8a, /hw_product/app/HwEasyGo/HwEasyGo.apk!/lib/arm64-v8a, /system/lib64, /hw_product/lib64, /system/product/lib64, /prets/lib64]]
06-08 11:11:54.835 15375 15375 E LoadedApk: 	at dalvik.system.BaseDexClassLoader.findClass(BaseDexClassLoader.java:209)
06-08 11:11:54.835 15375 15375 E LoadedApk: 	at java.lang.ClassLoader.loadClass(ClassLoader.java:379)
06-08 11:11:54.835 15375 15375 E LoadedApk: 	at java.lang.ClassLoader.loadClass(ClassLoader.java:312)
06-08 11:11:54.835 15375 15375 E LoadedApk: 	at android.app.LoadedApk.createAppFactory(LoadedApk.java:270)
06-08 11:11:54.835 15375 15375 E LoadedApk: 	at android.app.LoadedApk.createOrUpdateClassLoaderLocked(LoadedApk.java:1005)
06-08 11:11:54.835 15375 15375 E LoadedApk: 	at android.app.LoadedApk.getClassLoader(LoadedApk.java:1129)
06-08 11:11:54.835 15375 15375 E LoadedApk: 	at android.app.LoadedApk.getResources(LoadedApk.java:1419)
06-08 11:11:54.835 15375 15375 E LoadedApk: 	at android.app.ContextImpl.createAppContext(ContextImpl.java:2662)
06-08 11:11:54.835 15375 15375 E LoadedApk: 	at android.app.ContextImpl.createAppContext(ContextImpl.java:2644)
06-08 11:11:54.835 15375 15375 E LoadedApk: 	at android.app.ActivityThread.handleBindApplication(ActivityThread.java:7452)
06-08 11:11:54.835 15375 15375 E LoadedApk: 	at android.app.ActivityThread.access$2600(ActivityThread.java:260)
06-08 11:11:54.835 15375 15375 E LoadedApk: 	at android.app.ActivityThread$H.handleMessage(ActivityThread.java:2435)
06-08 11:11:54.835 15375 15375 E LoadedApk: 	at android.os.Handler.dispatchMessage(Handler.java:110)
06-08 11:11:54.835 15375 15375 E LoadedApk: 	at android.os.Looper.loop(Looper.java:219)
06-08 11:11:54.835 15375 15375 E LoadedApk: 	at android.app.ActivityThread.main(ActivityThread.java:8668)
06-08 11:11:54.835 15375 15375 E LoadedApk: 	at java.lang.reflect.Method.invoke(Native Method)
06-08 11:11:54.835 15375 15375 E LoadedApk: 	at com.android.internal.os.RuntimeInit$MethodAndArgsCaller.run(RuntimeInit.java:513)
06-08 11:11:54.835 15375 15375 E LoadedApk: 	at com.android.internal.os.ZygoteInit.main(ZygoteInit.java:1109)
06-08 11:11:54.839 15393 15393 E LoadedApk: Unable to instantiate appComponentFactory
06-08 11:11:54.839 15393 15393 E LoadedApk: java.lang.ClassNotFoundException: Didn't find class "androidx.core.app.CoreComponentFactory" on path: DexPathList[[zip file "/data/app/com.tencent.mm-Vyx4E23RFlrCEU-qlGYvRA==/base.apk"],nativeLibraryDirectories=[/data/app/com.tencent.mm-Vyx4E23RFlrCEU-qlGYvRA==/lib/arm64, /data/app/com.tencent.mm-Vyx4E23RFlrCEU-qlGYvRA==/base.apk!/lib/arm64-v8a, /hw_product/app/HwEasyGo/HwEasyGo.apk!/lib/arm64-v8a, /system/lib64, /hw_product/lib64, /system/product/lib64, /prets/lib64]]
06-08 11:11:54.839 15393 15393 E LoadedApk: 	at dalvik.system.BaseDexClassLoader.findClass(BaseDexClassLoader.java:209)
06-08 11:11:54.839 15393 15393 E LoadedApk: 	at java.lang.ClassLoader.loadClass(ClassLoader.java:379)
06-08 11:11:54.839 15393 15393 E LoadedApk: 	at java.lang.ClassLoader.loadClass(ClassLoader.java:312)
06-08 11:11:54.839 15393 15393 E LoadedApk: 	at android.app.LoadedApk.createAppFactory(LoadedApk.java:270)
06-08 11:11:54.839 15393 15393 E LoadedApk: 	at android.app.LoadedApk.createOrUpdateClassLoaderLocked(LoadedApk.java:1005)
06-08 11:11:54.839 15393 15393 E LoadedApk: 	at android.app.LoadedApk.getClassLoader(LoadedApk.java:1129)
06-08 11:11:54.839 15393 15393 E LoadedApk: 	at android.app.LoadedApk.getResources(LoadedApk.java:1419)
06-08 11:11:54.839 15393 15393 E LoadedApk: 	at android.app.ContextImpl.createAppContext(ContextImpl.java:2662)
06-08 11:11:54.839 15393 15393 E LoadedApk: 	at android.app.ContextImpl.createAppContext(ContextImpl.java:2644)
06-08 11:11:54.839 15393 15393 E LoadedApk: 	at android.app.ActivityThread.handleBindApplication(ActivityThread.java:7452)
06-08 11:11:54.839 15393 15393 E LoadedApk: 	at android.app.ActivityThread.access$2600(ActivityThread.java:260)
06-08 11:11:54.839 15393 15393 E LoadedApk: 	at android.app.ActivityThread$H.handleMessage(ActivityThread.java:2435)
06-08 11:11:54.839 15393 15393 E LoadedApk: 	at android.os.Handler.dispatchMessage(Handler.java:110)
06-08 11:11:54.839 15393 15393 E LoadedApk: 	at android.os.Looper.loop(Looper.java:219)
06-08 11:11:54.839 15393 15393 E LoadedApk: 	at android.app.ActivityThread.main(ActivityThread.java:8668)
06-08 11:11:54.839 15393 15393 E LoadedApk: 	at java.lang.reflect.Method.invoke(Native Method)
06-08 11:11:54.839 15393 15393 E LoadedApk: 	at com.android.internal.os.RuntimeInit$MethodAndArgsCaller.run(RuntimeInit.java:513)
06-08 11:11:54.839 15393 15393 E LoadedApk: 	at com.android.internal.os.ZygoteInit.main(ZygoteInit.java:1109)
06-08 11:11:54.840  2120  2518 I chatty  : uid=1000(system) PowerManagerSer expire 66 lines
06-08 11:11:54.842 15445 15445 D ActivityThread: Attach thread to application
06-08 11:11:54.843  2120  2608 I chatty  : uid=1000(system) Binder:2120_3 expire 17 lines
06-08 11:11:54.868 15445 15469 I ActivityThread: Init compatible state: true
06-08 11:11:54.890 15422 15422 I ActivityThread: finishPreloaded preloadStatus 0
06-08 11:11:54.932 15445 15445 E LoadedApk: Unable to instantiate appComponentFactory
06-08 11:11:54.932 15445 15445 E LoadedApk: java.lang.ClassNotFoundException: Didn't find class "androidx.core.app.CoreComponentFactory" on path: DexPathList[[zip file "/data/app/com.tencent.mm-Vyx4E23RFlrCEU-qlGYvRA==/base.apk"],nativeLibraryDirectories=[/data/app/com.tencent.mm-Vyx4E23RFlrCEU-qlGYvRA==/lib/arm64, /data/app/com.tencent.mm-Vyx4E23RFlrCEU-qlGYvRA==/base.apk!/lib/arm64-v8a, /hw_product/app/HwEasyGo/HwEasyGo.apk!/lib/arm64-v8a, /system/lib64, /hw_product/lib64, /system/product/lib64, /prets/lib64]]
06-08 11:11:54.932 15445 15445 E LoadedApk: 	at dalvik.system.BaseDexClassLoader.findClass(BaseDexClassLoader.java:209)
06-08 11:11:54.932 15445 15445 E LoadedApk: 	at java.lang.ClassLoader.loadClass(ClassLoader.java:379)
06-08 11:11:54.932 15445 15445 E LoadedApk: 	at java.lang.ClassLoader.loadClass(ClassLoader.java:312)
06-08 11:11:54.932 15445 15445 E LoadedApk: 	at android.app.LoadedApk.createAppFactory(LoadedApk.java:270)
06-08 11:11:54.932 15445 15445 E LoadedApk: 	at android.app.LoadedApk.createOrUpdateClassLoaderLocked(LoadedApk.java:1005)
06-08 11:11:54.932 15445 15445 E LoadedApk: 	at android.app.LoadedApk.getClassLoader(LoadedApk.java:1129)
06-08 11:11:54.932 15445 15445 E LoadedApk: 	at android.app.LoadedApk.getResources(LoadedApk.java:1419)
06-08 11:11:54.932 15445 15445 E LoadedApk: 	at android.app.ContextImpl.createAppContext(ContextImpl.java:2662)
06-08 11:11:54.932 15445 15445 E LoadedApk: 	at android.app.ContextImpl.createAppContext(ContextImpl.java:2644)
06-08 11:11:54.932 15445 15445 E LoadedApk: 	at android.app.ActivityThread.handleBindApplication(ActivityThread.java:7452)
06-08 11:11:54.932 15445 15445 E LoadedApk: 	at android.app.ActivityThread.access$2600(ActivityThread.java:260)
06-08 11:11:54.932 15445 15445 E LoadedApk: 	at android.app.ActivityThread$H.handleMessage(ActivityThread.java:2435)
06-08 11:11:54.932 15445 15445 E LoadedApk: 	at android.os.Handler.dispatchMessage(Handler.java:110)
06-08 11:11:54.932 15445 15445 E LoadedApk: 	at android.os.Looper.loop(Looper.java:219)
06-08 11:11:54.932 15445 15445 E LoadedApk: 	at android.app.ActivityThread.main(ActivityThread.java:8668)
06-08 11:11:54.932 15445 15445 E LoadedApk: 	at java.lang.reflect.Method.invoke(Native Method)
06-08 11:11:54.932 15445 15445 E LoadedApk: 	at com.android.internal.os.RuntimeInit$MethodAndArgsCaller.run(RuntimeInit.java:513)
06-08 11:11:54.932 15445 15445 E LoadedApk: 	at com.android.internal.os.ZygoteInit.main(ZygoteInit.java:1109)
06-08 11:11:55.064  4330 28921 I HwCommandQueue: updateBarBgColor
06-08 11:11:55.064  4330 28921 D HwCommandQueue: CommandQueue, setBarBackgroundColor
06-08 11:11:55.067  4330 28921 D HwCommandQueue: CommandQueue, set Launcher StatusBar Color
06-08 11:11:56.328 25189 25189 I ViewRootImpl: dispatchDetachedFromWindow in doDie
06-08 11:11:56.334  2120  4099 I chatty  : uid=1000(system) Thread-6 expire 15 lines
06-08 11:11:56.341 25189 25189 V ActivityThread: callActivityOnCreate
06-08 11:11:56.402 25189 25189 D ActivityThread: add activity client record, r= ActivityRecord{57e7cc5 token=android.os.BinderProxy@6db9eee {com.tencent.mm/com.tencent.mm.ui.chatting.gallery.ImageGalleryUI}} token= android.os.BinderProxy@6db9eee
06-08 11:11:56.447  4330 18479 I HwCommandQueue: updateBarBgColor
06-08 11:11:56.447  4330 18479 D HwCommandQueue: CommandQueue, setBarBackgroundColor
06-08 11:11:56.448  4330 11988 D HwCommandQueue: CommandQueue, set Launcher StatusBar Color
06-08 11:11:56.478  4330 11988 D HwCommandQueue: CommandQueue, set Launcher StatusBar Color
06-08 11:11:56.782 15445 15445 D SystemConfig: Removed unavailable feature android.hardware.sensor.barometer
06-08 11:11:56.791 15445 15445 W SystemConfig: No directory /product_services/etc/sysconfig, skipping
06-08 11:11:56.791 15445 15445 W SystemConfig: No directory /product_services/etc/permissions, skipping
06-08 11:11:56.792 15445 15445 W SystemConfig: No directory /system/emui/base/sysconfig, skipping
06-08 11:11:56.793 15445 15445 W SystemConfig: No directory /system/emui/china/sysconfig, skipping
06-08 11:11:56.793 15445 15445 W SystemConfig: No directory /vendor/etc/sysconfig, skipping
06-08 11:11:56.795 15445 15445 D SystemConfig: Removed unavailable feature android.hardware.sensor.barometer
06-08 11:11:56.803 15445 15445 W SystemConfig: No directory /odm/cust/all/cn/sysconfig, skipping
06-08 11:11:56.803 15445 15445 W SystemConfig: No directory /odm/cust/all/cn/permissions, skipping
06-08 11:11:56.803 15445 15445 W SystemConfig: No directory /odm/etc/sysconfig, skipping
06-08 11:11:56.805 15445 15445 W SystemConfig: No directory /odm/etc/carrier/46003/sysconfig, skipping
06-08 11:11:56.806 15445 15445 W SystemConfig: No directory /odm/etc/carrier/46003/permissions, skipping
06-08 11:11:56.806 15445 15445 W SystemConfig: No directory /odm/hw_odm/VOG-AL10/sysconfig, skipping
06-08 11:11:56.806 15445 15445 W SystemConfig: No directory /odm/hw_odm/VOG-AL10/permissions, skipping
06-08 11:11:56.806 15445 15445 W SystemConfig: No directory /hw_product/etc/sysconfig, skipping
06-08 11:11:56.810 15445 15445 W SystemConfig: No directory /hw_product/etc/carrier/46003/sysconfig, skipping
06-08 11:11:56.810 15445 15445 W SystemConfig: No directory /hw_product/etc/carrier/46003/permissions, skipping
06-08 11:11:56.810 15445 15445 W SystemConfig: No directory /hw_product/region_comm/china/sysconfig, skipping
06-08 11:11:56.811 15445 15445 W SystemConfig: No directory /preas/china/sysconfig, skipping
06-08 11:11:56.820 15445 15445 W SystemConfig: No directory /hw_product/hw_oem/VOG-AL10/sysconfig, skipping
06-08 11:11:56.821 15445 15445 W SystemConfig: No directory /preload/VOG-AL10/all/cn/sysconfig, skipping
06-08 11:11:56.821 15445 15445 W SystemConfig: No directory /cust/global/sysconfig, skipping
06-08 11:11:56.822 15445 15445 W SystemConfig: No directory /cust/global/permissions, skipping
06-08 11:11:56.822 15445 15445 W SystemConfig: No directory /cust/global/carrier/46003/sysconfig, skipping
06-08 11:11:56.822 15445 15445 W SystemConfig: No directory /cust/global/carrier/46003/permissions, skipping
06-08 11:11:56.822 15445 15445 W SystemConfig: No directory /cust/hw/cn/sysconfig, skipping
06-08 11:11:56.822 15445 15445 W SystemConfig: No directory /cust/hw/cn/permissions, skipping
06-08 11:11:56.823 15445 15445 W SystemConfig: No directory /cust/hw/cn/carrier/46003/sysconfig, skipping
06-08 11:11:56.823 15445 15445 W SystemConfig: No directory /cust/hw/cn/carrier/46003/permissions, skipping
06-08 11:11:56.823 15445 15445 W SystemConfig: No directory /version/cust/all/cn/sysconfig, skipping
06-08 11:11:56.824 15445 15445 W SystemConfig: No directory /hw_product/special_cust/VOG-AL10/all/cn/sysconfig, skipping
06-08 11:11:56.825 15445 15445 W SystemConfig: No directory /hw_product/special_cust/VOG-AL10/all/cn/permissions, skipping
06-08 11:11:56.825 15445 15445 W SystemConfig: No directory /version/special_cust/VOG-AL10/all/cn/sysconfig, skipping
06-08 11:11:56.826 15445 15445 W SystemConfig: No directory /version/special_cust/VOG-AL10/all/cn/permissions, skipping
06-08 11:11:56.826 15445 15445 W SystemConfig: No directory /version/special_cust/VOG-AL10/all/cn/carrier/46003/sysconfig, skipping
06-08 11:11:56.826 15445 15445 W SystemConfig: No directory /version/special_cust/VOG-AL10/all/cn/carrier/46003/permissions, skipping
06-08 11:11:56.826 15445 15445 W SystemConfig: No directory /cust/cotalite/sysconfig, skipping
06-08 11:11:56.826 15445 15445 W SystemConfig: No directory /cust/cotalite/permissions, skipping
06-08 11:11:56.826 15445 15445 W SystemConfig: No directory /cust/ecota/sysconfig, skipping
06-08 11:11:56.826 15445 15445 W SystemConfig: No directory /cust/ecota/permissions, skipping
06-08 11:11:56.827 15445 15445 I HwCustSystemConfigImpl: start read overlay feature.
06-08 11:11:56.837 15445 15445 I HwCustSystemConfigImpl: overlay feature take effect.
06-08 11:11:56.972 15375 15375 I ActivityThread: finishPreloaded preloadStatus 0
06-08 11:11:57.083 15393 15393 I ActivityThread: finishPreloaded preloadStatus 0
06-08 11:11:57.590 15375 15558 D SystemConfig: Removed unavailable feature android.hardware.sensor.barometer
06-08 11:11:57.599 15375 15558 W SystemConfig: No directory /product_services/etc/sysconfig, skipping
06-08 11:11:57.599 15375 15558 W SystemConfig: No directory /product_services/etc/permissions, skipping
06-08 11:11:57.601 15375 15558 W SystemConfig: No directory /system/emui/base/sysconfig, skipping
06-08 11:11:57.602 15375 15558 W SystemConfig: No directory /system/emui/china/sysconfig, skipping
06-08 11:11:57.603 15375 15558 W SystemConfig: No directory /vendor/etc/sysconfig, skipping
06-08 11:11:57.608 15375 15558 D SystemConfig: Removed unavailable feature android.hardware.sensor.barometer
06-08 11:11:57.612 15375 15558 W SystemConfig: No directory /odm/cust/all/cn/sysconfig, skipping
06-08 11:11:57.612 15375 15558 W SystemConfig: No directory /odm/cust/all/cn/permissions, skipping
06-08 11:11:57.612 15375 15558 W SystemConfig: No directory /odm/etc/sysconfig, skipping
06-08 11:11:57.615 15375 15558 W SystemConfig: No directory /odm/etc/carrier/46003/sysconfig, skipping
06-08 11:11:57.615 15375 15558 W SystemConfig: No directory /odm/etc/carrier/46003/permissions, skipping
06-08 11:11:57.615 15375 15558 W SystemConfig: No directory /odm/hw_odm/VOG-AL10/sysconfig, skipping
06-08 11:11:57.615 15375 15558 W SystemConfig: No directory /odm/hw_odm/VOG-AL10/permissions, skipping
06-08 11:11:57.615 15375 15558 W SystemConfig: No directory /hw_product/etc/sysconfig, skipping
06-08 11:11:57.619 15375 15558 W SystemConfig: No directory /hw_product/etc/carrier/46003/sysconfig, skipping
06-08 11:11:57.619 15375 15558 W SystemConfig: No directory /hw_product/etc/carrier/46003/permissions, skipping
06-08 11:11:57.619 15375 15558 W SystemConfig: No directory /hw_product/region_comm/china/sysconfig, skipping
06-08 11:11:57.621 15375 15558 W SystemConfig: No directory /preas/china/sysconfig, skipping
06-08 11:11:57.631 15375 15558 W SystemConfig: No directory /hw_product/hw_oem/VOG-AL10/sysconfig, skipping
06-08 11:11:57.632 15375 15558 W SystemConfig: No directory /preload/VOG-AL10/all/cn/sysconfig, skipping
06-08 11:11:57.633 15375 15558 W SystemConfig: No directory /cust/global/sysconfig, skipping
06-08 11:11:57.633 15375 15558 W SystemConfig: No directory /cust/global/permissions, skipping
06-08 11:11:57.633 15375 15558 W SystemConfig: No directory /cust/global/carrier/46003/sysconfig, skipping
06-08 11:11:57.633 15375 15558 W SystemConfig: No directory /cust/global/carrier/46003/permissions, skipping
06-08 11:11:57.634 15375 15558 W SystemConfig: No directory /cust/hw/cn/sysconfig, skipping
06-08 11:11:57.634 15375 15558 W SystemConfig: No directory /cust/hw/cn/permissions, skipping
06-08 11:11:57.634 15375 15558 W SystemConfig: No directory /cust/hw/cn/carrier/46003/sysconfig, skipping
06-08 11:11:57.634 15375 15558 W SystemConfig: No directory /cust/hw/cn/carrier/46003/permissions, skipping
06-08 11:11:57.634 15375 15558 W SystemConfig: No directory /version/cust/all/cn/sysconfig, skipping
06-08 11:11:57.635 15375 15558 W SystemConfig: No directory /hw_product/special_cust/VOG-AL10/all/cn/sysconfig, skipping
06-08 11:11:57.635 15375 15558 W SystemConfig: No directory /hw_product/special_cust/VOG-AL10/all/cn/permissions, skipping
06-08 11:11:57.635 15375 15558 W SystemConfig: No directory /version/special_cust/VOG-AL10/all/cn/sysconfig, skipping
06-08 11:11:57.635 15375 15558 W SystemConfig: No directory /version/special_cust/VOG-AL10/all/cn/permissions, skipping
06-08 11:11:57.636 15375 15558 W SystemConfig: No directory /version/special_cust/VOG-AL10/all/cn/carrier/46003/sysconfig, skipping
06-08 11:11:57.636 15375 15558 W SystemConfig: No directory /version/special_cust/VOG-AL10/all/cn/carrier/46003/permissions, skipping
06-08 11:11:57.636 15375 15558 W SystemConfig: No directory /cust/cotalite/sysconfig, skipping
06-08 11:11:57.636 15375 15558 W SystemConfig: No directory /cust/cotalite/permissions, skipping
06-08 11:11:57.636 15375 15558 W SystemConfig: No directory /cust/ecota/sysconfig, skipping
06-08 11:11:57.636 15375 15558 W SystemConfig: No directory /cust/ecota/permissions, skipping
06-08 11:11:57.637 15375 15558 I HwCustSystemConfigImpl: start read overlay feature.
06-08 11:11:57.644 15375 15558 I HwCustSystemConfigImpl: overlay feature take effect.
06-08 11:11:58.160 15375 15375 D HwCustConnectivityManagerImpl: isBlockNetworkRequestByNonAis, INVALID_SUBSCRIPTION_ID
06-08 11:11:58.164 15375 15375 D HwCustConnectivityManagerImpl: isBlockNetworkRequestByNonAis, INVALID_SUBSCRIPTION_ID
06-08 11:11:58.165  2120  6256 I chatty  : uid=1000(system) Binder:2120_18 expire 1 line
06-08 11:11:58.859  2120  5300 I chatty  : uid=1000(system) Binder:2120_11 expire 15 lines
06-08 11:11:58.860  2120  4406 I chatty  : uid=1000(system) Binder:2120_7 expire 81 lines
06-08 11:11:58.916 15977 15977 D ActivityThread: Attach thread to application
06-08 11:11:58.926 15977 16001 I ActivityThread: Init compatible state: false
06-08 11:11:58.932 15977 15977 I LoadedApk: makePaths: outLibPaths=[/system/app/HwLBSService/lib/arm64, /system/app/HwLBSService/HwLBSService.apk!/lib/arm64-v8a, /system/lib64:/hw_product/lib64:/system/product/lib64:/prets/lib64]
06-08 11:11:58.963 15977 15977 I ActivityThread: finishPreloaded preloadStatus 0
06-08 11:11:58.984 15977 15977 W ContextImpl: Calling a method in the system process without a qualified user: android.app.ContextImpl.bindService:1777 android.content.ContextWrapper.bindService:705 com.huawei.android.powerkit.adapter.PowerKitApi.bindPowerKitService:108 com.huawei.android.powerkit.adapter.PowerKitApi.<init>:95 com.huawei.android.powerkit.HuaweiPowerKit.<init>:129 
06-08 11:11:59.010 15977 16034 W ContextImpl: Calling a method in the system process without a qualified user: android.app.ContextImpl.bindService:1777 android.content.ContextWrapper.bindService:705 com.huawei.lbs.hms.HwHmsManager.bindLocatorService:271 com.huawei.lbs.hms.HwHmsService$LocationWorkerHandler.handleMessage:1239 android.os.Handler.dispatchMessage:110 
06-08 11:11:59.056 15977 15977 W ContextImpl: Calling a method in the system process without a qualified user: android.app.ContextImpl.sendBroadcast:1183 android.content.ContextWrapper.sendBroadcast:453 com.huawei.lbs.HwLBSService.onCreate:88 android.app.ActivityThread.handleCreateService:4809 android.app.ActivityThread.access$3000:260 
06-08 11:11:59.059 15977 16070 W ContextImpl: Calling a method in the system process without a qualified user: android.app.ContextImpl.bindService:1777 android.content.ContextWrapper.bindService:705 com.huawei.msdp.movement.HwMSDPMovementManager.bindService:169 com.huawei.msdp.movement.HwMSDPMovementManager.connectService:203 com.huawei.lbs.HwNLPService.Support.HwNLPMSDPFunction.connectService:196 
06-08 11:11:59.285  2120  4398 I chatty  : uid=1000(system) Binder:2120_5 expire 11 lines
06-08 11:12:00.053 15445 15445 I ActivityThread: finishPreloaded preloadStatus 0
06-08 11:12:03.928  2120  2120 I chatty  : uid=1000(system) Binder:2120_15 expire 30 lines
06-08 11:12:04.039  4330  5557 D HwCommandQueue: CommandQueue, set Launcher StatusBar Color
06-08 11:12:04.040  4330  5557 D HwCommandQueue: CommandQueue, set Launcher StatusBar Color
06-08 11:12:12.857  4330 29266 I HwCommandQueue: updateBarBgColor
06-08 11:12:12.858  4330 29266 D HwCommandQueue: CommandQueue, setBarBackgroundColor
06-08 11:12:12.858  2120  5300 I chatty  : uid=1000(system) Binder:2120_11 expire 25 lines
06-08 11:12:12.859  4330 29266 D HwCommandQueue: CommandQueue, set Launcher StatusBar Color
06-08 11:12:12.865  4330 29266 D HwCommandQueue: CommandQueue, set Launcher StatusBar Color
06-08 11:12:12.876 25189 25189 D ActivityThread: Won't deliver top position change in state=4
06-08 11:12:12.882  2120  2489 I chatty  : uid=1000(system) android.display expire 10 lines
06-08 11:12:12.928  4884  4954 I chatty  : uid=1000(system) OllieAwareThrea expire 13 lines
06-08 11:12:13.120 25189 25189 D ActivityThread: Remove activity client record, r= ActivityRecord{57e7cc5 token=android.os.BinderProxy@6db9eee {com.tencent.mm/com.tencent.mm.ui.chatting.gallery.ImageGalleryUI}} token= android.os.BinderProxy@6db9eee
06-08 11:12:13.120 25189 25189 I ViewRootImpl: dispatchDetachedFromWindow in doDie
06-08 11:12:13.121  2120  2609 I chatty  : uid=1000(system) Binder:2120_4 expire 19 lines
06-08 11:12:13.749  2120  4083 I chatty  : uid=1000(system) ConnectivityThr expire 36 lines
06-08 11:12:13.770  2120  2608 I chatty  : uid=1000(system) Binder:2120_3 expire 36 lines
06-08 11:12:13.958 25189 25189 I ViewRootImpl: dispatchDetachedFromWindow in doDie
06-08 11:12:13.971 25189 25189 V ActivityThread: callActivityOnCreate
06-08 11:12:14.012 25189 25189 D ActivityThread: add activity client record, r= ActivityRecord{8ad0831 token=android.os.BinderProxy@957caf7 {com.tencent.mm/com.tencent.mm.ui.chatting.gallery.ImageGalleryUI}} token= android.os.BinderProxy@957caf7
06-08 11:12:14.064  4330 18479 I HwCommandQueue: updateBarBgColor
06-08 11:12:14.064  4330 18479 D HwCommandQueue: CommandQueue, setBarBackgroundColor
06-08 11:12:14.064  2120  2487 I chatty  : uid=1000(system) android.ui expire 11 lines
06-08 11:12:14.065  4330 18479 D HwCommandQueue: CommandQueue, set Launcher StatusBar Color
06-08 11:12:14.086  4330 18479 D HwCommandQueue: CommandQueue, set Launcher StatusBar Color
06-08 11:12:14.266  2120  2518 I chatty  : uid=1000(system) PowerManagerSer expire 11 lines
06-08 11:12:14.530  2120  2490 I chatty  : uid=1000(system) android.anim expire 15 lines
06-08 11:12:14.629  2120  4085 I chatty  : uid=1000(system) ConnectivitySer expire 10 lines
06-08 11:12:14.630  2120  2506 I chatty  : uid=1000(system) ActivityManager expire 12 lines
06-08 11:12:24.256  4330 12584 I HwCommandQueue: updateBarBgColor
06-08 11:12:24.256  4330 12584 D HwCommandQueue: CommandQueue, setBarBackgroundColor
06-08 11:12:24.257  4330 12584 D HwCommandQueue: CommandQueue, set Launcher StatusBar Color
06-08 11:12:24.278  4330 11988 D HwCommandQueue: CommandQueue, set Launcher StatusBar Color
06-08 11:12:24.283  2120  2499 I chatty  : uid=1000(system) HwActivityTaskM expire 11 lines
06-08 11:12:24.283  2120  4099 I chatty  : uid=1000(system) Thread-6 expire 12 lines
06-08 11:12:24.301  2120  2669 I chatty  : uid=1000(system) GestureNavManag expire 10 lines
06-08 11:12:24.304 25189 25189 D ActivityThread: Won't deliver top position change in state=4
06-08 11:12:24.318  2120  2489 I chatty  : uid=1000(system) android.display expire 23 lines
06-08 11:12:24.329  2120  4709 I chatty  : uid=1000(system) Binder:2120_8 expire 62 lines
06-08 11:12:24.351  4884  4954 I chatty  : uid=1000(system) OllieAwareThrea expire 18 lines
06-08 11:12:24.354  2120  4398 I chatty  : uid=1000(system) Binder:2120_5 expire 46 lines
06-08 11:12:24.371  2120  5300 I chatty  : uid=1000(system) Binder:2120_11 expire 32 lines
06-08 11:12:24.458 25189 25189 D ActivityThread: Remove activity client record, r= ActivityRecord{8ad0831 token=android.os.BinderProxy@957caf7 {com.tencent.mm/com.tencent.mm.ui.chatting.gallery.ImageGalleryUI}} token= android.os.BinderProxy@957caf7
06-08 11:12:24.458 25189 25189 I ViewRootImpl: dispatchDetachedFromWindow in doDie
06-08 11:12:25.430 25189 25189 I ViewRootImpl: dispatchDetachedFromWindow in doDie
06-08 11:12:26.785 25189 25189 V ActivityThread: callActivityOnCreate
06-08 11:12:26.939 25189 25189 D SystemConfig: Removed unavailable feature android.hardware.sensor.barometer
06-08 11:12:26.941 25189 25189 W SystemConfig: No directory /product_services/etc/sysconfig, skipping
06-08 11:12:26.942 25189 25189 W SystemConfig: No directory /product_services/etc/permissions, skipping
06-08 11:12:26.943 25189 25189 W SystemConfig: No directory /system/emui/base/sysconfig, skipping
06-08 11:12:26.943 25189 25189 W SystemConfig: No directory /system/emui/china/sysconfig, skipping
06-08 11:12:26.943 25189 25189 W SystemConfig: No directory /vendor/etc/sysconfig, skipping
06-08 11:12:26.945 25189 25189 D SystemConfig: Removed unavailable feature android.hardware.sensor.barometer
06-08 11:12:26.948 25189 25189 W SystemConfig: No directory /odm/cust/all/cn/sysconfig, skipping
06-08 11:12:26.948 25189 25189 W SystemConfig: No directory /odm/cust/all/cn/permissions, skipping
06-08 11:12:26.948 25189 25189 W SystemConfig: No directory /odm/etc/sysconfig, skipping
06-08 11:12:26.949 25189 25189 W SystemConfig: No directory /odm/etc/carrier/46003/sysconfig, skipping
06-08 11:12:26.949 25189 25189 W SystemConfig: No directory /odm/etc/carrier/46003/permissions, skipping
06-08 11:12:26.949 25189 25189 W SystemConfig: No directory /odm/hw_odm/VOG-AL10/sysconfig, skipping
06-08 11:12:26.949 25189 25189 W SystemConfig: No directory /odm/hw_odm/VOG-AL10/permissions, skipping
06-08 11:12:26.949 25189 25189 W SystemConfig: No directory /hw_product/etc/sysconfig, skipping
06-08 11:12:26.950 25189 25189 W SystemConfig: No directory /hw_product/etc/carrier/46003/sysconfig, skipping
06-08 11:12:26.950 25189 25189 W SystemConfig: No directory /hw_product/etc/carrier/46003/permissions, skipping
06-08 11:12:26.950 25189 25189 W SystemConfig: No directory /hw_product/region_comm/china/sysconfig, skipping
06-08 11:12:26.951 25189 25189 W SystemConfig: No directory /preas/china/sysconfig, skipping
06-08 11:12:26.953 25189 25189 W SystemConfig: No directory /hw_product/hw_oem/VOG-AL10/sysconfig, skipping
06-08 11:12:26.953 25189 25189 W SystemConfig: No directory /preload/VOG-AL10/all/cn/sysconfig, skipping
06-08 11:12:26.953 25189 25189 W SystemConfig: No directory /cust/global/sysconfig, skipping
06-08 11:12:26.953 25189 25189 W SystemConfig: No directory /cust/global/permissions, skipping
06-08 11:12:26.953 25189 25189 W SystemConfig: No directory /cust/global/carrier/46003/sysconfig, skipping
06-08 11:12:26.953 25189 25189 W SystemConfig: No directory /cust/global/carrier/46003/permissions, skipping
06-08 11:12:26.953 25189 25189 W SystemConfig: No directory /cust/hw/cn/sysconfig, skipping
06-08 11:12:26.953 25189 25189 W SystemConfig: No directory /cust/hw/cn/permissions, skipping
06-08 11:12:26.953 25189 25189 W SystemConfig: No directory /cust/hw/cn/carrier/46003/sysconfig, skipping
06-08 11:12:26.953 25189 25189 W SystemConfig: No directory /cust/hw/cn/carrier/46003/permissions, skipping
06-08 11:12:26.954 25189 25189 W SystemConfig: No directory /version/cust/all/cn/sysconfig, skipping
06-08 11:12:26.954 25189 25189 W SystemConfig: No directory /hw_product/special_cust/VOG-AL10/all/cn/sysconfig, skipping
06-08 11:12:26.954 25189 25189 W SystemConfig: No directory /hw_product/special_cust/VOG-AL10/all/cn/permissions, skipping
06-08 11:12:26.954 25189 25189 W SystemConfig: No directory /version/special_cust/VOG-AL10/all/cn/sysconfig, skipping
06-08 11:12:26.954 25189 25189 W SystemConfig: No directory /version/special_cust/VOG-AL10/all/cn/permissions, skipping
06-08 11:12:26.954 25189 25189 W SystemConfig: No directory /version/special_cust/VOG-AL10/all/cn/carrier/46003/sysconfig, skipping
06-08 11:12:26.954 25189 25189 W SystemConfig: No directory /version/special_cust/VOG-AL10/all/cn/carrier/46003/permissions, skipping
06-08 11:12:26.954 25189 25189 W SystemConfig: No directory /cust/cotalite/sysconfig, skipping
06-08 11:12:26.954 25189 25189 W SystemConfig: No directory /cust/cotalite/permissions, skipping
06-08 11:12:26.954 25189 25189 W SystemConfig: No directory /cust/ecota/sysconfig, skipping
06-08 11:12:26.954 25189 25189 W SystemConfig: No directory /cust/ecota/permissions, skipping
06-08 11:12:26.954 25189 25189 I HwCustSystemConfigImpl: start read overlay feature.
06-08 11:12:26.955 25189 25189 I HwCustSystemConfigImpl: overlay feature take effect.
06-08 11:12:27.020 25189 25189 D HwCustConnectivityManagerImpl: isBlockNetworkRequestByNonAis, INVALID_SUBSCRIPTION_ID
06-08 11:12:27.021 25189 25189 D HwCustConnectivityManagerImpl: isBlockNetworkRequestByNonAis, INVALID_SUBSCRIPTION_ID
06-08 11:12:27.136 25189 25189 D ActivityThread: add activity client record, r= ActivityRecord{8061efe token=android.os.BinderProxy@92c7839 {com.tencent.mm/com.tencent.mm.plugin.fts.ui.FTSMainUI}} token= android.os.BinderProxy@92c7839
06-08 11:12:27.171  2120  2608 I chatty  : uid=1000(system) Binder:2120_3 expire 28 lines
06-08 11:12:27.202  4330 18479 I HwCommandQueue: updateBarBgColor
06-08 11:12:27.202  4330 18479 D HwCommandQueue: CommandQueue, setBarBackgroundColor
06-08 11:12:27.204  2120  2487 I chatty  : uid=1000(system) android.ui expire 10 lines
06-08 11:12:27.206  4330 18479 D HwCommandQueue: CommandQueue, set Launcher StatusBar Color
06-08 11:12:27.266 15445 15445 D HwCustConnectivityManagerImpl: isBlockNetworkRequestByNonAis, INVALID_SUBSCRIPTION_ID
06-08 11:12:27.270 15445 15445 D HwCustConnectivityManagerImpl: isBlockNetworkRequestByNonAis, INVALID_SUBSCRIPTION_ID
06-08 11:12:27.271  2120  4085 I chatty  : uid=1000(system) ConnectivitySer expire 12 lines
06-08 11:12:27.289  2120  2518 I chatty  : uid=1000(system) PowerManagerSer expire 88 lines
06-08 11:12:27.471  2120  2490 I chatty  : uid=1000(system) android.anim expire 45 lines
06-08 11:12:31.175  3923  3923 I ViewRootImpl: dispatchDetachedFromWindow in doDie
06-08 11:12:31.233 25189 25189 V ActivityThread: callActivityOnCreate
06-08 11:12:31.257 25189 25189 D ActivityThread: add activity client record, r= ActivityRecord{5cf0da6 token=android.os.BinderProxy@106724b {com.tencent.mm/com.tencent.mm.ui.chatting.ChattingUI}} token= android.os.BinderProxy@106724b
06-08 11:12:31.460  4330 11988 I HwCommandQueue: updateBarBgColor
06-08 11:12:31.460  4330 11988 D HwCommandQueue: CommandQueue, setBarBackgroundColor
06-08 11:12:31.460  4330 11988 D HwCommandQueue: CommandQueue, set Launcher StatusBar Color
06-08 11:12:31.898  4330 12584 D HwCommandQueue: CommandQueue, set Launcher StatusBar Color
06-08 11:12:33.064  2120  2609 I chatty  : uid=1000(system) Binder:2120_4 expire 24 lines
06-08 11:12:38.357  3923  3923 I ViewRootImpl: dispatchDetachedFromWindow in doDie
06-08 11:12:38.389  3923  3923 I ViewRootImpl: dispatchDetachedFromWindow in doDie
06-08 11:12:38.439  4884  4954 I chatty  : uid=1000(system) OllieAwareThrea expire 23 lines
06-08 11:12:38.604  2120  2490 I chatty  : uid=1000(system) android.anim expire 11 lines
06-08 11:12:39.473  2120  2518 I chatty  : uid=1000(system) PowerManagerSer expire 15 lines
06-08 11:12:41.770  2120 21596 I chatty  : uid=1000(system) MobileQosDetect expire 19 lines
06-08 11:12:43.623  2120  2647 I chatty  : uid=1000(system) sManagerService expire 9 lines
06-08 11:12:43.730  2120  4406 I chatty  : uid=1000(system) Binder:2120_7 expire 34 lines
06-08 11:12:43.844  2120  5300 I chatty  : uid=1000(system) Binder:2120_11 expire 29 lines
06-08 11:12:45.443  2120  2487 I chatty  : uid=1000(system) android.ui expire 20 lines
06-08 11:12:47.774  2120  4083 I chatty  : uid=1000(system) ConnectivityThr expire 81 lines
06-08 11:12:47.796  2120  4398 I chatty  : uid=1000(system) Binder:2120_5 expire 35 lines
06-08 11:12:51.783  1065  1191 I storaged: storaged_t::event: storage_info refreshed.
06-08 11:12:52.776  4884  4954 I chatty  : uid=1000(system) OllieAwareThrea expire 53 lines
06-08 11:12:53.918  2120  4709 I chatty  : uid=1000(system) Binder:2120_8 expire 52 lines
06-08 11:13:00.009  2120  2518 I chatty  : uid=1000(system) PowerManagerSer expire 37 lines
06-08 11:13:21.302  2120  2608 I chatty  : uid=1000(system) Binder:2120_3 expire 21 lines
06-08 11:13:33.821  2120  2643 I chatty  : uid=1000(system) AlarmManager expire 10 lines
06-08 11:13:51.785  1065  1191 I storaged: storaged_t::event: storage_info refreshed.
06-08 11:13:52.174  4884  4954 I chatty  : uid=1000(system) OllieAwareThrea expire 60 lines
06-08 11:14:03.890  2120  2518 I chatty  : uid=1000(system) PowerManagerSer expire 30 lines
06-08 11:14:03.895  2120  2608 I chatty  : uid=1000(system) Binder:2120_3 expire 12 lines
06-08 11:14:03.957  2120  4099 I chatty  : uid=1000(system) Thread-6 expire 12 lines
06-08 11:14:05.853  2120 21596 I chatty  : uid=1000(system) MobileQosDetect expire 22 lines
06-08 11:14:51.786  1065  1191 I storaged: storaged_t::event: storage_info refreshed.
06-08 11:14:52.583  4884  4954 I chatty  : uid=1000(system) OllieAwareThrea expire 67 lines
06-08 11:14:52.822  2120  4217 I chatty  : uid=1000(system) wifipro_feature expire 1 line
06-08 11:14:53.464  2120  4406 I chatty  : uid=1000(system) Binder:2120_7 expire 47 lines
06-08 11:14:53.905  2120  4083 I chatty  : uid=1000(system) ConnectivityThr expire 81 lines
06-08 11:14:53.914  2120  2506 I chatty  : uid=1000(system) ActivityManager expire 18 lines
06-08 11:14:57.475  2120  2609 I chatty  : uid=1000(system) Binder:2120_4 expire 94 lines
06-08 11:15:02.812  2120  4072 I chatty  : uid=1000(system) NetworkStats expire 21 lines
06-08 11:15:02.812  2120  2518 I chatty  : uid=1000(system) PowerManagerSer expire 93 lines
06-08 11:15:17.310  2120  2608 I chatty  : uid=1000(system) Binder:2120_3 expire 11 lines
06-08 11:15:24.614  2120  6325 I chatty  : uid=1000(system) Binder:2120_1E expire 11 lines
06-08 11:15:32.966  2120  6323 I chatty  : uid=1000(system) Binder:2120_1D expire 17 lines
06-08 11:15:34.008  2120  2643 I chatty  : uid=1000(system) AlarmManager expire 16 lines
06-08 11:15:35.900  2120  2487 I chatty  : uid=1000(system) android.ui expire 20 lines
06-08 11:15:43.117  3923  3923 I ViewRootImpl: dispatchDetachedFromWindow in doDie
06-08 11:15:43.134 25189 25189 I ViewRootImpl: dispatchDetachedFromWindow in doDie
06-08 11:15:43.143 25189 25189 V ActivityThread: callActivityOnCreate
06-08 11:15:43.175  2120  2490 I chatty  : uid=1000(system) android.anim expire 104 lines
06-08 11:15:43.175  2120  2489 I chatty  : uid=1000(system) android.display expire 40 lines
06-08 11:15:43.223 25189 25189 D ActivityThread: add activity client record, r= ActivityRecord{f2fc04d token=android.os.BinderProxy@8a89893 {com.tencent.mm/com.tencent.mm.plugin.profile.ui.ContactInfoUI}} token= android.os.BinderProxy@8a89893
06-08 11:15:43.245  4884  4954 I chatty  : uid=1000(system) OllieAwareThrea expire 16 lines
06-08 11:15:43.253  4330 18479 I HwCommandQueue: updateBarBgColor
06-08 11:15:43.253  4330 18479 D HwCommandQueue: CommandQueue, setBarBackgroundColor
06-08 11:15:43.255  4330 18479 D HwCommandQueue: CommandQueue, set Launcher StatusBar Color
06-08 11:15:44.104 25189 25189 D ActivityThread: Won't deliver top position change in state=5
06-08 11:15:44.134  2120  4398 I chatty  : uid=1000(system) Binder:2120_5 expire 45 lines
06-08 11:15:44.143  2120  2499 I chatty  : uid=1000(system) HwActivityTaskM expire 11 lines
06-08 11:15:44.144  2120  4099 I chatty  : uid=1000(system) Thread-6 expire 22 lines
06-08 11:15:44.149  4330  6867 I HwCommandQueue: updateBarBgColor
06-08 11:15:44.149  4330  6867 D HwCommandQueue: CommandQueue, setBarBackgroundColor
06-08 11:15:44.150  4330  6867 D HwCommandQueue: CommandQueue, set Launcher StatusBar Color
06-08 11:15:44.152  2120  4247 I chatty  : uid=1000(system) HwAppQoeStateMa expire 3 lines
06-08 11:15:44.217  2120  5300 I chatty  : uid=1000(system) Binder:2120_11 expire 14 lines
06-08 11:15:44.590 25189 25189 D ActivityThread: Remove activity client record, r= ActivityRecord{f2fc04d token=android.os.BinderProxy@8a89893 {com.tencent.mm/com.tencent.mm.plugin.profile.ui.ContactInfoUI}} token= android.os.BinderProxy@8a89893
06-08 11:15:44.590 25189 25189 I ViewRootImpl: dispatchDetachedFromWindow in doDie
06-08 11:15:45.016 25189 25189 I ViewRootImpl: dispatchDetachedFromWindow in doDie
06-08 11:15:45.021 25189 25189 D ActivityThread: Won't deliver top position change in state=5
06-08 11:15:45.028 25189 25189 I ActivityThread: Handle window ActivityRecord{739b0e9 token=android.os.BinderProxy@e619823 {com.tencent.mm/com.tencent.mm.ui.LauncherUI}} visibility: true
06-08 11:15:45.048  4330  6867 I HwCommandQueue: updateBarBgColor
06-08 11:15:45.048  4330  6867 D HwCommandQueue: CommandQueue, setBarBackgroundColor
06-08 11:15:45.049  4330 18479 D HwCommandQueue: CommandQueue, set Launcher StatusBar Color
06-08 11:15:45.512 25189 25189 D ActivityThread: Remove activity client record, r= ActivityRecord{5cf0da6 token=android.os.BinderProxy@106724b {com.tencent.mm/com.tencent.mm.ui.chatting.ChattingUI}} token= android.os.BinderProxy@106724b
06-08 11:15:45.512 25189 25189 I ViewRootImpl: dispatchDetachedFromWindow in doDie
06-08 11:15:46.058  4330 12584 I HwCommandQueue: updateBarBgColor
06-08 11:15:46.058  4330 12584 D HwCommandQueue: CommandQueue, setBarBackgroundColor
06-08 11:15:46.058  4330  6867 D HwCommandQueue: CommandQueue, set Launcher StatusBar Color
06-08 11:15:46.069 25189 25189 D ActivityThread: Won't deliver top position change in state=2
06-08 11:15:46.095  2120  6325 I chatty  : uid=1000(system) Binder:2120_1E expire 19 lines
06-08 11:15:46.309 25189 25189 D ActivityThread: Remove activity client record, r= ActivityRecord{8061efe token=android.os.BinderProxy@92c7839 {com.tencent.mm/com.tencent.mm.plugin.fts.ui.FTSMainUI}} token= android.os.BinderProxy@92c7839
06-08 11:15:46.309 25189 25189 I ViewRootImpl: dispatchDetachedFromWindow in doDie
06-08 11:15:46.314  2120  4711 I chatty  : uid=1000(system) Binder:2120_9 expire 51 lines
06-08 11:15:48.234 25189 25189 I ViewRootImpl: dispatchDetachedFromWindow in doDie
06-08 11:15:48.245 25189 25189 V ActivityThread: callActivityOnCreate
06-08 11:15:48.288 25189 25189 D ActivityThread: add activity client record, r= ActivityRecord{b626c76 token=android.os.BinderProxy@332ebf5 {com.tencent.mm/com.tencent.mm.ui.chatting.gallery.ImageGalleryUI}} token= android.os.BinderProxy@332ebf5
06-08 11:15:48.308  2120  2608 I chatty  : uid=1000(system) Binder:2120_3 expire 75 lines
06-08 11:15:48.337  4330 12584 I HwCommandQueue: updateBarBgColor
06-08 11:15:48.337  4330 12584 D HwCommandQueue: CommandQueue, setBarBackgroundColor
06-08 11:15:48.337  2120  2487 I chatty  : uid=1000(system) android.ui expire 52 lines
06-08 11:15:48.338  4330 18479 D HwCommandQueue: CommandQueue, set Launcher StatusBar Color
06-08 11:15:48.359  4330 12584 D HwCommandQueue: CommandQueue, set Launcher StatusBar Color
06-08 11:15:49.949  2120 21596 I chatty  : uid=1000(system) MobileQosDetect expire 10 lines
06-08 11:15:51.787  1065  1191 I storaged: storaged_t::event: storage_info refreshed.
06-08 11:15:54.495  2120  2669 I chatty  : uid=1000(system) GestureNavManag expire 11 lines
06-08 11:15:54.527  4330 12584 I HwCommandQueue: updateBarBgColor
06-08 11:15:54.527  4330 12584 D HwCommandQueue: CommandQueue, setBarBackgroundColor
06-08 11:15:54.527  4330  6867 D HwCommandQueue: CommandQueue, set Launcher StatusBar Color
06-08 11:15:54.536  4330  6867 D HwCommandQueue: CommandQueue, set Launcher StatusBar Color
06-08 11:15:54.551 25189 25189 D ActivityThread: Won't deliver top position change in state=4
06-08 11:15:54.602  4884  4954 I chatty  : uid=1000(system) OllieAwareThrea expire 17 lines
06-08 11:15:54.704 25189 25189 D ActivityThread: Remove activity client record, r= ActivityRecord{b626c76 token=android.os.BinderProxy@332ebf5 {com.tencent.mm/com.tencent.mm.ui.chatting.gallery.ImageGalleryUI}} token= android.os.BinderProxy@332ebf5
06-08 11:15:54.704 25189 25189 I ViewRootImpl: dispatchDetachedFromWindow in doDie
06-08 11:15:54.705  2120  4398 I chatty  : uid=1000(system) Binder:2120_5 expire 59 lines
06-08 11:15:55.412 25189 25189 I ViewRootImpl: dispatchDetachedFromWindow in doDie
06-08 11:15:55.422 25189 25189 V ActivityThread: callActivityOnCreate
06-08 11:15:55.457 25189 25189 D ActivityThread: add activity client record, r= ActivityRecord{382d6c3 token=android.os.BinderProxy@8e8d020 {com.tencent.mm/com.tencent.mm.ui.chatting.gallery.ImageGalleryUI}} token= android.os.BinderProxy@8e8d020
06-08 11:15:55.504  4330 12584 I HwCommandQueue: updateBarBgColor
06-08 11:15:55.504  4330 12584 D HwCommandQueue: CommandQueue, setBarBackgroundColor
06-08 11:15:55.506  4330 18479 D HwCommandQueue: CommandQueue, set Launcher StatusBar Color
06-08 11:15:55.525  4330  6867 D HwCommandQueue: CommandQueue, set Launcher StatusBar Color
06-08 11:15:59.032  4330 12584 D HwCommandQueue: CommandQueue, set Launcher StatusBar Color
06-08 11:15:59.047  4330 12584 D HwCommandQueue: CommandQueue, set Launcher StatusBar Color
06-08 11:15:59.053  2120  2518 I chatty  : uid=1000(system) PowerManagerSer expire 42 lines
06-08 11:15:59.081  2120  2490 I chatty  : uid=1000(system) android.anim expire 105 lines
06-08 11:16:00.008 25189 25189 I ViewRootImpl: dispatchDetachedFromWindow in doDie
06-08 11:16:00.031  2120  4711 I chatty  : uid=1000(system) Binder:2120_9 expire 50 lines
06-08 11:16:00.035  4330  6867 D HwCommandQueue: CommandQueue, set Launcher StatusBar Color
06-08 11:16:00.047  4330 29266 D HwCommandQueue: CommandQueue, set Launcher StatusBar Color
06-08 11:16:00.053  2120  2499 I chatty  : uid=1000(system) HwActivityTaskM expire 10 lines
06-08 11:16:00.053  2120  4099 I chatty  : uid=1000(system) Thread-6 expire 20 lines
06-08 11:16:00.063 25189 25189 V ActivityThread: callActivityOnCreate
06-08 11:16:00.103 25189 25189 D ActivityThread: add activity client record, r= ActivityRecord{b52a47e token=android.os.BinderProxy@56e8893 {com.tencent.mm/com.tencent.mm.ui.transmit.MsgRetransmitUI}} token= android.os.BinderProxy@56e8893
06-08 11:16:00.118  4330 18479 I HwCommandQueue: updateBarBgColor
06-08 11:16:00.118  4330 18479 D HwCommandQueue: CommandQueue, setBarBackgroundColor
06-08 11:16:00.118  4330  6867 D HwCommandQueue: CommandQueue, set Launcher StatusBar Color
06-08 11:16:00.135  2120  6323 I chatty  : uid=1000(system) Binder:2120_1D expire 18 lines
06-08 11:16:00.139  4330 18479 D HwCommandQueue: CommandQueue, set Launcher StatusBar Color
06-08 11:16:00.152 25189 25189 V ActivityThread: callActivityOnCreate
06-08 11:16:00.205  2120  2489 I chatty  : uid=1000(system) android.display expire 35 lines
06-08 11:16:00.259  4330  6867 D HwCommandQueue: CommandQueue, set Launcher StatusBar Color
06-08 11:16:00.776 25189 25189 D ActivityThread: add activity client record, r= ActivityRecord{b933bf3 token=android.os.BinderProxy@abaae8d {com.tencent.mm/com.tencent.mm.ui.transmit.SelectConversationUI}} token= android.os.BinderProxy@abaae8d
06-08 11:16:00.821  4330 29266 I HwCommandQueue: updateBarBgColor
06-08 11:16:00.821  4330 29266 D HwCommandQueue: CommandQueue, setBarBackgroundColor
06-08 11:16:00.822  4330 18479 D HwCommandQueue: CommandQueue, set Launcher StatusBar Color
06-08 11:16:00.908  4330 18479 D HwCommandQueue: CommandQueue, set Launcher StatusBar Color
06-08 11:16:00.942  4330 11988 D HwCommandQueue: CommandQueue, set Launcher StatusBar Color
06-08 11:16:01.144  2120  2609 I chatty  : uid=1000(system) Binder:2120_4 expire 33 lines
06-08 11:16:02.205  4330  6867 D HwCommandQueue: CommandQueue, set Launcher StatusBar Color
06-08 11:16:02.251  4330 11988 D HwCommandQueue: CommandQueue, set Launcher StatusBar Color
06-08 11:16:02.619 25189 25189 I ViewRootImpl: dispatchDetachedFromWindow in doDie
06-08 11:16:02.630  4330  6867 I HwCommandQueue: updateBarBgColor
06-08 11:16:02.630  4330  6867 D HwCommandQueue: CommandQueue, setBarBackgroundColor
06-08 11:16:02.631  4330 29266 D HwCommandQueue: CommandQueue, set Launcher StatusBar Color
