06-08 11:02:36.540  4884  5051 D FileMonitorService: onUEvent  mCheckPkg =com.UCMobile   path=/media/0/Pictures/.gs/com.ucmobile/.gs_fs6/71/a.jpg
06-08 11:02:36.545  4884  5051 D FileMonitorService: onUEvent  mCheckPkg =com.UCMobile   path=/media/0/Pictures/.gs/com.ucmobile/.gs_fs6/72/a.jpg
06-08 11:02:36.549  4884  5051 D FileMonitorService: onUEvent  mCheckPkg =com.UCMobile   path=/media/0/Pictures/.gs/com.ucmobile/.gs_fs6/73/a.jpg
06-08 11:02:36.554  4884  5051 D FileMonitorService: onUEvent  mCheckPkg =com.UCMobile   path=/media/0/Pictures/.gs/com.ucmobile/.gs_fs6/74/a.jpg
06-08 11:02:36.559  4884  5051 D FileMonitorService: onUEvent  mCheckPkg =com.UCMobile   path=/media/0/Pictures/.gs/com.ucmobile/.gs_fs6/75/a.jpg
06-08 11:02:36.563  4884  5051 D FileMonitorService: onUEvent  mCheckPkg =com.UCMobile   path=/media/0/Pictures/.gs/com.ucmobile/.gs_fs6/76/a.jpg
06-08 11:02:36.567  4884  5051 D FileMonitorService: onUEvent  mCheckPkg =com.UCMobile   path=/media/0/Pictures/.gs/com.ucmobile/.gs_fs6/77/a.jpg
06-08 11:02:36.572  4884  5051 D FileMonitorService: onUEvent  mCheckPkg =com.UCMobile   path=/media/0/Pictures/.gs/com.ucmobile/.gs_fs6/78/a.jpg
06-08 11:02:36.576  4884  5051 D FileMonitorService: onUEvent  mCheckPkg =com.UCMobile   path=/media/0/Pictures/.gs/com.ucmobile/.gs_fs6/79/a.jpg
06-08 11:02:36.583  4884  5051 D FileMonitorService: onUEvent  mCheckPkg =com.UCMobile   path=/media/0/Pictures/.gs/com.ucmobile/.gs_fs6/80/a.jpg
06-08 11:02:36.589  4884  5051 D FileMonitorService: onUEvent  mCheckPkg =com.UCMobile   path=/media/0/Pictures/.gs/com.ucmobile/.gs_fs6/81/a.jpg
06-08 11:02:36.594  4884  5051 D FileMonitorService: onUEvent  mCheckPkg =com.UCMobile   path=/media/0/Pictures/.gs/com.ucmobile/.gs_fs6/82/a.jpg
06-08 11:02:36.598  4884  5051 D FileMonitorService: onUEvent  mCheckPkg =com.UCMobile   path=/media/0/Pictures/.gs/com.ucmobile/.gs_fs6/83/a.jpg
06-08 11:02:36.603  4884  5051 D FileMonitorService: onUEvent  mCheckPkg =com.UCMobile   path=/media/0/Pictures/.gs/com.ucmobile/.gs_fs6/84/a.jpg
06-08 11:02:36.607  4884  5051 D FileMonitorService: onUEvent  mCheckPkg =com.UCMobile   path=/media/0/Pictures/.gs/com.ucmobile/.gs_fs6/85/a.jpg
06-08 11:02:36.612  4884  5051 D FileMonitorService: onUEvent  mCheckPkg =com.UCMobile   path=/media/0/Pictures/.gs/com.ucmobile/.gs_fs6/86/a.jpg
06-08 11:02:36.616  4884  5051 D FileMonitorService: onUEvent  mCheckPkg =com.UCMobile   path=/media/0/Pictures/.gs/com.ucmobile/.gs_fs6/87/a.jpg
06-08 11:02:36.620  4884  5051 D FileMonitorService: onUEvent  mCheckPkg =com.UCMobile   path=/media/0/Pictures/.gs/com.ucmobile/.gs_fs6/88/a.jpg
06-08 11:02:36.625  4884  5051 D FileMonitorService: onUEvent  mCheckPkg =com.UCMobile   path=/media/0/Pictures/.gs/com.ucmobile/.gs_fs6/89/a.jpg
06-08 11:02:36.629  4884  5051 D FileMonitorService: onUEvent  mCheckPkg =com.UCMobile   path=/media/0/Pictures/.gs/com.ucmobile/.gs_fs6/90/a.jpg
06-08 11:02:36.634  4884  5051 D FileMonitorService: onUEvent  mCheckPkg =com.UCMobile   path=/media/0/Pictures/.gs/com.ucmobile/.gs_fs6/91/a.jpg
06-08 11:02:36.639  4884  5051 D FileMonitorService: onUEvent  mCheckPkg =com.UCMobile   path=/media/0/Pictures/.gs/com.ucmobile/.gs_fs6/92/a.jpg
06-08 11:02:36.643  4884  5051 D FileMonitorService: onUEvent  mCheckPkg =com.UCMobile   path=/media/0/Pictures/.gs/com.ucmobile/.gs_fs6/93/a.jpg
06-08 11:02:36.648  4884  5051 D FileMonitorService: onUEvent  mCheckPkg =com.UCMobile   path=/media/0/Pictures/.gs/com.ucmobile/.gs_fs6/94/a.jpg
06-08 11:02:36.653  4884  5051 D FileMonitorService: onUEvent  mCheckPkg =com.UCMobile   path=/media/0/Pictures/.gs/com.ucmobile/.gs_fs6/95/a.jpg
06-08 11:02:36.657  4884  5051 D FileMonitorService: onUEvent  mCheckPkg =com.UCMobile   path=/media/0/Pictures/.gs/com.ucmobile/.gs_fs6/96/a.jpg
06-08 11:02:36.661  4884  5051 D FileMonitorService: onUEvent  mCheckPkg =com.UCMobile   path=/media/0/Pictures/.gs/com.ucmobile/.gs_fs6/97/a.jpg
06-08 11:02:36.666  4884  5051 D FileMonitorService: onUEvent  mCheckPkg =com.UCMobile   path=/media/0/Pictures/.gs/com.ucmobile/.gs_fs6/98/a.jpg
06-08 11:02:36.670  4884  5051 D FileMonitorService: onUEvent  mCheckPkg =default   path=default
06-08 11:02:41.140  2120  2608 I chatty  : uid=1000(system) Binder:2120_3 expire 25 lines
06-08 11:02:49.102  4884  4954 I SmartDualCardSM: IdleState:got msg.what=EVENT_HARD_SWITCH_CONDITION_CHECK
06-08 11:02:49.466  4884  4954 I NetworkQoeChr: onQoeStatusEnd
06-08 11:02:49.620  4884  4954 I SmartDualCardSM: IdleState:got msg.what=EVENT_APP_BACKGROUND_TIMEOUT
06-08 11:02:51.771  1065  1191 I storaged: storaged_t::event: storage_info refreshed.
06-08 11:02:55.264  2120  2609 I chatty  : uid=1000(system) Binder:2120_4 expire 13 lines
06-08 11:03:10.352  4884  4954 I PreDnsQuery: setPreDnsCurrentProp is: true
06-08 11:03:11.144  2120  2518 I chatty  : uid=1000(system) PowerManagerSer expire 20 lines
06-08 11:03:11.154  2120  4937 I chatty  : uid=1000(system) Binder:2120_D expire 13 lines
06-08 11:03:11.179  2120  2609 I chatty  : uid=1000(system) Binder:2120_4 expire 11 lines
06-08 11:03:41.194  2120  2608 I chatty  : uid=1000(system) Binder:2120_3 expire 12 lines
06-08 11:03:49.103  4884  4954 I SmartDualCardSM: IdleState:got msg.what=EVENT_HARD_SWITCH_CONDITION_CHECK
06-08 11:03:49.259  2120 21596 I chatty  : uid=1000(system) MobileQosDetect expire 10 lines
06-08 11:03:51.772  1065  1191 I storaged: storaged_t::event: storage_info refreshed.
06-08 11:04:11.220  2120  2643 I chatty  : uid=1000(system) AlarmManager expire 18 lines
06-08 11:04:26.155  2120  2489 I chatty  : uid=1000(system) android.display expire 22 lines
06-08 11:04:26.185  4884  4884 I HwCoreAppHelperService: LocalReceiver receives:android.intent.action.PACKAGE_RESTARTED,pkg:com.henry.ffmpegglplay,uid:11184
06-08 11:04:26.191  4884  4884 I HwCoreAppHelperService: LocalReceiver receives:android.intent.action.PACKAGE_RESTARTED,pkg:com.henry.ffmpegglplay,uid:12811184
06-08 11:04:26.449  4884  4884 I HwCoreAppHelperService: LocalReceiver receives:android.intent.action.PACKAGE_RESTARTED,pkg:com.henry.ffmpegglplay,uid:11184
06-08 11:04:26.457  4884  4884 I HwCoreAppHelperService: LocalReceiver receives:android.intent.action.PACKAGE_RESTARTED,pkg:com.henry.ffmpegglplay,uid:12811184
06-08 11:04:26.500  2120  2608 I chatty  : uid=1000(system) Binder:2120_3 expire 19 lines
06-08 11:04:26.514  2120  2518 I chatty  : uid=1000(system) PowerManagerSer expire 14 lines
06-08 11:04:26.521  2120  4099 I chatty  : uid=1000(system) Thread-6 expire 11 lines
06-08 11:04:26.525  2120  2490 I chatty  : uid=1000(system) android.anim expire 56 lines
06-08 11:04:26.577 14360 14360 D ActivityThread: Attach thread to application
06-08 11:04:26.581  2120  6328 I chatty  : uid=1000(system) Binder:2120_20 expire 22 lines
06-08 11:04:26.594 14360 14380 I ActivityThread: Init compatible state: true
06-08 11:04:26.601  2120  2487 I chatty  : uid=1000(system) android.ui expire 10 lines
06-08 11:04:26.603  4330 12583 D HwCommandQueue: CommandQueue, set Launcher StatusBar Color
06-08 11:04:26.620  4756  4958 I HwNetworkPolicyManager: getHwUidPolicy uid = 11184 policy = 0
06-08 11:04:26.622  2120  2647 I chatty  : uid=1000(system) sManagerService expire 11 lines
06-08 11:04:26.696 14360 14360 I ActivityThread: finishPreloaded preloadStatus 0
06-08 11:04:26.696 14360 14360 I RtgSchedEvent: current pid:14360 AppType:-1
06-08 11:04:26.746 14360 14360 V ActivityThread: callActivityOnCreate
06-08 11:04:26.868 14360 14419 F libc    : Fatal signal 11 (SIGSEGV), code 1 (SEGV_MAPERR), fault addr 0x4e in tid 14419 (ry.ffmpegglplay), pid 14360 (ry.ffmpegglplay)
06-08 11:04:26.874 14360 14360 D ActivityThread: add activity client record, r= ActivityRecord{d5bfca7 token=android.os.BinderProxy@c0e565 {com.henry.ffmpegglplay/com.henry.ffmpegglplay.MainActivity}} token= android.os.BinderProxy@c0e565
06-08 11:04:26.918 14423 14423 F DEBUG   : *** *** *** *** *** *** *** *** *** *** *** *** *** *** *** ***
06-08 11:04:26.918 14423 14423 F DEBUG   : Build fingerprint: 'HUAWEI/VOG-AL10/HWVOG:10/HUAWEIVOG-AL10/10.1.0.162C00:user/release-keys'
06-08 11:04:26.918 14423 14423 F DEBUG   : Revision: '0'
06-08 11:04:26.918 14423 14423 F DEBUG   : ABI: 'arm'
06-08 11:04:26.922 14423 14423 F DEBUG   : SYSVMTYPE: Maple
06-08 11:04:26.922 14423 14423 F DEBUG   : APPVMTYPE: Art
06-08 11:04:26.922 14423 14423 F DEBUG   : Timestamp: 2022-06-08 11:04:26+0800
06-08 11:04:26.922 14423 14423 F DEBUG   : pid: 14360, tid: 14419, name: ry.ffmpegglplay  >>> com.henry.ffmpegglplay <<<
06-08 11:04:26.922 14423 14423 F DEBUG   : uid: 11184
06-08 11:04:26.922 14423 14423 F DEBUG   : signal 11 (SIGSEGV), code 1 (SEGV_MAPERR), fault addr 0x4e
06-08 11:04:26.922 14423 14423 F DEBUG   : Cause: null pointer dereference
06-08 11:04:26.922 14423 14423 F DEBUG   :     r0  0000004e  r1  00000000  r2  0000004e  r3  00000045
06-08 11:04:26.922 14423 14423 F DEBUG   :     r4  d82f2920  r5  00000000  r6  0000000c  r7  c03f2f40
06-08 11:04:26.922 14423 14423 F DEBUG   :     r8  00000000  r9  00000000  r10 00002261  r11 00000000
06-08 11:04:26.922 14423 14423 F DEBUG   :     ip  c1b32b70  sp  c03f2f08  lr  c15680b4  pc  c13ff6b4
06-08 11:04:26.922 14423 14423 F DEBUG   : 
06-08 11:04:26.922 14423 14423 F DEBUG   : backtrace:
06-08 11:04:26.922 14423 14423 F DEBUG   :       #00 pc 0001b6b4  /data/app/com.henry.ffmpegglplay-hQwt3-IQ6va1O-e689XX9g==/lib/arm/libavutil.so (av_freep+8)
06-08 11:04:26.927 14360 14360 I RtgSchedEvent: current pid:14360 AppType:-1
06-08 11:04:26.935  4884  4954 I NetworkQoeChr: checkForegroundApp timer end
06-08 11:04:26.935  4884  4954 I NetworkQoeChr: start qoe report
06-08 11:04:26.936  4884  4954 E Booster_NetworkQoe: [checkModemParaCollecEnable]checkModemParaCollecEnable: false,mNetworkQoeConditions=254
06-08 11:04:26.938  4884  4954 I SmartDualCardConfig: getAppType,pkgName=com.henry.ffmpegglplay,appType=-1
06-08 11:04:26.938  4884  4954 I SmartDualCardConfig: getAppType,pkgName=com.henry.ffmpegglplay,appType=-1
06-08 11:04:26.938  4884  4954 E SmartDualCardConfig: isAppInBlackList false,items==null
06-08 11:04:26.938  4884  4954 I SmartDualCardSM: onUidStateUpdate,uid=11184,appName=com.henry.ffmpegglplay,state=FOREGROUND
06-08 11:04:26.939  4884  4954 I SmartDualCardConfig: getAppType,pkgName=com.henry.ffmpegglplay,appType=-1
06-08 11:04:26.939  4884  4954 I SmartDualCardSM: updateAppState mAppState=2
06-08 11:04:26.939  4884  4954 I SmartDualCardConfig: addForegroundAppToList,size()=1,uid=11184
06-08 11:04:26.939  4884  4954 I BoosterUtil: getSlaveCardSubId slotId: 1, subId: 1
06-08 11:04:26.949  2120  5253 I chatty  : uid=1000(system) Binder:2120_F expire 10 lines
06-08 11:04:26.952  4330 12583 I HwCommandQueue: updateBarBgColor
06-08 11:04:26.952  4330 12583 D HwCommandQueue: CommandQueue, setBarBackgroundColor
06-08 11:04:26.954  4330 12583 D HwCommandQueue: CommandQueue, set Launcher StatusBar Color
06-08 11:04:26.961  4884  4954 E SmartDualCardTrafficManager: isCustomerApplyTheTrafficPackage:: customer not set the package!
06-08 11:04:26.961  4884  4954 I BoosterUtil: getSlaveCardSubId slotId: 1, subId: 1
06-08 11:04:26.962  2120  2506 I chatty  : uid=1000(system) ActivityManager expire 17 lines
06-08 11:04:26.995  4884  4954 E SmartDualCardTrafficManager: isCustomerApplyTheTrafficPackage:: customer not set the package!
06-08 11:04:27.004  4884  4954 I BoosterUtil: getSlaveCardSubId slotId: 1, subId: 1
06-08 11:04:27.019  4884  4954 E SmartDualCardTrafficManager: isCustomerApplyTheTrafficPackage:: customer not set the package!
06-08 11:04:27.019  4884  4954 I SmartDualCardSM: boosterDump:prop=true SdcSwitchOn=false DataSwitchOn=true WifiConnect=true AirplaneOn=false ScreenOn=true VSimEnabled=false CallOn=false AppState=GENERAL_FOREGROUND HidataAppState=GENERAL_BACKGROUND defaultDataSlotId=0 default4GSlot=0 mForeAppRouteSlotId=0 DataOn=false M_MmsUtPdp=false S_MmsUtPdp=false userType=2 supportNetworkQoe=false GameBattleStatus=0
06-08 11:04:27.020  4884  4954 I BoosterUtil: getMasterCardSubId slotId: 0, subId: 3
06-08 11:04:27.021  4884  4954 I BoosterUtil: getSlaveCardSubId slotId: 1, subId: 1
06-08 11:04:27.021  4884  4954 E SmartDualCardSM: isSignalStrengthPoorScreenOn 2/3G or UNKNOWN true slotId:1
06-08 11:04:27.021  4884  4954 E SmartDualCardSM: isSignalStrengthPoorScreenOn 2/3G or UNKNOWN true slotId:1
06-08 11:04:27.021  4884  4954 I SmartDualCardSM: isSlaveCardNetworkBad return true,mIsSignalStengthPoors =true,mNetworkType=-1,mDownlinkSpeedLimits=1048576,mDataRoaming=false
06-08 11:04:27.022  4884  4954 I BoosterUtil: getSlaveCardSubId slotId: 1, subId: 1
06-08 11:04:27.082  4884  4954 I BoosterUtil: getSlaveCardSubId slotId: 1, subId: 1
06-08 11:04:27.093  4884  4954 E SmartDualCardTrafficManager: isCustomerApplyTheTrafficPackage:: customer not set the package!
06-08 11:04:27.095  4884  4954 I SmartDualCardSM: boosterDump:SlaveActive=false SameOperator=true M_NetworkBad=false S_NetworkBad=true M_DLSpeedLimit=1048576 S_DLSpeedLimit=1048576 M_DataRoam=false S_DataRoam=false VPNMode=false TetherOn=false AppQoeSlow=false HidataAppQoeSlow=false GameExpBad=false DsdsState=0 S_TrafficEnough=true M_NetworkStatus=4 S_NetworkStatus=1 1xTaskRun=false QoeSlowReason=0 MovementType=16 M_NetworkServicestatus=1 S_NetworkServicestatus=1 isUidBindListEmpty=true M_DetectAppQoe=-1 AppRouteSlot=0 WifiProSwitchSlaveCard=false LinkTurboActive=false
06-08 11:04:27.095  4884  4954 I SmartDualCardSM: isNeedMonitorAppQoe return false
06-08 11:04:27.095  4884  4954 I SmartDualCardSM: resetAppQoeState
06-08 11:04:27.096  4884  4954 I DollieChr: handleForegroundAppUpdateMsg,mAppState=1,scenes=2,mForegroundAppName=
06-08 11:04:27.096  4884  4954 I SmartDualCardSM: IdleState:got msg.what=EVENT_APP_MOVE_FOREGROUND
06-08 11:04:27.098  4884  4954 I SmartDualCardConfig: getAppType,pkgName=com.henry.ffmpegglplay,appType=-1
06-08 11:04:27.098  4884  4954 E SmartDualCardConfig: isAppInBlackList false,items==null
06-08 11:04:27.098  4884  4954 I PowerMsgAdapter: addUidChanged uid: 11184
06-08 11:04:27.098  4884  4954 E DollieChr: sendDataToChrApk, remote exception
06-08 11:04:27.098  4884  4954 E ForegroundAppTypeDb: onAppStateChanged send app type failed
06-08 11:04:27.098  4884  4954 E Booster_MatterAppRecommend: [isMatterPackage]invalid mMatterPackagesConfig
06-08 11:04:27.099  4884  4954 I SmartDualCardConfig: getAppType,pkgName=com.huawei.android.launcher,appType=28
06-08 11:04:27.099  4884  4954 I SmartDualCardSM: onUidStateUpdate isSkip,uid=10069,pkgName=com.huawei.android.launcher,pkgNameByComponentName=com.huawei.android.launcher
06-08 11:04:27.099  4884  4954 I SmartDualCardConfig: getAppType,pkgName=com.huawei.android.launcher,appType=28
06-08 11:04:27.099  4884  4954 E SmartDualCardConfig: isAppInBlackList false,items==null
06-08 11:04:27.101  4884  4954 I SmartDualCardSM: IdleState:got msg.what=EVENT_SLAVE_TRAFFIC_FREE_APP_BACKGROUND
06-08 11:04:27.343  2120 14464 I chatty  : uid=1000(system) Binder:2120_15 expire 6 lines
06-08 11:04:27.343  2120 14465 I chatty  : uid=1000(system) Binder:2120_15 expire 1 line
06-08 11:04:27.353  7119  7119 D ActivityThread: Won't deliver top position change in state=5
06-08 11:04:27.356  2120  2609 I chatty  : uid=1000(system) Binder:2120_4 expire 15 lines
06-08 11:04:27.370  7119  7119 I RtgSchedEvent: current pid:7119 AppType:28
06-08 11:04:27.377  7119  7119 I ActivityThread: Handle window ActivityRecord{7910397 token=android.os.BinderProxy@b5e7469 {com.huawei.android.launcher/com.huawei.android.launcher.unihome.UniHomeLauncher}} visibility: true
06-08 11:04:27.386  4884  4954 I NetworkQoeChr: checkForegroundApp timer start
06-08 11:04:27.386  4884  4954 I NetworkQoeChr: end qoe report
06-08 11:04:27.388  4884  4954 I SmartDualCardConfig: getAppType,pkgName=com.huawei.android.launcher,appType=28
06-08 11:04:27.388  4884  4954 I SmartDualCardSM: onUidStateUpdate isSkip,uid=10069,pkgName=com.huawei.android.launcher,pkgNameByComponentName=com.huawei.android.launcher
06-08 11:04:27.395  4884  4954 I SmartDualCardConfig: getAppType,pkgName=com.huawei.android.launcher,appType=28
06-08 11:04:27.395  4884  4954 E SmartDualCardConfig: isAppInBlackList false,items==null
06-08 11:04:27.395  4884  4954 I PowerMsgAdapter: UID hot switch, uid:10069, pkgName:com.huawei.android.launcher
06-08 11:04:27.398  4884  4954 E Booster_MatterAppRecommend: [isMatterPackage]invalid mMatterPackagesConfig
06-08 11:04:27.404  4884  4954 I SmartDualCardSM: IdleState:got msg.what=EVENT_SLAVE_TRAFFIC_FREE_APP_BACKGROUND
06-08 11:04:27.434  2120  4936 I chatty  : uid=1000(system) Binder:2120_C expire 10 lines
06-08 11:04:27.449  2120  2484 I chatty  : uid=1000(system) Binder:2120_2 expire 1 line
06-08 11:04:27.449  4756  4959 I HwNetworkPolicyManager: getHwUidPolicy uid = 10069 policy = 0
06-08 11:04:27.510  4884  4954 I HidataAppQoeP: foregroundUidRemove uid: 11184 name: com.henry.ffmpegglplay
06-08 11:04:27.510  4884  4954 I PowerMsgAdapter: handleUidGone uid: 11184
06-08 11:04:27.512  4884  4954 I SmartDualCardConfig: getAppType,pkgName=com.henry.ffmpegglplay,appType=-1
06-08 11:04:27.513  4884  4954 I SmartDualCardConfig: getAppType,pkgName=com.henry.ffmpegglplay,appType=-1
06-08 11:04:27.513  4884  4954 E SmartDualCardConfig: isAppInBlackList false,items==null
06-08 11:04:27.513  4884  4954 I SmartDualCardSM: onUidStateUpdate,uid=11184,appName=com.henry.ffmpegglplay,state=BACKGROUND
06-08 11:04:27.513  4884  4954 I SmartDualCardConfig: removeAppFromList,after remove,size()=0,uid=11184
06-08 11:04:27.515  4884  4954 I SmartDualCardConfig: getAppType,pkgName=com.henry.ffmpegglplay,appType=-1
06-08 11:04:27.515  4884  4954 I SmartDualCardSM: updateAppState mAppState=1
06-08 11:04:27.519  4884  4954 I DollieChr: handleForegroundAppUpdateMsg,mAppState=2,scenes=1,mForegroundAppName=com.henry.ffmpegglplay
06-08 11:04:27.519  4884  4954 I SmartDualCardSM: IdleState:got msg.what=EVENT_APP_MOVE_BACKGROUND
06-08 11:04:27.519  4884  4954 I SmartDualCardSM: startAppBackgroundTimer
06-08 11:04:27.520  4884  4954 I SmartDualCardConfig: getAppType,pkgName=com.henry.ffmpegglplay,appType=-1
06-08 11:04:27.520  4884  4954 E SmartDualCardConfig: isAppInBlackList false,items==null
06-08 11:04:27.526  4884  4955 E OllieTelephony: sendFullData err:1
06-08 11:04:27.528  2120  6321 I chatty  : uid=1000(system) Binder:2120_1C expire 17 lines
06-08 11:04:27.571  4330 12583 I HwCommandQueue: updateBarBgColor
06-08 11:04:27.571  4330 12583 D HwCommandQueue: CommandQueue, setBarBackgroundColor
06-08 11:04:27.572  4330 12583 D HwCommandQueue: CommandQueue, set Launcher StatusBar Color
06-08 11:04:27.662  2120  4072 I chatty  : uid=1000(system) NetworkStats expire 18 lines
06-08 11:04:29.302  2120 21596 I chatty  : uid=1000(system) MobileQosDetect expire 21 lines
06-08 11:04:51.773  1065  1191 I storaged: storaged_t::event: storage_info refreshed.
06-08 11:04:59.918  2120  2518 I chatty  : uid=1000(system) PowerManagerSer expire 12 lines
06-08 11:04:59.921  2120  5253 I chatty  : uid=1000(system) Binder:2120_F expire 14 lines
06-08 11:05:11.307  2120  2608 I chatty  : uid=1000(system) Binder:2120_3 expire 14 lines
06-08 11:05:27.098  4884  4954 I SmartDualCardSM: IdleState:got msg.what=EVENT_HARD_SWITCH_CONDITION_CHECK
06-08 11:05:27.386  4884  4954 I NetworkQoeChr: onQoeStatusEnd
06-08 11:05:27.519  4884  4954 I SmartDualCardSM: IdleState:got msg.what=EVENT_APP_BACKGROUND_TIMEOUT
06-08 11:05:29.842  2120  2518 I chatty  : uid=1000(system) PowerManagerSer expire 67 lines
06-08 11:05:51.774  1065  1191 I storaged: storaged_t::event: storage_info refreshed.
06-08 11:05:53.385  2120 21596 I chatty  : uid=1000(system) MobileQosDetect expire 13 lines
06-08 11:06:16.345  2120  7096 I chatty  : uid=1000(system) Binder:2120_21 expire 18 lines
06-08 11:06:16.924  2120  2120 I chatty  : uid=1000(system) Binder:2120_15 expire 60 lines
06-08 11:06:27.100  4884  4954 I SmartDualCardSM: IdleState:got msg.what=EVENT_HARD_SWITCH_CONDITION_CHECK
06-08 11:06:35.852  2120  6256 I chatty  : uid=1000(system) Binder:2120_18 expire 20 lines
06-08 11:06:35.860  2120  2518 I chatty  : uid=1000(system) PowerManagerSer expire 84 lines
06-08 11:06:35.891  2120  6328 I chatty  : uid=1000(system) Binder:2120_20 expire 17 lines
06-08 11:06:36.240  2120  6321 I chatty  : uid=1000(system) Binder:2120_1C expire 19 lines
06-08 11:06:41.419  2120  2643 I chatty  : uid=1000(system) AlarmManager expire 10 lines
06-08 11:06:43.319  4884  4884 I BoosterTelephonyCollector: CallStateChanged 1 slotId:0
06-08 11:06:43.320  4884  4954 E BoosterGameP: inValidCQI:-1
06-08 11:06:43.326  4884  4954 I DeepNoDisturbSM: setCallState isCallOn=true
06-08 11:06:43.327  4884  4954 I HidataAppQoeP: other status.
06-08 11:06:43.327  4884  4954 I PreDnsQuery: No need to handled!
06-08 11:06:43.328  4884  4954 I DeepNoDisturbSM: IdleState processMessage msg.what=EVENT_VOICE_CALL_STARTED
06-08 11:06:43.328  4884  4954 I DeepNoDisturbSM: IdleState: default msg.what=3
06-08 11:06:43.330  4884  4954 I SmartDualCardSM: startSearchNetworkTimer,time=15000
06-08 11:06:43.330  4884  4954 I SmartDualCardSM: IdleState:got msg.what=EVENT_VOICE_CALL_STARTED
06-08 11:06:43.420  5338  5338 I Telephony: : Enqueueing pre-init request TC@118_1: (SBC.oSC)->CS.crCo->H.CS.crCo@E-2yk
06-08 11:06:43.432  5338  5338 I Telephony: TelephonyConnectionService: createConnection, callManagerAccount: ComponentInfo{com.android.phone/com.android.services.telephony.TelephonyConnectionService}, ***, UserHandle{0}, callId: TC@118_1, request: ConnectionRequest xxxxxx, isIncoming: true, isUnknown: false, isLegacyHandover: false, isHandover: false: (SBC.oSC)->CS.crCo->H.CS.crCo->H.CS.crCo.pICR@E-2yk
06-08 11:06:43.448  5338  5338 I Telephony: TelephonyConnectionService: createConnection, connection: [TelephonyConnection objId:68880313 telecomCallID:TC@118_1 type:ims state:RINGING capabilities:[Capabilities: CAPABILITY_SUPPORT_HOLD CAPABILITY_SUPPORTS_VT_LOCAL_RX CAPABILITY_SUPPORTS_VT_LOCAL_TX CAPABILITY_SUPPORTS_VT_LOCAL_BIDIRECTIONAL CAPABILITY_SUPPORTS_VT_REMOTE_RX CAPABILITY_SUPPORTS_VT_REMOTE_TX CAPABILITY_SUPPORTS_VT_REMOTE_BIDIRECTIONAL CAPABILITY_SPEED_UP_MT_AUDIO] properties:[Properties: PROPERTY_HIGH_DEF_AUDIO] address:xxxxxxxxxxxxxxx originalConnection:[ImsPhoneConnection objId: 43170836 state: INCOMING mParent objId: 109362639 telecomCallID: TC@118_1 address: [****] ImsCall: [ImsCall objId:91633255 onHold:N mute:N updateRequest:NONE merging:N merge action pending:N merged:N multiParty:N confHost:N buried term:N isVideo: N wasVideo: N isWifi: N session:[ImsCallSession objId:175811110 state:IDLE callId:1] transientSession:null]] partOfConf:N confSupported:Y]: (SBC.oSC)->CS.crCo->H.CS.crCo->H.CS.crCo.pICR@E-2yk
06-08 11:06:43.449  5338  5338 I Telephony: : capabilities: parcelableconnection: [Capabilities: CAPABILITY_SUPPORT_HOLD CAPABILITY_MUTE CAPABILITY_SUPPORTS_VT_LOCAL_RX CAPABILITY_SUPPORTS_VT_LOCAL_TX CAPABILITY_SUPPORTS_VT_LOCAL_BIDIRECTIONAL CAPABILITY_SUPPORTS_VT_REMOTE_RX CAPABILITY_SUPPORTS_VT_REMOTE_TX CAPABILITY_SUPPORTS_VT_REMOTE_BIDIRECTIONAL CAPABILITY_SPEED_UP_MT_AUDIO]: (SBC.oSC)->CS.crCo->H.CS.crCo->H.CS.crCo.pICR@E-2yk
06-08 11:06:43.449  5338  5338 I Telephony: TelephonyConnectionService: createConnection, calling handleCreateConnectionSuccessful TC@118_1: (SBC.oSC)->CS.crCo->H.CS.crCo->H.CS.crCo.pICR@E-2yk
06-08 11:06:43.450  5338  5338 I Telephony: TelephonyConnectionService: getAccountHandle, return account handle from local, ComponentInfo{com.android.phone/com.android.services.telephony.TelephonyConnectionService}, ***, UserHandle{0}: (SBC.oSC)->CS.crCo->H.CS.crCo->H.CS.crCo.pICR@E-2yk
06-08 11:06:43.451  5338  5338 I Telephony: : remote connection services found: []
06-08 11:06:43.477  2120  9432 I chatty  : uid=1000(system) AsyncTask #111 expire 6 lines
06-08 11:06:43.487  2120 21666 I chatty  : uid=1000(system) AsyncQueryWorke expire 2 lines
06-08 11:06:43.512  5338  5338 I Telephony: TelephonyConnectionService: notifyCreateConnectionComplete TC@118_1: (...->CSW.hCCC)->CS.crCoC->H.CS.crCoC@E-E-E-2yk
06-08 11:06:43.572  2120  2609 I chatty  : uid=1000(system) Binder:2120_4 expire 30 lines
06-08 11:06:43.575  2120 19335 I chatty  : uid=1000(system) pool-46-thread- expire 1 line
06-08 11:06:44.002  4756 28735 W ContextImpl: Calling a method in the system process without a qualified user: android.app.ContextImpl.sendBroadcast:1183 android.content.ContextWrapper.sendBroadcast:453 tmsdkobf.tb.a:91 tmsdkobf.tb.a:72 tmsdkobf.tb.a:51 
06-08 11:06:44.009  4756 28735 W ContextImpl: Calling a method in the system process without a qualified user: android.app.ContextImpl.sendBroadcast:1183 android.content.ContextWrapper.sendBroadcast:453 tmsdkobf.cc.a:113 tmsdkobf.cc$e.a:14 tmsdkobf.cc$g.a:7 
06-08 11:06:44.211  2120 28744 I chatty  : uid=1000(system) pool-49-thread- expire 2 lines
06-08 11:06:44.221  2120 14567 I chatty  : uid=1000(system) Binder:2120_15 expire 1 line
06-08 11:06:44.262  5338  5374 I Telephony: : setActiveSubscription TC@118_1
06-08 11:06:44.263  5338  5338 I Telephony: TelephonyConnectionService: setActiveSubscription TC@118_1
06-08 11:06:44.273  2120  5654 I chatty  : uid=1000(system) ConnectionSvrFo expire 8 lines
06-08 11:06:44.284  2120  5646 I chatty  : uid=1000(system) CallAudioModeSt expire 11 lines
06-08 11:06:44.321 14573 14573 D ActivityThread: Attach thread to application
06-08 11:06:44.323  2120 25089 I chatty  : uid=1000(system) tonegenerator-d expire 1 line
06-08 11:06:44.352 14573 14594 I ActivityThread: Init compatible state: false
06-08 11:06:44.357 14573 14573 I LoadedApk: makePaths: outLibPaths=[/system/priv-app/InCallUI/lib/arm64, /system/priv-app/InCallUI/InCallUI.apk!/lib/arm64-v8a, /system/lib64:/hw_product/lib64:/system/product/lib64:/prets/lib64]
06-08 11:06:44.419  4884  4884 W ContextImpl: Calling a method in the system process without a qualified user: android.app.ContextImpl.startService:1698 android.content.ContextWrapper.startService:669 android.content.ContextWrapper.startService:669 com.huawei.motionservice.relayadapter.MotionServiceReceiver.onReceive:140 android.app.ActivityThread.handleReceiver:4637 
06-08 11:06:44.439  4884  4884 W ContextImpl: Calling a method in the system process without a qualified user: android.app.ContextImpl.sendBroadcast:1183 android.content.ContextWrapper.sendBroadcast:453 com.huawei.motionservice.relayadapter.a.b:4 com.huawei.motionservice.relayadapter.b.b:2 com.huawei.motionservice.motionregister.d.b:25 
06-08 11:06:44.446  2120  2608 I chatty  : uid=1000(system) Binder:2120_3 expire 51 lines
06-08 11:06:44.446  2120  5641 I chatty  : uid=1000(system) uteStateMachine expire 10 lines
06-08 11:06:44.447  5338  5338 I Telephony: TelephonyConnectionService: onAudioStateChanged TC@118_1 [AudioState isMuted: false, route: EARPIECE, supportedRouteMask: EARPIECE, SPEAKER, activeBluetoothDevice: [], supportedBluetoothDevices: [], activeDistributedDevice: [], supportedDistributedDevices: []]: CS.cASC->H.CS.cASC@AJo
06-08 11:06:44.451 14573 14573 I ActivityThread: finishPreloaded preloadStatus 0
06-08 11:06:44.466  5338  5338 I Telephony: TelephonyConnectionService: onAudioStateChanged TC@118_1 [AudioState isMuted: false, route: EARPIECE, supportedRouteMask: EARPIECE, SPEAKER, activeBluetoothDevice: [], supportedBluetoothDevices: [], activeDistributedDevice: [], supportedDistributedDevices: []]: CS.cASC->H.CS.cASC@AJs
06-08 11:06:44.516 14573 14606 E ActivityThread: Failed to find provider info for com.android.dialer.database.filterednumberprovider
06-08 11:06:44.529  4884  4884 W ContextImpl: Calling a method in the system process without a qualified user: android.app.ContextImpl.sendBroadcast:1183 android.content.ContextWrapper.sendBroadcast:453 com.huawei.motionservice.relayadapter.a.b:4 com.huawei.motionservice.relayadapter.b.b:2 com.huawei.motionservice.motionregister.d.b:25 
06-08 11:06:44.573 14573 14606 E ActivityThread: Failed to find provider info for com.android.dialer.database.filterednumberprovider
06-08 11:06:44.708  2120  5253 I chatty  : uid=1000(system) Binder:2120_F expire 14 lines
06-08 11:06:44.724  2120  2499 I chatty  : uid=1000(system) HwActivityTaskM expire 11 lines
06-08 11:06:44.724  2120  4099 I chatty  : uid=1000(system) Thread-6 expire 11 lines
06-08 11:06:44.736  4756  4959 I HwNetworkPolicyManager: getHwUidPolicy uid = 1001 policy = 0
06-08 11:06:44.739  2120  2489 I chatty  : uid=1000(system) android.display expire 23 lines
06-08 11:06:44.756 14573 14573 V ActivityThread: callActivityOnCreate
06-08 11:06:44.857 14573 14573 W SettingsEx: SettingsEx.Systemex.getString deprecated use Settings.System.getString instead ;callers=com.android.incallui.NumberMarkUtil.resetOption:641 com.android.incallui.NumberMarkUtil.isUseNetworkMark:612 com.android.incallui.CallCardFragment.setPrimary:2361 
06-08 11:06:44.861 14573 14573 W SettingsEx: SettingsEx.Systemex.getString deprecated use Settings.System.getString instead ;callers=com.android.incallui.NumberMarkUtil.resetOption:641 com.android.incallui.NumberMarkUtil.isUseNetworkMark:612 com.android.incallui.CallCardFragment.setPrimary:2361 
06-08 11:06:44.866 14573 14573 D ActivityThread: add activity client record, r= ActivityRecord{243cb85 token=android.os.BinderProxy@d82158d {com.android.incallui/com.android.incallui.InCallActivity}} token= android.os.BinderProxy@d82158d
06-08 11:06:44.960  4884  4954 I SmartDualCardConfig: getAppType,pkgName=android.uid.phone:1001,appType=-1
06-08 11:06:44.961  4884  4954 I SmartDualCardConfig: getAppType,pkgName=com.android.incallui,appType=32
06-08 11:06:44.961  4884  4954 E SmartDualCardConfig: isAppInBlackList false,items==null
06-08 11:06:44.961  4884  4954 I SmartDualCardSM: onUidStateUpdate,uid=1001,appName=android.uid.phone:1001,state=FOREGROUND
06-08 11:06:44.962  4330 29266 I HwCommandQueue: updateBarBgColor
06-08 11:06:44.962  4330 29266 D HwCommandQueue: CommandQueue, setBarBackgroundColor
06-08 11:06:44.964  4884  4954 I SmartDualCardConfig: getAppType,pkgName=android.uid.phone:1001,appType=-1
06-08 11:06:44.964  4884  4954 I SmartDualCardSM: updateAppState mAppState=2
06-08 11:06:44.964  4884  4954 I SmartDualCardConfig: addForegroundAppToList,size()=1,uid=1001
06-08 11:06:44.964  4884  4954 I BoosterUtil: getSlaveCardSubId slotId: 1, subId: 1
06-08 11:06:44.969  4330 29266 D HwCommandQueue: CommandQueue, set Launcher StatusBar Color
06-08 11:06:44.969  2120  2490 I chatty  : uid=1000(system) android.anim expire 18 lines
06-08 11:06:44.998  4884  4954 E SmartDualCardTrafficManager: isCustomerApplyTheTrafficPackage:: customer not set the package!
06-08 11:06:44.999  4884  4954 I BoosterUtil: getSlaveCardSubId slotId: 1, subId: 1
06-08 11:06:45.000  2120 14630 I chatty  : uid=1000(system) Binder:2120_15 expire 3 lines
06-08 11:06:45.006  2120 14661 I chatty  : uid=1000(system) Binder:2120_15 expire 2 lines
06-08 11:06:45.036  4884  4954 E SmartDualCardTrafficManager: isCustomerApplyTheTrafficPackage:: customer not set the package!
06-08 11:06:45.040  4884  4954 I BoosterUtil: getSlaveCardSubId slotId: 1, subId: 1
06-08 11:06:45.053  4884  4954 E SmartDualCardTrafficManager: isCustomerApplyTheTrafficPackage:: customer not set the package!
06-08 11:06:45.053  4884  4954 I SmartDualCardSM: boosterDump:prop=true SdcSwitchOn=false DataSwitchOn=true WifiConnect=true AirplaneOn=false ScreenOn=true VSimEnabled=false CallOn=true AppState=GENERAL_FOREGROUND HidataAppState=GENERAL_BACKGROUND defaultDataSlotId=0 default4GSlot=0 mForeAppRouteSlotId=0 DataOn=false M_MmsUtPdp=false S_MmsUtPdp=false userType=2 supportNetworkQoe=false GameBattleStatus=0
06-08 11:06:45.054  4884  4954 I BoosterUtil: getMasterCardSubId slotId: 0, subId: 3
06-08 11:06:45.055  4884  4954 I BoosterUtil: getSlaveCardSubId slotId: 1, subId: 1
06-08 11:06:45.055  4884  4954 E SmartDualCardSM: isSignalStrengthPoorScreenOn 2/3G or UNKNOWN true slotId:1
06-08 11:06:45.056  4884  4954 E SmartDualCardSM: isSignalStrengthPoorScreenOn 2/3G or UNKNOWN true slotId:1
06-08 11:06:45.056  4884  4954 I SmartDualCardSM: isSlaveCardNetworkBad return true,mIsSignalStengthPoors =true,mNetworkType=-1,mDownlinkSpeedLimits=1048576,mDataRoaming=false
06-08 11:06:45.056  4884  4954 I BoosterUtil: getSlaveCardSubId slotId: 1, subId: 1
06-08 11:06:45.072  4884  4954 I BoosterUtil: getSlaveCardSubId slotId: 1, subId: 1
06-08 11:06:45.085  4884  4954 E SmartDualCardTrafficManager: isCustomerApplyTheTrafficPackage:: customer not set the package!
06-08 11:06:45.089  4884  4954 I SmartDualCardSM: boosterDump:SlaveActive=false SameOperator=true M_NetworkBad=false S_NetworkBad=true M_DLSpeedLimit=1048576 S_DLSpeedLimit=1048576 M_DataRoam=false S_DataRoam=false VPNMode=false TetherOn=false AppQoeSlow=false HidataAppQoeSlow=false GameExpBad=false DsdsState=0 S_TrafficEnough=true M_NetworkStatus=4 S_NetworkStatus=1 1xTaskRun=false QoeSlowReason=0 MovementType=16 M_NetworkServicestatus=1 S_NetworkServicestatus=1 isUidBindListEmpty=true M_DetectAppQoe=-1 AppRouteSlot=0 WifiProSwitchSlaveCard=false LinkTurboActive=false
06-08 11:06:45.089  4884  4954 I SmartDualCardSM: isNeedMonitorAppQoe return false
06-08 11:06:45.089  4884  4954 I SmartDualCardSM: resetAppQoeState
06-08 11:06:45.091  4884  4954 I DollieChr: handleForegroundAppUpdateMsg,mAppState=1,scenes=2,mForegroundAppName=
06-08 11:06:45.091  4884  4954 I SmartDualCardSM: IdleState:got msg.what=EVENT_APP_MOVE_FOREGROUND
06-08 11:06:45.091  4884  4954 I SmartDualCardSM: no switch,wait master card network search result.
06-08 11:06:45.093  4884  4954 I SmartDualCardConfig: getAppType,pkgName=com.android.providers.telephony,appType=-1
06-08 11:06:45.093  4884  4954 E SmartDualCardConfig: isAppInBlackList false,items==null
06-08 11:06:45.093  4884  4954 I PowerMsgAdapter: UID hot switch, uid:1001, pkgName:com.android.incallui
06-08 11:06:45.093  4884  4954 E Booster_MatterAppRecommend: [isMatterPackage]invalid mMatterPackagesConfig
06-08 11:06:45.099  4884  4954 I SmartDualCardSM: IdleState:got msg.what=EVENT_SLAVE_TRAFFIC_FREE_APP_BACKGROUND
06-08 11:06:45.267  4884  4954 I SmartDualCardConfig: getAppType,pkgName=com.huawei.android.launcher,appType=28
06-08 11:06:45.267  4884  4954 I SmartDualCardSM: onUidStateUpdate isSkip,uid=10069,pkgName=com.huawei.android.launcher,pkgNameByComponentName=com.huawei.android.launcher
06-08 11:06:45.267  4884  4954 I SmartDualCardConfig: getAppType,pkgName=com.huawei.android.launcher,appType=28
06-08 11:06:45.267  4884  4954 E SmartDualCardConfig: isAppInBlackList false,items==null
06-08 11:06:45.678  2120  4092 I chatty  : uid=1000(system) ranker expire 1 line
06-08 11:06:46.669 14573 14573 W HwApsManager: HwApsManagerService, registerCallback, start !
06-08 11:06:46.671  2120  6321 I chatty  : uid=1000(system) Binder:2120_1C expire 10 lines
06-08 11:06:46.688  2120  2120 I chatty  : uid=1000(system) Binder:2120_15 expire 11 lines
06-08 11:06:46.693  5338  5338 I Telephony: TelephonyConnectionService: answer TC@118_1: (ICA.aC->CSFM.rF)->CS.an->H.CS.an@E-20s
06-08 11:06:46.709  4884  4884 W ContextImpl: Calling a method in the system process without a qualified user: android.app.ContextImpl.startService:1698 android.content.ContextWrapper.startService:669 android.content.ContextWrapper.startService:669 com.huawei.motionservice.relayadapter.MotionServiceReceiver.onReceive:140 android.app.ActivityThread.handleReceiver:4637 
06-08 11:06:46.710  2120  6256 I chatty  : uid=1000(system) Binder:2120_18 expire 10 lines
06-08 11:06:46.955  5338  5338 I Telephony: : properties: parcelableconnection: [Properties:]
06-08 11:06:46.959  4884  4884 I BoosterTelephonyCollector: CallStateChanged 2 slotId:0
06-08 11:06:46.963  4884  4954 I SmartDualCardSM: startSearchNetworkTimer,time=15000
06-08 11:06:46.963  4884  4954 I SmartDualCardSM: IdleState:got msg.what=EVENT_VOICE_CALL_STARTED
06-08 11:06:46.967  5338  5338 I Telephony: : Adapter set state TC@118_1 ACTIVE
06-08 11:06:46.967  5338  5338 I Telephony: : capabilities: parcelableconnection: [Capabilities: CAPABILITY_HOLD CAPABILITY_SUPPORT_HOLD CAPABILITY_MUTE CAPABILITY_SUPPORTS_VT_LOCAL_RX CAPABILITY_SUPPORTS_VT_LOCAL_TX CAPABILITY_SUPPORTS_VT_LOCAL_BIDIRECTIONAL CAPABILITY_SUPPORTS_VT_REMOTE_RX CAPABILITY_SUPPORTS_VT_REMOTE_TX CAPABILITY_SUPPORTS_VT_REMOTE_BIDIRECTIONAL CAPABILITY_SPEED_UP_MT_AUDIO]
06-08 11:06:46.987  2120  2506 I chatty  : uid=1000(system) ActivityManager expire 20 lines
06-08 11:06:47.003 14573 14573 W TelecomFramework: VideoCallImpl: setCamera: cameraId=null, calling=com.android.incallui
06-08 11:06:47.044  2120  7096 I chatty  : uid=1000(system) Binder:2120_21 expire 13 lines
06-08 11:06:47.695  5338  5338 I Telephony: TelephonyConnectionService: onAudioStateChanged TC@118_1 [AudioState isMuted: false, route: SPEAKER, supportedRouteMask: EARPIECE, SPEAKER, activeBluetoothDevice: [], supportedBluetoothDevices: [], activeDistributedDevice: [], supportedDistributedDevices: []]: (ICA.sAR->CARSM.pM_USER_SWITCH_SPEAKER)->CS.cASC->H.CS.cASC@E-22M
06-08 11:06:48.927  4884  4954 I PreDnsQuery: setPreDnsCurrentProp is: false
06-08 11:06:49.441  2120 21596 I chatty  : uid=1000(system) MobileQosDetect expire 16 lines
06-08 11:06:51.776  1065  1191 I storaged: storaged_t::event: storage_info refreshed.
06-08 11:06:53.446  2120  4083 I chatty  : uid=1000(system) ConnectivityThr expire 37 lines
06-08 11:06:57.219  4884  4884 I BoosterTelephonyCollector: CallStateChanged 0 slotId:0
06-08 11:06:57.228  4884  4954 E BoosterGameP: inValidCQI:-1
06-08 11:06:57.234  4884  4954 I DeepNoDisturbSM: setCallState isCallOn=false
06-08 11:06:57.236  4884  4954 I HidataAppQoeP: other status.
06-08 11:06:57.236  4884  4954 I PreDnsQuery: No need to handled!
06-08 11:06:57.237  4884  4954 I DeepNoDisturbSM: IdleState processMessage msg.what=EVENT_VOICE_CALL_ENDED
06-08 11:06:57.241  5338  5338 I Telephony: : Adapter set state TC@118_1 DISCONNECTED
06-08 11:06:57.242  5338  5338 I Telephony: : Adapter set disconnected DisconnectCause [ Code: (REMOTE) Label: () Description: () Reason: (NORMAL) Tone: (27) ]
06-08 11:06:57.246  4884  4954 I DeepNoDisturbSM: isWifiConnected = true
06-08 11:06:57.249  4884  4954 I DeepNoDisturbSM: isNeedEnterDeepNoDisturbMode false
06-08 11:06:57.249  4884  4954 E Booster_NetworkQoe: [checkModemParaCollecEnable]checkModemParaCollecEnable: false,mNetworkQoeConditions=254
06-08 11:06:57.254  2120  2609 I chatty  : uid=1000(system) Binder:2120_4 expire 13 lines
06-08 11:06:57.256  4884  4954 I SmartDualCardSM: startSearchNetworkTimer,time=15000
06-08 11:06:57.287  2120  2608 I chatty  : uid=1000(system) Binder:2120_3 expire 10 lines
06-08 11:06:57.317 14573 14573 W TelecomFramework: VideoCallImpl: setCamera: cameraId=null, calling=com.android.incallui
06-08 11:06:57.323  2120 14726 I chatty  : uid=1000(system) Binder:2120_15 expire 1 line
06-08 11:06:57.325  2120  2518 I chatty  : uid=1000(system) PowerManagerSer expire 46 lines
06-08 11:06:57.343  2120  2506 I chatty  : uid=1000(system) ActivityManager expire 17 lines
06-08 11:06:57.409 14573 14573 W SettingsEx: SettingsEx.Systemex.getString deprecated use Settings.System.getString instead ;callers=com.android.incallui.NumberMarkUtil.resetOption:641 com.android.incallui.NumberMarkUtil.isUseNetworkMark:612 com.android.incallui.CallEndOptionsDialog.onCreate:314 
06-08 11:06:57.413 14738 14738 D ActivityThread: Attach thread to application
06-08 11:06:57.419  2120  2487 I chatty  : uid=1000(system) android.ui expire 15 lines
06-08 11:06:57.419  4330 11988 D HwCommandQueue: CommandQueue, set Launcher StatusBar Color
06-08 11:06:57.430 14738 14757 I ActivityThread: Init compatible state: true
06-08 11:06:57.478  2120  2490 I chatty  : uid=1000(system) android.anim expire 80 lines
06-08 11:06:57.489 14738 14738 I ActivityThread: finishPreloaded preloadStatus 0
06-08 11:06:57.497  2120  6321 I chatty  : uid=1000(system) Binder:2120_1C expire 28 lines
06-08 11:06:57.512 14768 14768 D ActivityThread: Attach thread to application
06-08 11:06:57.529  2120  2120 I chatty  : uid=1000(system) Binder:2120_15 expire 17 lines
06-08 11:06:57.531 14768 14790 I ActivityThread: Init compatible state: false
06-08 11:06:57.537 14768 14768 I LoadedApk: makePaths: outLibPaths=[/data/app/com.android.contacts-nxO7HOy2og0lCEi9Hqcspg==/lib/arm64, /system/lib64:/hw_product/lib64:/system/product/lib64:/prets/lib64]
06-08 11:06:57.657 14768 14768 I ActivityThread: finishPreloaded preloadStatus 0
06-08 11:06:57.657  2120  6256 I chatty  : uid=1000(system) Binder:2120_18 expire 21 lines
06-08 11:06:57.686  2120  5646 I chatty  : uid=1000(system) CallAudioModeSt expire 3 lines
06-08 11:06:57.866  2120  5641 I chatty  : uid=1000(system) uteStateMachine expire 4 lines
06-08 11:06:58.283  4884  4954 D NpdcpAliveManager: ro.odm.npdcp_alive_cfg_enable is false
06-08 11:06:58.320  2120  4100 I chatty  : uid=1000(system) AudioService expire 1 line
06-08 11:06:59.304  4884  4954 D NpdcpAliveManager: ro.odm.npdcp_alive_cfg_enable is false
06-08 11:07:00.330  4884  4954 D NpdcpAliveManager: ro.odm.npdcp_alive_cfg_enable is false
06-08 11:07:00.897 26721 26721 W ContextImpl: Calling a method in the system process without a qualified user: android.app.ContextImpl.sendBroadcast:1183 com.huawei.android.chr.ProtocolLogManager.setCallQualityParaInfo2Db:1136 com.huawei.android.chr.callflow.HisiCallInfoCollector.a:1202 com.huawei.android.chr.callflow.CallInfoCollector$1.handleMessage:73 android.os.Handler.dispatchMessage:110 
06-08 11:07:00.902 26721 26721 W ContextImpl: Calling a method in the system process without a qualified user: android.app.ContextImpl.sendBroadcast:1183 com.huawei.android.chr.ProtocolLogManager.setCallInfo2DbEx:1189 com.huawei.android.chr.callflow.HisiCallInfoCollector.a:1171 com.huawei.android.chr.callflow.CallInfoCollector$1.handleMessage:73 android.os.Handler.dispatchMessage:110 
06-08 11:07:01.351  4884  4954 D NpdcpAliveManager: ro.odm.npdcp_alive_cfg_enable is false
06-08 11:07:03.405  4884  4954 I chatty  : uid=1000(system) OllieAwareThrea identical 29 lines
06-08 11:07:04.978 14573 14573 I ViewRootImpl: dispatchDetachedFromWindow in doDie
06-08 11:07:04.990  4330 28921 I HwCommandQueue: updateBarBgColor
06-08 11:07:04.991  4330 28921 D HwCommandQueue: CommandQueue, setBarBackgroundColor
06-08 11:07:04.991  4330 28921 D HwCommandQueue: CommandQueue, set Launcher StatusBar Color
06-08 11:07:05.007  2120  4709 I chatty  : uid=1000(system) Binder:2120_8 expire 22 lines
06-08 11:07:05.020  2120  6328 I chatty  : uid=1000(system) Binder:2120_20 expire 3 lines
06-08 11:07:05.020  7119  7119 I RtgSchedEvent: current pid:7119 AppType:28
06-08 11:07:05.020  4756  5224 I HwNetworkPolicyManager: getHwUidPolicy uid = 10069 policy = 0
06-08 11:07:05.034  7119  7119 D ActivityThread: Won't deliver top position change in state=5
06-08 11:07:05.035  7119  7119 I ActivityThread: Handle window ActivityRecord{7910397 token=android.os.BinderProxy@b5e7469 {com.huawei.android.launcher/com.huawei.android.launcher.unihome.UniHomeLauncher}} visibility: true
06-08 11:07:05.039  2120  4399 I chatty  : uid=1000(system) Binder:2120_6 expire 7 lines
06-08 11:07:05.050  4884  4955 I chatty  : uid=1000(system) OllieServiceThr expire 2 lines
06-08 11:07:05.101  2120  5253 I chatty  : uid=1000(system) Binder:2120_F expire 19 lines
06-08 11:07:05.130  5251 16314 W ContextImpl: Calling a method in the system process without a qualified user: android.app.ContextImpl.bindService:1777 android.content.ContextWrapper.bindService:705 ohos.abilityshell.support.O00000O.O000000:709 ohos.abilityshell.support.O00000O.connectAbility:579 ohos.abilityshell.support.O00000o.O000000:153 
06-08 11:07:05.232  4330 28921 I HwCommandQueue: updateBarBgColor
06-08 11:07:05.232  4330 28921 D HwCommandQueue: CommandQueue, setBarBackgroundColor
06-08 11:07:05.232  4330 29266 D HwCommandQueue: CommandQueue, set Launcher StatusBar Color
06-08 11:07:05.329 14573 14573 D ActivityThread: Remove activity client record, r= ActivityRecord{243cb85 token=android.os.BinderProxy@d82158d {com.android.incallui/com.android.incallui.InCallActivity}} token= android.os.BinderProxy@d82158d
06-08 11:07:05.329 14573 14573 I ViewRootImpl: dispatchDetachedFromWindow in doDie
06-08 11:07:11.456  2120  2643 I chatty  : uid=1000(system) AlarmManager expire 16 lines
06-08 11:07:15.863  2120  4937 I chatty  : uid=1000(system) Binder:2120_D expire 5 lines
06-08 11:07:16.143  2120  2613 I chatty  : uid=1000(system) UEventObserver expire 12 lines
06-08 11:07:28.465  4884  4884 I chatty  : uid=1000(system) com.huawei.systemserver expire 4 lines
06-08 11:07:28.637  2120  2489 I chatty  : uid=1000(system) android.display expire 20 lines
06-08 11:07:28.754  2120  4099 I chatty  : uid=1000(system) Thread-6 expire 10 lines
06-08 11:07:28.768  2120  2507 I chatty  : uid=1000(system) ActivityManager expire 8 lines
06-08 11:07:28.810 14947 14947 D ActivityThread: Attach thread to application
06-08 11:07:28.814  2120  5253 I chatty  : uid=1000(system) Binder:2120_F expire 21 lines
06-08 11:07:28.819  2120  2500 I chatty  : uid=1000(system) HwGameAssistant expire 3 lines
06-08 11:07:28.823  2120  4936 I chatty  : uid=1000(system) Binder:2120_C expire 34 lines
06-08 11:07:28.828 14947 14967 I ActivityThread: Init compatible state: true
06-08 11:07:28.836  4330 18479 D HwCommandQueue: CommandQueue, set Launcher StatusBar Color
06-08 11:07:28.848  2120  2647 I chatty  : uid=1000(system) sManagerService expire 13 lines
06-08 11:07:28.850  2120  6256 I chatty  : uid=1000(system) Binder:2120_18 expire 15 lines
06-08 11:07:28.850  4756  6044 I HwNetworkPolicyManager: getHwUidPolicy uid = 11184 policy = 0
06-08 11:07:28.881  2120  2518 I chatty  : uid=1000(system) PowerManagerSer expire 11 lines
06-08 11:07:28.936 14947 14947 I ActivityThread: finishPreloaded preloadStatus 0
06-08 11:07:28.936 14947 14947 I RtgSchedEvent: current pid:14947 AppType:-1
06-08 11:07:28.983  2120  5322 I chatty  : uid=1000(system) Binder:2120_12 expire 17 lines
06-08 11:07:28.986 14947 14947 V ActivityThread: callActivityOnCreate
06-08 11:07:29.108 14947 15005 F libc    : Fatal signal 11 (SIGSEGV), code 1 (SEGV_MAPERR), fault addr 0x4e in tid 15005 (ry.ffmpegglplay), pid 14947 (ry.ffmpegglplay)
06-08 11:07:29.114 14947 14947 D ActivityThread: add activity client record, r= ActivityRecord{d5bfca7 token=android.os.BinderProxy@c0e565 {com.henry.ffmpegglplay/com.henry.ffmpegglplay.MainActivity}} token= android.os.BinderProxy@c0e565
06-08 11:07:29.159 14947 14947 I RtgSchedEvent: current pid:14947 AppType:-1
06-08 11:07:29.159 15009 15009 F DEBUG   : *** *** *** *** *** *** *** *** *** *** *** *** *** *** *** ***
06-08 11:07:29.159 15009 15009 F DEBUG   : Build fingerprint: 'HUAWEI/VOG-AL10/HWVOG:10/HUAWEIVOG-AL10/10.1.0.162C00:user/release-keys'
06-08 11:07:29.159 15009 15009 F DEBUG   : Revision: '0'
06-08 11:07:29.159 15009 15009 F DEBUG   : ABI: 'arm'
06-08 11:07:29.162  4884  4954 I chatty  : uid=1000(system) OllieAwareThrea expire 64 lines
06-08 11:07:29.164 15009 15009 F DEBUG   : SYSVMTYPE: Maple
06-08 11:07:29.164 15009 15009 F DEBUG   : APPVMTYPE: Art
06-08 11:07:29.164 15009 15009 F DEBUG   : Timestamp: 2022-06-08 11:07:29+0800
06-08 11:07:29.164 15009 15009 F DEBUG   : pid: 14947, tid: 15005, name: ry.ffmpegglplay  >>> com.henry.ffmpegglplay <<<
06-08 11:07:29.164 15009 15009 F DEBUG   : uid: 11184
06-08 11:07:29.164 15009 15009 F DEBUG   : signal 11 (SIGSEGV), code 1 (SEGV_MAPERR), fault addr 0x4e
06-08 11:07:29.164 15009 15009 F DEBUG   : Cause: null pointer dereference
06-08 11:07:29.164 15009 15009 F DEBUG   :     r0  0000004e  r1  00000000  r2  0000004e  r3  00000045
06-08 11:07:29.164 15009 15009 F DEBUG   :     r4  d82f2aa0  r5  00000000  r6  0000000c  r7  c0272f40
06-08 11:07:29.164 15009 15009 F DEBUG   :     r8  00000000  r9  00000000  r10 00002261  r11 00000000
06-08 11:07:29.164 15009 15009 F DEBUG   :     ip  c1a7db70  sp  c0272f08  lr  c14b30b4  pc  c12fe6b4
06-08 11:07:29.165 15009 15009 F DEBUG   : 
06-08 11:07:29.165 15009 15009 F DEBUG   : backtrace:
06-08 11:07:29.165 15009 15009 F DEBUG   :       #00 pc 0001b6b4  /data/app/com.henry.ffmpegglplay-hQwt3-IQ6va1O-e689XX9g==/lib/arm/libavutil.so (av_freep+8)
06-08 11:07:29.165  2120  2506 I chatty  : uid=1000(system) ActivityManager expire 13 lines
06-08 11:07:29.189  4330 28921 I HwCommandQueue: updateBarBgColor
06-08 11:07:29.189  4330 28921 D HwCommandQueue: CommandQueue, setBarBackgroundColor
06-08 11:07:29.190  4330  6867 D HwCommandQueue: CommandQueue, set Launcher StatusBar Color
06-08 11:07:29.549  2120 15050 I chatty  : uid=1000(system) Binder:2120_15 expire 6 lines
06-08 11:07:29.550  2120 15051 I chatty  : uid=1000(system) Binder:2120_15 expire 1 line
06-08 11:07:29.552  2120  6325 I chatty  : uid=1000(system) Binder:2120_1E expire 16 lines
06-08 11:07:29.561  2120  6321 I chatty  : uid=1000(system) Binder:2120_1C expire 20 lines
06-08 11:07:29.582  7119  7119 I RtgSchedEvent: current pid:7119 AppType:28
06-08 11:07:29.582  7119  7119 D ActivityThread: Won't deliver top position change in state=5
06-08 11:07:29.588  7119  7119 I ActivityThread: Handle window ActivityRecord{7910397 token=android.os.BinderProxy@b5e7469 {com.huawei.android.launcher/com.huawei.android.launcher.unihome.UniHomeLauncher}} visibility: true
06-08 11:07:29.605  4756  4959 I HwNetworkPolicyManager: getHwUidPolicy uid = 10069 policy = 0
06-08 11:07:29.672  2120  4934 I chatty  : uid=1000(system) Binder:2120_B expire 14 lines
06-08 11:07:29.688  2120  2608 I chatty  : uid=1000(system) Binder:2120_3 expire 46 lines
06-08 11:07:29.749  4330 18479 I HwCommandQueue: updateBarBgColor
06-08 11:07:29.749  4330 18479 D HwCommandQueue: CommandQueue, setBarBackgroundColor
06-08 11:07:29.750  4330 28921 D HwCommandQueue: CommandQueue, set Launcher StatusBar Color
06-08 11:07:45.768  2120  2120 I chatty  : uid=1000(system) Binder:2120_15 expire 18 lines
06-08 11:07:51.777  1065  1191 I storaged: storaged_t::event: storage_info refreshed.
