06-08 11:16:02.636  4330 29266 D HwCommandQueue: CommandQueue, set Launcher StatusBar Color
06-08 11:16:02.666 25189 25189 D ActivityThread: Won't deliver top position change in state=5
06-08 11:16:02.670 25189 25189 I ActivityThread: Handle window ActivityRecord{382d6c3 token=android.os.BinderProxy@8e8d020 {com.tencent.mm/com.tencent.mm.ui.chatting.gallery.ImageGalleryUI}} visibility: true
06-08 11:16:02.674 25189 25189 I ActivityThread: Handle window ActivityRecord{739b0e9 token=android.os.BinderProxy@e619823 {com.tencent.mm/com.tencent.mm.ui.LauncherUI}} visibility: true
06-08 11:16:02.693  2120  5300 I chatty  : uid=1000(system) Binder:2120_11 expire 64 lines
06-08 11:16:02.695  4330 11988 I HwCommandQueue: updateBarBgColor
06-08 11:16:02.695  4330 11988 D HwCommandQueue: CommandQueue, setBarBackgroundColor
06-08 11:16:02.695  4330 11988 D HwCommandQueue: CommandQueue, set Launcher StatusBar Color
06-08 11:16:02.758  4330 29266 D HwCommandQueue: CommandQueue, set Launcher StatusBar Color
06-08 11:16:03.454 25189 25189 D ActivityThread: Remove activity client record, r= ActivityRecord{b933bf3 token=android.os.BinderProxy@abaae8d {com.tencent.mm/com.tencent.mm.ui.transmit.SelectConversationUI}} token= android.os.BinderProxy@abaae8d
06-08 11:16:03.454 25189 25189 I ViewRootImpl: dispatchDetachedFromWindow in doDie
06-08 11:16:04.521  4330 29266 I HwCommandQueue: updateBarBgColor
06-08 11:16:04.521  4330 29266 D HwCommandQueue: CommandQueue, setBarBackgroundColor
06-08 11:16:04.522  4330 29266 D HwCommandQueue: CommandQueue, set Launcher StatusBar Color
06-08 11:16:04.530  4330 18479 D HwCommandQueue: CommandQueue, set Launcher StatusBar Color
06-08 11:16:04.532 25189 25189 D ActivityThread: Won't deliver top position change in state=2
06-08 11:16:04.793 25189 25189 D ActivityThread: Remove activity client record, r= ActivityRecord{b52a47e token=android.os.BinderProxy@56e8893 {com.tencent.mm/com.tencent.mm.ui.transmit.MsgRetransmitUI}} token= android.os.BinderProxy@56e8893
06-08 11:16:04.793 25189 25189 I ViewRootImpl: dispatchDetachedFromWindow in doDie
06-08 11:16:05.290  4884  4954 I chatty  : uid=1000(system) OllieAwareThrea expire 28 lines
06-08 11:16:09.718  4330 18479 I HwCommandQueue: updateBarBgColor
06-08 11:16:09.718  4330 18479 D HwCommandQueue: CommandQueue, setBarBackgroundColor
06-08 11:16:09.719  4330 18479 D HwCommandQueue: CommandQueue, set Launcher StatusBar Color
06-08 11:16:09.726  4330 11988 D HwCommandQueue: CommandQueue, set Launcher StatusBar Color
06-08 11:16:09.737 25189 25189 D ActivityThread: Won't deliver top position change in state=2
06-08 11:16:09.808  2120  4398 I chatty  : uid=1000(system) Binder:2120_5 expire 11 lines
06-08 11:16:09.902 25189 25189 D ActivityThread: Remove activity client record, r= ActivityRecord{382d6c3 token=android.os.BinderProxy@8e8d020 {com.tencent.mm/com.tencent.mm.ui.chatting.gallery.ImageGalleryUI}} token= android.os.BinderProxy@8e8d020
06-08 11:16:09.906 25189 25189 I ViewRootImpl: dispatchDetachedFromWindow in doDie
06-08 11:16:10.400 25189 25189 I ViewRootImpl: dispatchDetachedFromWindow in doDie
06-08 11:16:11.633  4756  5224 I HwNetworkPolicyManager: getHwUidPolicy uid = 10069 policy = 0
06-08 11:16:11.650  7119  7119 I ActivityThread: Handle window ActivityRecord{7910397 token=android.os.BinderProxy@b5e7469 {com.huawei.android.launcher/com.huawei.android.launcher.unihome.UniHomeLauncher}} visibility: true
06-08 11:16:11.721  2120  2490 I chatty  : uid=1000(system) android.anim expire 39 lines
06-08 11:16:11.727  2120  2489 I chatty  : uid=1000(system) android.display expire 17 lines
06-08 11:16:11.734  2120  4711 I chatty  : uid=1000(system) Binder:2120_9 expire 11 lines
06-08 11:16:11.758  2120  4933 I chatty  : uid=1000(system) Binder:2120_A expire 25 lines
06-08 11:16:11.775  2120  6325 I chatty  : uid=1000(system) Binder:2120_1E expire 12 lines
06-08 11:16:12.068  2120  2518 I chatty  : uid=1000(system) PowerManagerSer expire 104 lines
06-08 11:16:13.817  2120  2608 I chatty  : uid=1000(system) Binder:2120_3 expire 18 lines
06-08 11:16:14.751  2120  5322 I chatty  : uid=1000(system) Binder:2120_12 expire 34 lines
06-08 11:16:14.795  2120  4284 I chatty  : uid=1000(system) SyncManager expire 3 lines
06-08 11:16:18.716  3923  3923 I ViewRootImpl: dispatchDetachedFromWindow in doDie
06-08 11:16:18.723  2120  4709 I chatty  : uid=1000(system) Binder:2120_8 expire 18 lines
06-08 11:16:19.202  2120  5300 I chatty  : uid=1000(system) Binder:2120_11 expire 54 lines
06-08 11:16:19.623  4884  4954 I chatty  : uid=1000(system) OllieAwareThrea expire 15 lines
06-08 11:16:21.524  2120  2609 I chatty  : uid=1000(system) Binder:2120_4 expire 47 lines
06-08 11:16:23.063 25189 25189 I ViewRootImpl: dispatchDetachedFromWindow in doDie
06-08 11:16:24.503 25189 25189 I ViewRootImpl: dispatchDetachedFromWindow in doDie
06-08 11:16:26.423 25189 25189 I ViewRootImpl: dispatchDetachedFromWindow in doDie
06-08 11:16:28.937  2120  2518 I chatty  : uid=1000(system) PowerManagerSer expire 57 lines
06-08 11:16:29.545  3923  3923 I ViewRootImpl: dispatchDetachedFromWindow in doDie
06-08 11:16:29.550  2120  2608 I chatty  : uid=1000(system) Binder:2120_3 expire 43 lines
06-08 11:16:29.714  2120  4406 I chatty  : uid=1000(system) Binder:2120_7 expire 62 lines
06-08 11:16:29.815  2120  5300 I chatty  : uid=1000(system) Binder:2120_11 expire 21 lines
06-08 11:16:29.843  2120  2490 I chatty  : uid=1000(system) android.anim expire 10 lines
06-08 11:16:33.985  2120 21596 I chatty  : uid=1000(system) MobileQosDetect expire 16 lines
06-08 11:16:34.083  2120  2643 I chatty  : uid=1000(system) AlarmManager expire 10 lines
06-08 11:16:34.294  2120  4933 I chatty  : uid=1000(system) Binder:2120_A expire 48 lines
06-08 11:16:34.987  4884  4954 D NpdcpAliveManager: ro.odm.npdcp_alive_cfg_enable is false
06-08 11:16:36.011  4884  4954 D NpdcpAliveManager: ro.odm.npdcp_alive_cfg_enable is false
06-08 11:16:37.030  4884  4954 D NpdcpAliveManager: ro.odm.npdcp_alive_cfg_enable is false
06-08 11:16:38.058  4884  4954 D NpdcpAliveManager: ro.odm.npdcp_alive_cfg_enable is false
06-08 11:16:38.247  2120  4709 I chatty  : uid=1000(system) Binder:2120_8 expire 25 lines
06-08 11:16:39.078  4884  4954 D NpdcpAliveManager: ro.odm.npdcp_alive_cfg_enable is false
06-08 11:16:40.103  4884  4954 D NpdcpAliveManager: ro.odm.npdcp_alive_cfg_enable is false
06-08 11:16:41.006  3923  3923 I ViewRootImpl: dispatchDetachedFromWindow in doDie
06-08 11:16:41.035  2120  2518 I chatty  : uid=1000(system) PowerManagerSer expire 28 lines
06-08 11:16:41.076  2120  4406 I chatty  : uid=1000(system) Binder:2120_7 expire 36 lines
06-08 11:16:41.125  4884  4954 D NpdcpAliveManager: ro.odm.npdcp_alive_cfg_enable is false
06-08 11:16:41.873 25189 25189 I ViewRootImpl: dispatchDetachedFromWindow in doDie
06-08 11:16:41.885 25189 25189 I ViewRootImpl: dispatchDetachedFromWindow in doDie
06-08 11:16:41.916  2120  2490 I chatty  : uid=1000(system) android.anim expire 26 lines
06-08 11:16:42.153  4884  4954 D NpdcpAliveManager: ro.odm.npdcp_alive_cfg_enable is false
06-08 11:16:43.178  4884  4954 D NpdcpAliveManager: ro.odm.npdcp_alive_cfg_enable is false
06-08 11:16:43.550  2120  2120 I chatty  : uid=1000(system) Binder:2120_15 expire 10 lines
06-08 11:16:44.033 25189 25189 I ViewRootImpl: dispatchDetachedFromWindow in doDie
06-08 11:16:44.036  2120  5322 I chatty  : uid=1000(system) Binder:2120_12 expire 22 lines
06-08 11:16:44.068  2120  2499 I chatty  : uid=1000(system) HwActivityTaskM expire 13 lines
06-08 11:16:44.068  2120  4099 I chatty  : uid=1000(system) Thread-6 expire 16 lines
06-08 11:16:44.075 25189 25189 I ViewRootImpl: dispatchDetachedFromWindow in doDie
06-08 11:16:44.088  3923  3923 I ViewRootImpl: dispatchDetachedFromWindow in doDie
06-08 11:16:44.091 25189 25189 V ActivityThread: callActivityOnCreate
06-08 11:16:44.136 25189 25189 D ActivityThread: add activity client record, r= ActivityRecord{6c6a30 token=android.os.BinderProxy@e0b9209 {com.tencent.mm/com.tencent.mm.ui.chatting.gallery.ImageGalleryUI}} token= android.os.BinderProxy@e0b9209
06-08 11:16:44.173  4884  4954 E Booster_MatterAppRecommend: [isMatterPackage]invalid mMatterPackagesConfig
06-08 11:16:44.199  4884  4954 D NpdcpAliveManager: ro.odm.npdcp_alive_cfg_enable is false
06-08 11:16:44.202  4330 18479 I HwCommandQueue: updateBarBgColor
06-08 11:16:44.202  4330 18479 D HwCommandQueue: CommandQueue, setBarBackgroundColor
06-08 11:16:44.204  2120  2487 I chatty  : uid=1000(system) android.ui expire 16 lines
06-08 11:16:44.205  4330 11988 D HwCommandQueue: CommandQueue, set Launcher StatusBar Color
06-08 11:16:44.228  4330 11988 D HwCommandQueue: CommandQueue, set Launcher StatusBar Color
06-08 11:16:45.222  4884  4954 D NpdcpAliveManager: ro.odm.npdcp_alive_cfg_enable is false
06-08 11:16:46.249  4884  4954 D NpdcpAliveManager: ro.odm.npdcp_alive_cfg_enable is false
06-08 11:16:49.319  4884  4954 D NpdcpAliveManager: ro.odm.npdcp_alive_cfg_enable is false
06-08 11:16:50.344  4884  4954 D NpdcpAliveManager: ro.odm.npdcp_alive_cfg_enable is false
06-08 11:16:51.368  4884  4954 D NpdcpAliveManager: ro.odm.npdcp_alive_cfg_enable is false
06-08 11:16:51.589  4330 18479 I HwCommandQueue: updateBarBgColor
06-08 11:16:51.590  4330 18479 D HwCommandQueue: CommandQueue, setBarBackgroundColor
06-08 11:16:51.591  4330 18479 D HwCommandQueue: CommandQueue, set Launcher StatusBar Color
06-08 11:16:51.599  4330 29266 D HwCommandQueue: CommandQueue, set Launcher StatusBar Color
06-08 11:16:51.608 25189 25189 D ActivityThread: Won't deliver top position change in state=4
06-08 11:16:51.661  4884  4954 E Booster_MatterAppRecommend: [isMatterPackage]invalid mMatterPackagesConfig
06-08 11:16:51.662  2120  4709 I chatty  : uid=1000(system) Binder:2120_8 expire 10 lines
06-08 11:16:51.754 25189 25189 D ActivityThread: Remove activity client record, r= ActivityRecord{6c6a30 token=android.os.BinderProxy@e0b9209 {com.tencent.mm/com.tencent.mm.ui.chatting.gallery.ImageGalleryUI}} token= android.os.BinderProxy@e0b9209
06-08 11:16:51.754 25189 25189 I ViewRootImpl: dispatchDetachedFromWindow in doDie
06-08 11:16:51.788  1065  1191 I storaged: storaged_t::event: storage_info refreshed.
06-08 11:16:52.393  4884  4954 D NpdcpAliveManager: ro.odm.npdcp_alive_cfg_enable is false
06-08 11:16:53.414  4884  4954 D NpdcpAliveManager: ro.odm.npdcp_alive_cfg_enable is false
06-08 11:16:54.438  4884  4954 D NpdcpAliveManager: ro.odm.npdcp_alive_cfg_enable is false
06-08 11:16:54.541 25189 25189 I ViewRootImpl: dispatchDetachedFromWindow in doDie
06-08 11:16:54.542  2120  2608 I chatty  : uid=1000(system) Binder:2120_3 expire 33 lines
06-08 11:16:54.838  2120  2609 I chatty  : uid=1000(system) Binder:2120_4 expire 21 lines
06-08 11:16:55.078  2120  2518 I chatty  : uid=1000(system) PowerManagerSer expire 88 lines
06-08 11:16:55.297  2120  4933 I chatty  : uid=1000(system) Binder:2120_A expire 58 lines
06-08 11:16:55.461  4884  4954 D NpdcpAliveManager: ro.odm.npdcp_alive_cfg_enable is false
06-08 11:16:55.952  2120  2490 I chatty  : uid=1000(system) android.anim expire 20 lines
06-08 11:16:56.264  2120  5322 I chatty  : uid=1000(system) Binder:2120_12 expire 28 lines
06-08 11:16:56.488  4884  4954 D NpdcpAliveManager: ro.odm.npdcp_alive_cfg_enable is false
06-08 11:16:57.244 25189 25189 I ViewRootImpl: dispatchDetachedFromWindow in doDie
06-08 11:16:57.252 25189 25189 V ActivityThread: callActivityOnCreate
06-08 11:16:57.293 25189 25189 D ActivityThread: add activity client record, r= ActivityRecord{f4e7ab8 token=android.os.BinderProxy@5612944 {com.tencent.mm/com.tencent.mm.ui.chatting.gallery.ImageGalleryUI}} token= android.os.BinderProxy@5612944
06-08 11:16:57.310  4884  4954 E Booster_MatterAppRecommend: [isMatterPackage]invalid mMatterPackagesConfig
06-08 11:16:57.331  4330 29266 I HwCommandQueue: updateBarBgColor
06-08 11:16:57.331  4330 29266 D HwCommandQueue: CommandQueue, setBarBackgroundColor
06-08 11:16:57.333  4330 29266 D HwCommandQueue: CommandQueue, set Launcher StatusBar Color
06-08 11:16:57.361  2120  2489 I chatty  : uid=1000(system) android.display expire 10 lines
06-08 11:16:57.363  4330 29266 D HwCommandQueue: CommandQueue, set Launcher StatusBar Color
06-08 11:16:57.509  4884  4954 D NpdcpAliveManager: ro.odm.npdcp_alive_cfg_enable is false
06-08 11:16:58.478  4884  4954 I SmartDualCardSM: IdleState:got msg.what=EVENT_HARD_SWITCH_CONDITION_CHECK
06-08 11:16:58.540  4884  4954 D NpdcpAliveManager: ro.odm.npdcp_alive_cfg_enable is false
06-08 11:16:59.559  4884  4954 D NpdcpAliveManager: ro.odm.npdcp_alive_cfg_enable is false
06-08 11:17:00.584  4884  4954 D NpdcpAliveManager: ro.odm.npdcp_alive_cfg_enable is false
06-08 11:17:01.609  4884  4954 D NpdcpAliveManager: ro.odm.npdcp_alive_cfg_enable is false
06-08 11:17:01.809  4330 11988 I HwCommandQueue: updateBarBgColor
06-08 11:17:01.810  4330 11988 D HwCommandQueue: CommandQueue, setBarBackgroundColor
06-08 11:17:01.810  4330  6867 D HwCommandQueue: CommandQueue, set Launcher StatusBar Color
06-08 11:17:01.818  4330 29266 D HwCommandQueue: CommandQueue, set Launcher StatusBar Color
06-08 11:17:01.828 25189 25189 D ActivityThread: Won't deliver top position change in state=4
06-08 11:17:01.881  4884  4954 E Booster_MatterAppRecommend: [isMatterPackage]invalid mMatterPackagesConfig
06-08 11:17:01.897  2120  2669 I chatty  : uid=1000(system) GestureNavManag expire 11 lines
06-08 11:17:02.002 25189 25189 D ActivityThread: Remove activity client record, r= ActivityRecord{f4e7ab8 token=android.os.BinderProxy@5612944 {com.tencent.mm/com.tencent.mm.ui.chatting.gallery.ImageGalleryUI}} token= android.os.BinderProxy@5612944
06-08 11:17:02.003 25189 25189 I ViewRootImpl: dispatchDetachedFromWindow in doDie
06-08 11:17:02.633  4884  4954 D NpdcpAliveManager: ro.odm.npdcp_alive_cfg_enable is false
06-08 11:17:02.912 25189 25189 I ViewRootImpl: dispatchDetachedFromWindow in doDie
06-08 11:17:03.655  4884  4954 D NpdcpAliveManager: ro.odm.npdcp_alive_cfg_enable is false
06-08 11:17:04.399  2120  2487 I chatty  : uid=1000(system) android.ui expire 11 lines
06-08 11:17:04.686  4884  4954 D NpdcpAliveManager: ro.odm.npdcp_alive_cfg_enable is false
06-08 11:17:05.274  2120  2608 I chatty  : uid=1000(system) Binder:2120_3 expire 16 lines
06-08 11:17:05.519 25189 25189 I ViewRootImpl: dispatchDetachedFromWindow in doDie
06-08 11:17:05.710  4884  4954 D NpdcpAliveManager: ro.odm.npdcp_alive_cfg_enable is false
06-08 11:17:06.729  4884  4954 D NpdcpAliveManager: ro.odm.npdcp_alive_cfg_enable is false
06-08 11:17:07.632  2120  4709 I chatty  : uid=1000(system) Binder:2120_8 expire 18 lines
06-08 11:17:07.755  4884  4954 D NpdcpAliveManager: ro.odm.npdcp_alive_cfg_enable is false
06-08 11:17:08.775  4884  4954 D NpdcpAliveManager: ro.odm.npdcp_alive_cfg_enable is false
06-08 11:17:09.799  4884  4954 D NpdcpAliveManager: ro.odm.npdcp_alive_cfg_enable is false
06-08 11:17:10.678  2120  2490 I chatty  : uid=1000(system) android.anim expire 12 lines
06-08 11:17:10.823  4884  4954 D NpdcpAliveManager: ro.odm.npdcp_alive_cfg_enable is false
06-08 11:17:11.851  4884  4954 D NpdcpAliveManager: ro.odm.npdcp_alive_cfg_enable is false
06-08 11:17:12.879  4884  4954 D NpdcpAliveManager: ro.odm.npdcp_alive_cfg_enable is false
06-08 11:17:13.899  4884  4954 D NpdcpAliveManager: ro.odm.npdcp_alive_cfg_enable is false
06-08 11:17:14.785  2120  2609 I chatty  : uid=1000(system) Binder:2120_4 expire 14 lines
06-08 11:17:14.919  4884  4954 D NpdcpAliveManager: ro.odm.npdcp_alive_cfg_enable is false
06-08 11:17:15.941  4884  4954 D NpdcpAliveManager: ro.odm.npdcp_alive_cfg_enable is false
06-08 11:17:15.995  2120  2518 I chatty  : uid=1000(system) PowerManagerSer expire 31 lines
06-08 11:17:16.077  2120  4406 I chatty  : uid=1000(system) Binder:2120_7 expire 6 lines
06-08 11:17:16.968  4884  4954 D NpdcpAliveManager: ro.odm.npdcp_alive_cfg_enable is false
06-08 11:17:17.242  2120  6325 I chatty  : uid=1000(system) Binder:2120_1E expire 19 lines
06-08 11:17:17.991  4884  4954 D NpdcpAliveManager: ro.odm.npdcp_alive_cfg_enable is false
06-08 11:17:18.213  2120  4933 I chatty  : uid=1000(system) Binder:2120_A expire 21 lines
06-08 11:17:19.014  4884  4954 D NpdcpAliveManager: ro.odm.npdcp_alive_cfg_enable is false
06-08 11:17:20.043  4884  4954 D NpdcpAliveManager: ro.odm.npdcp_alive_cfg_enable is false
06-08 11:17:20.813  2120  5322 I chatty  : uid=1000(system) Binder:2120_12 expire 10 lines
06-08 11:17:21.066  4884  4954 D NpdcpAliveManager: ro.odm.npdcp_alive_cfg_enable is false
06-08 11:17:22.091  4884  4954 D NpdcpAliveManager: ro.odm.npdcp_alive_cfg_enable is false
06-08 11:17:23.112  4884  4954 D NpdcpAliveManager: ro.odm.npdcp_alive_cfg_enable is false
06-08 11:17:25.160  4884  4954 D NpdcpAliveManager: ro.odm.npdcp_alive_cfg_enable is false
06-08 11:17:26.184  4884  4954 D NpdcpAliveManager: ro.odm.npdcp_alive_cfg_enable is false
06-08 11:17:27.220  4884  4954 D NpdcpAliveManager: ro.odm.npdcp_alive_cfg_enable is false
06-08 11:17:28.232  4884  4954 D NpdcpAliveManager: ro.odm.npdcp_alive_cfg_enable is false
06-08 11:17:28.529  2120  2518 I chatty  : uid=1000(system) PowerManagerSer expire 31 lines
06-08 11:17:29.261  4884  4954 D NpdcpAliveManager: ro.odm.npdcp_alive_cfg_enable is false
06-08 11:17:30.280  4884  4954 D NpdcpAliveManager: ro.odm.npdcp_alive_cfg_enable is false
06-08 11:17:33.359  4884  4954 D NpdcpAliveManager: ro.odm.npdcp_alive_cfg_enable is false
06-08 11:17:34.144  2120  4933 I chatty  : uid=1000(system) Binder:2120_A expire 9 lines
06-08 11:17:34.159  2120  2609 I chatty  : uid=1000(system) Binder:2120_4 expire 11 lines
06-08 11:17:34.375  4884  4954 D NpdcpAliveManager: ro.odm.npdcp_alive_cfg_enable is false
06-08 11:17:36.423  4884  4954 D NpdcpAliveManager: ro.odm.npdcp_alive_cfg_enable is false
06-08 11:17:36.561  3923  3923 I ViewRootImpl: dispatchDetachedFromWindow in doDie
06-08 11:17:36.564  2120  5322 I chatty  : uid=1000(system) Binder:2120_12 expire 14 lines
06-08 11:17:37.345  2120  4099 I chatty  : uid=1000(system) Thread-6 expire 10 lines
06-08 11:17:37.348 25189 25189 I ViewRootImpl: dispatchDetachedFromWindow in doDie
06-08 11:17:37.348  2120  4709 I chatty  : uid=1000(system) Binder:2120_8 expire 10 lines
06-08 11:17:37.360 25189 25189 V ActivityThread: callActivityOnCreate
06-08 11:17:37.362  3923  3923 I ViewRootImpl: dispatchDetachedFromWindow in doDie
06-08 11:17:37.373  2120  2490 I chatty  : uid=1000(system) android.anim expire 18 lines
06-08 11:17:37.403 25189 25189 D ActivityThread: add activity client record, r= ActivityRecord{e81dc53 token=android.os.BinderProxy@1a6a6e {com.tencent.mm/com.tencent.mm.ui.chatting.gallery.ImageGalleryUI}} token= android.os.BinderProxy@1a6a6e
06-08 11:17:37.423  4884  4954 E Booster_MatterAppRecommend: [isMatterPackage]invalid mMatterPackagesConfig
06-08 11:17:37.448  4330 29266 I HwCommandQueue: updateBarBgColor
06-08 11:17:37.449  4330 29266 D HwCommandQueue: CommandQueue, setBarBackgroundColor
06-08 11:17:37.450  2120  2487 I chatty  : uid=1000(system) android.ui expire 9 lines
06-08 11:17:37.451  4330 29266 D HwCommandQueue: CommandQueue, set Launcher StatusBar Color
06-08 11:17:37.452  4884  4954 D NpdcpAliveManager: ro.odm.npdcp_alive_cfg_enable is false
06-08 11:17:37.475  4330 11988 D HwCommandQueue: CommandQueue, set Launcher StatusBar Color
06-08 11:17:37.477  2120  2489 I chatty  : uid=1000(system) android.display expire 10 lines
06-08 11:17:38.051  2120 21596 I chatty  : uid=1000(system) MobileQosDetect expire 14 lines
06-08 11:17:38.471  4884  4954 D NpdcpAliveManager: ro.odm.npdcp_alive_cfg_enable is false
06-08 11:17:39.503  4884  4954 D NpdcpAliveManager: ro.odm.npdcp_alive_cfg_enable is false
06-08 11:17:40.519  4884  4954 D NpdcpAliveManager: ro.odm.npdcp_alive_cfg_enable is false
06-08 11:17:41.552  4884  4954 D NpdcpAliveManager: ro.odm.npdcp_alive_cfg_enable is false
06-08 11:17:42.568  4884  4954 D NpdcpAliveManager: ro.odm.npdcp_alive_cfg_enable is false
06-08 11:17:45.640  4884  4954 D NpdcpAliveManager: ro.odm.npdcp_alive_cfg_enable is false
06-08 11:17:46.664  4884  4954 D NpdcpAliveManager: ro.odm.npdcp_alive_cfg_enable is false
06-08 11:17:48.711  4884  4954 D NpdcpAliveManager: ro.odm.npdcp_alive_cfg_enable is false
06-08 11:17:49.583  2120  2518 I chatty  : uid=1000(system) PowerManagerSer expire 20 lines
06-08 11:17:49.660  2120  2490 I chatty  : uid=1000(system) android.anim expire 4 lines
06-08 11:17:49.735  4884  4954 D NpdcpAliveManager: ro.odm.npdcp_alive_cfg_enable is false
06-08 11:17:49.976  2120  6325 I chatty  : uid=1000(system) Binder:2120_1E expire 30 lines
06-08 11:17:49.978  4330  6867 I HwCommandQueue: updateBarBgColor
06-08 11:17:49.978  4330  6867 D HwCommandQueue: CommandQueue, setBarBackgroundColor
06-08 11:17:49.978  4330 29266 D HwCommandQueue: CommandQueue, set Launcher StatusBar Color
06-08 11:17:49.989  4330  6867 D HwCommandQueue: CommandQueue, set Launcher StatusBar Color
06-08 11:17:49.999 25189 25189 D ActivityThread: Won't deliver top position change in state=4
06-08 11:17:50.048  4884  4954 E Booster_MatterAppRecommend: [isMatterPackage]invalid mMatterPackagesConfig
06-08 11:17:50.077  2120  4709 I chatty  : uid=1000(system) Binder:2120_8 expire 24 lines
06-08 11:17:50.145 25189 25189 D ActivityThread: Remove activity client record, r= ActivityRecord{e81dc53 token=android.os.BinderProxy@1a6a6e {com.tencent.mm/com.tencent.mm.ui.chatting.gallery.ImageGalleryUI}} token= android.os.BinderProxy@1a6a6e
06-08 11:17:50.145 25189 25189 I ViewRootImpl: dispatchDetachedFromWindow in doDie
06-08 11:17:50.762  4884  4954 D NpdcpAliveManager: ro.odm.npdcp_alive_cfg_enable is false
06-08 11:17:51.784  4884  4954 D NpdcpAliveManager: ro.odm.npdcp_alive_cfg_enable is false
06-08 11:17:51.789  1065  1191 I storaged: storaged_t::event: storage_info refreshed.
06-08 11:17:52.810  4884  4954 D NpdcpAliveManager: ro.odm.npdcp_alive_cfg_enable is false
06-08 11:17:53.580  2120  4936 I chatty  : uid=1000(system) Binder:2120_C expire 2 lines
06-08 11:17:53.616 16998 16998 D ActivityThread: Attach thread to application
06-08 11:17:53.626 16998 17016 I ActivityThread: Init compatible state: false
06-08 11:17:53.631 16998 16998 I LoadedApk: makePaths: outLibPaths=[/system/app/HwLBSService/lib/arm64, /system/app/HwLBSService/HwLBSService.apk!/lib/arm64-v8a, /system/lib64:/hw_product/lib64:/system/product/lib64:/prets/lib64]
06-08 11:17:53.654 16998 16998 I ActivityThread: finishPreloaded preloadStatus 0
06-08 11:17:53.673 16998 16998 W ContextImpl: Calling a method in the system process without a qualified user: android.app.ContextImpl.bindService:1777 android.content.ContextWrapper.bindService:705 com.huawei.android.powerkit.adapter.PowerKitApi.bindPowerKitService:108 com.huawei.android.powerkit.adapter.PowerKitApi.<init>:95 com.huawei.android.powerkit.HuaweiPowerKit.<init>:129 
06-08 11:17:53.698 16998 17025 W ContextImpl: Calling a method in the system process without a qualified user: android.app.ContextImpl.bindService:1777 android.content.ContextWrapper.bindService:705 com.huawei.lbs.hms.HwHmsManager.bindLocatorService:271 com.huawei.lbs.hms.HwHmsService$LocationWorkerHandler.handleMessage:1239 android.os.Handler.dispatchMessage:110 
06-08 11:17:53.731 16998 16998 W ContextImpl: Calling a method in the system process without a qualified user: android.app.ContextImpl.sendBroadcast:1183 android.content.ContextWrapper.sendBroadcast:453 com.huawei.lbs.HwLBSService.onCreate:88 android.app.ActivityThread.handleCreateService:4809 android.app.ActivityThread.access$3000:260 
06-08 11:17:53.734 16998 17048 W ContextImpl: Calling a method in the system process without a qualified user: android.app.ContextImpl.bindService:1777 android.content.ContextWrapper.bindService:705 com.huawei.msdp.movement.HwMSDPMovementManager.bindService:169 com.huawei.msdp.movement.HwMSDPMovementManager.connectService:203 com.huawei.lbs.HwNLPService.Support.HwNLPMSDPFunction.connectService:196 
06-08 11:17:53.835  4884  4954 D NpdcpAliveManager: ro.odm.npdcp_alive_cfg_enable is false
06-08 11:17:54.068  2120  4099 I chatty  : uid=1000(system) Thread-6 expire 25 lines
06-08 11:17:54.855  4884  4954 D NpdcpAliveManager: ro.odm.npdcp_alive_cfg_enable is false
06-08 11:17:55.880  4884  4954 D NpdcpAliveManager: ro.odm.npdcp_alive_cfg_enable is false
06-08 11:17:56.903  4884  4954 D NpdcpAliveManager: ro.odm.npdcp_alive_cfg_enable is false
06-08 11:17:57.928  4884  4954 D NpdcpAliveManager: ro.odm.npdcp_alive_cfg_enable is false
06-08 11:17:58.068  2120  4085 I chatty  : uid=1000(system) ConnectivitySer expire 10 lines
06-08 11:17:58.075  2120  4083 I chatty  : uid=1000(system) ConnectivityThr expire 28 lines
06-08 11:17:58.093 25189 25189 I ViewRootImpl: dispatchDetachedFromWindow in doDie
06-08 11:17:58.094  2120  2608 I chatty  : uid=1000(system) Binder:2120_3 expire 11 lines
06-08 11:17:58.412  2120  4711 I chatty  : uid=1000(system) Binder:2120_9 expire 7 lines
06-08 11:17:58.479  4884  4954 I SmartDualCardSM: IdleState:got msg.what=EVENT_HARD_SWITCH_CONDITION_CHECK
06-08 11:17:58.764  2120  2643 I chatty  : uid=1000(system) AlarmManager expire 10 lines
06-08 11:17:58.956  4884  4954 D NpdcpAliveManager: ro.odm.npdcp_alive_cfg_enable is false
06-08 11:17:59.437  2120  4398 I chatty  : uid=1000(system) Binder:2120_5 expire 9 lines
06-08 11:17:59.983  4884  4954 D NpdcpAliveManager: ro.odm.npdcp_alive_cfg_enable is false
06-08 11:18:01.000  4884  4954 D NpdcpAliveManager: ro.odm.npdcp_alive_cfg_enable is false
06-08 11:18:02.028  4884  4954 D NpdcpAliveManager: ro.odm.npdcp_alive_cfg_enable is false
06-08 11:18:03.051  4884  4954 D NpdcpAliveManager: ro.odm.npdcp_alive_cfg_enable is false
06-08 11:18:04.080  4884  4954 D NpdcpAliveManager: ro.odm.npdcp_alive_cfg_enable is false
06-08 11:18:04.684  4884  4954 I PreDnsQuery: setPreDnsCurrentProp is: false
06-08 11:18:05.095  4884  4954 D NpdcpAliveManager: ro.odm.npdcp_alive_cfg_enable is false
06-08 11:18:05.907  2120  4072 I chatty  : uid=1000(system) NetworkStats expire 11 lines
06-08 11:18:06.121  4884  4954 D NpdcpAliveManager: ro.odm.npdcp_alive_cfg_enable is false
06-08 11:18:09.191  4884  4954 D NpdcpAliveManager: ro.odm.npdcp_alive_cfg_enable is false
06-08 11:18:09.569  4884  4954 I SmartDualCardSM: IdleState:got msg.what=EVENT_MOVEMENT_STATE_CHANGED
06-08 11:18:10.217  4884  4954 D NpdcpAliveManager: ro.odm.npdcp_alive_cfg_enable is false
06-08 11:18:11.239  4884  4954 D NpdcpAliveManager: ro.odm.npdcp_alive_cfg_enable is false
06-08 11:18:12.276  4884  4954 D NpdcpAliveManager: ro.odm.npdcp_alive_cfg_enable is false
06-08 11:18:13.288  4884  4954 D NpdcpAliveManager: ro.odm.npdcp_alive_cfg_enable is false
06-08 11:18:14.313  4884  4954 D NpdcpAliveManager: ro.odm.npdcp_alive_cfg_enable is false
06-08 11:18:17.383  4884  4954 D NpdcpAliveManager: ro.odm.npdcp_alive_cfg_enable is false
06-08 11:18:18.419  4884  4954 D NpdcpAliveManager: ro.odm.npdcp_alive_cfg_enable is false
06-08 11:18:19.327  2120  4083 I chatty  : uid=1000(system) ConnectivityThr expire 28 lines
06-08 11:18:19.436  4884  4954 D NpdcpAliveManager: ro.odm.npdcp_alive_cfg_enable is false
06-08 11:18:20.457  4884  4954 D NpdcpAliveManager: ro.odm.npdcp_alive_cfg_enable is false
06-08 11:18:21.479  4884  4954 D NpdcpAliveManager: ro.odm.npdcp_alive_cfg_enable is false
06-08 11:18:21.610  2120  2608 I chatty  : uid=1000(system) Binder:2120_3 expire 6 lines
06-08 11:18:22.505  4884  4954 D NpdcpAliveManager: ro.odm.npdcp_alive_cfg_enable is false
06-08 11:18:25.576  4884  4954 D NpdcpAliveManager: ro.odm.npdcp_alive_cfg_enable is false
06-08 11:18:26.601  4884  4954 D NpdcpAliveManager: ro.odm.npdcp_alive_cfg_enable is false
06-08 11:18:28.648  4884  4954 D NpdcpAliveManager: ro.odm.npdcp_alive_cfg_enable is false
06-08 11:18:29.675  4884  4954 D NpdcpAliveManager: ro.odm.npdcp_alive_cfg_enable is false
06-08 11:18:29.946  2120  2518 I chatty  : uid=1000(system) PowerManagerSer expire 14 lines
06-08 11:18:30.700  4884  4954 D NpdcpAliveManager: ro.odm.npdcp_alive_cfg_enable is false
06-08 11:18:33.776  4884  4954 D NpdcpAliveManager: ro.odm.npdcp_alive_cfg_enable is false
06-08 11:18:34.792  4884  4954 D NpdcpAliveManager: ro.odm.npdcp_alive_cfg_enable is false
06-08 11:18:37.868  4884  4954 D NpdcpAliveManager: ro.odm.npdcp_alive_cfg_enable is false
06-08 11:18:38.899  4884  4954 D NpdcpAliveManager: ro.odm.npdcp_alive_cfg_enable is false
06-08 11:18:40.948  4884  4954 I chatty  : uid=1000(system) OllieAwareThrea identical 10 lines
06-08 11:18:41.959  4884  4954 D NpdcpAliveManager: ro.odm.npdcp_alive_cfg_enable is false
06-08 11:18:42.108  2120  4083 I chatty  : uid=1000(system) ConnectivityThr expire 28 lines
06-08 11:18:42.986  4884  4954 D NpdcpAliveManager: ro.odm.npdcp_alive_cfg_enable is false
06-08 11:18:44.015  4884  4954 D NpdcpAliveManager: ro.odm.npdcp_alive_cfg_enable is false
06-08 11:18:46.059  4884  4954 D NpdcpAliveManager: ro.odm.npdcp_alive_cfg_enable is false
06-08 11:18:46.111  2120 21596 I chatty  : uid=1000(system) MobileQosDetect expire 19 lines
06-08 11:18:47.082  4884  4954 D NpdcpAliveManager: ro.odm.npdcp_alive_cfg_enable is false
06-08 11:18:49.128  4884  4954 D NpdcpAliveManager: ro.odm.npdcp_alive_cfg_enable is false
06-08 11:18:50.152  4884  4954 D NpdcpAliveManager: ro.odm.npdcp_alive_cfg_enable is false
06-08 11:18:51.161  2120  2518 I chatty  : uid=1000(system) PowerManagerSer expire 33 lines
06-08 11:18:51.181  4884  4954 D NpdcpAliveManager: ro.odm.npdcp_alive_cfg_enable is false
06-08 11:18:51.790  1065  1191 I storaged: storaged_t::event: storage_info refreshed.
06-08 11:18:52.199  4884  4954 D NpdcpAliveManager: ro.odm.npdcp_alive_cfg_enable is false
06-08 11:18:53.226  4884  4954 D NpdcpAliveManager: ro.odm.npdcp_alive_cfg_enable is false
06-08 11:18:54.249  4884  4954 D NpdcpAliveManager: ro.odm.npdcp_alive_cfg_enable is false
06-08 11:18:55.273  4884  4954 D NpdcpAliveManager: ro.odm.npdcp_alive_cfg_enable is false
06-08 11:18:56.296  4884  4954 D NpdcpAliveManager: ro.odm.npdcp_alive_cfg_enable is false
06-08 11:18:57.328  4884  4954 D NpdcpAliveManager: ro.odm.npdcp_alive_cfg_enable is false
06-08 11:18:58.343  4884  4954 D NpdcpAliveManager: ro.odm.npdcp_alive_cfg_enable is false
06-08 11:18:58.480  4884  4954 I SmartDualCardSM: IdleState:got msg.what=EVENT_HARD_SWITCH_CONDITION_CHECK
06-08 11:18:58.929  2120  2499 I chatty  : uid=1000(system) HwActivityTaskM expire 10 lines
06-08 11:18:58.932  2120  5322 I chatty  : uid=1000(system) Binder:2120_12 expire 3 lines
06-08 11:18:58.934  2120  2609 I chatty  : uid=1000(system) Binder:2120_4 expire 1 line
06-08 11:18:58.963  2120  4934 I chatty  : uid=1000(system) Binder:2120_B expire 12 lines
06-08 11:18:58.982  2120  6321 I chatty  : uid=1000(system) Binder:2120_1C expire 10 lines
06-08 11:18:59.003  2120  7096 I chatty  : uid=1000(system) Binder:2120_21 expire 12 lines
06-08 11:18:59.369  4884  4954 D NpdcpAliveManager: ro.odm.npdcp_alive_cfg_enable is false
06-08 11:19:00.399  4884  4954 D NpdcpAliveManager: ro.odm.npdcp_alive_cfg_enable is false
06-08 11:19:01.423  4884  4954 D NpdcpAliveManager: ro.odm.npdcp_alive_cfg_enable is false
06-08 11:19:02.442  4884  4954 D NpdcpAliveManager: ro.odm.npdcp_alive_cfg_enable is false
06-08 11:19:05.520  4884  4954 D NpdcpAliveManager: ro.odm.npdcp_alive_cfg_enable is false
06-08 11:19:06.536  4884  4954 D NpdcpAliveManager: ro.odm.npdcp_alive_cfg_enable is false
06-08 11:19:09.615  4884  4954 D NpdcpAliveManager: ro.odm.npdcp_alive_cfg_enable is false
06-08 11:19:10.632  4884  4954 D NpdcpAliveManager: ro.odm.npdcp_alive_cfg_enable is false
06-08 11:19:13.705  4884  4954 D NpdcpAliveManager: ro.odm.npdcp_alive_cfg_enable is false
06-08 11:19:14.729  4884  4954 D NpdcpAliveManager: ro.odm.npdcp_alive_cfg_enable is false
06-08 11:19:16.775  4884  4954 I chatty  : uid=1000(system) OllieAwareThrea identical 11 lines
06-08 11:19:17.808  4884  4954 D NpdcpAliveManager: ro.odm.npdcp_alive_cfg_enable is false
06-08 11:19:18.823  4884  4954 D NpdcpAliveManager: ro.odm.npdcp_alive_cfg_enable is false
06-08 11:19:19.849  4884  4954 D NpdcpAliveManager: ro.odm.npdcp_alive_cfg_enable is false
06-08 11:19:20.751  2120  6321 I chatty  : uid=1000(system) Binder:2120_1C expire 8 lines
06-08 11:19:20.871  4884  4954 D NpdcpAliveManager: ro.odm.npdcp_alive_cfg_enable is false
06-08 11:19:21.202  2120  4099 I chatty  : uid=1000(system) Thread-6 expire 9 lines
06-08 11:19:21.899  4884  4954 D NpdcpAliveManager: ro.odm.npdcp_alive_cfg_enable is false
06-08 11:19:22.919  4884  4954 D NpdcpAliveManager: ro.odm.npdcp_alive_cfg_enable is false
06-08 11:19:23.955  4884  4954 D NpdcpAliveManager: ro.odm.npdcp_alive_cfg_enable is false
06-08 11:19:26.000  4884  4954 D NpdcpAliveManager: ro.odm.npdcp_alive_cfg_enable is false
06-08 11:19:27.016  4884  4954 D NpdcpAliveManager: ro.odm.npdcp_alive_cfg_enable is false
06-08 11:19:28.043  4884  4954 D NpdcpAliveManager: ro.odm.npdcp_alive_cfg_enable is false
06-08 11:19:28.888  2120  5324 I chatty  : uid=1000(system) Binder:2120_13 expire 19 lines
06-08 11:19:29.068  4884  4954 D NpdcpAliveManager: ro.odm.npdcp_alive_cfg_enable is false
06-08 11:19:30.100  4884  4954 D NpdcpAliveManager: ro.odm.npdcp_alive_cfg_enable is false
06-08 11:19:31.115  4884  4954 D NpdcpAliveManager: ro.odm.npdcp_alive_cfg_enable is false
06-08 11:19:32.136  4884  4954 D NpdcpAliveManager: ro.odm.npdcp_alive_cfg_enable is false
06-08 11:19:33.161  4884  4954 D NpdcpAliveManager: ro.odm.npdcp_alive_cfg_enable is false
06-08 11:19:34.185  4884  4954 D NpdcpAliveManager: ro.odm.npdcp_alive_cfg_enable is false
06-08 11:19:37.259  4884  4954 D NpdcpAliveManager: ro.odm.npdcp_alive_cfg_enable is false
06-08 11:19:37.853  4884  4954 E DollieChr: sendDataToChrApk, remote exception
06-08 11:19:37.853  4884  4954 E NetworkQoeChr: onQoeReportChr send msg failed
06-08 11:19:38.281  4884  4954 D NpdcpAliveManager: ro.odm.npdcp_alive_cfg_enable is false
06-08 11:19:41.356  4884  4954 D NpdcpAliveManager: ro.odm.npdcp_alive_cfg_enable is false
06-08 11:19:42.377  4884  4954 D NpdcpAliveManager: ro.odm.npdcp_alive_cfg_enable is false
06-08 11:19:45.452  4884  4954 D NpdcpAliveManager: ro.odm.npdcp_alive_cfg_enable is false
06-08 11:19:46.479  4884  4954 D NpdcpAliveManager: ro.odm.npdcp_alive_cfg_enable is false
06-08 11:19:46.762  2120  4083 I chatty  : uid=1000(system) ConnectivityThr expire 56 lines
06-08 11:19:46.774  2120  2506 I chatty  : uid=1000(system) ActivityManager expire 19 lines
06-08 11:19:47.496  4884  4954 D NpdcpAliveManager: ro.odm.npdcp_alive_cfg_enable is false
06-08 11:19:49.543  4884  4954 D NpdcpAliveManager: ro.odm.npdcp_alive_cfg_enable is false
06-08 11:19:49.802  2120  4097 I chatty  : uid=1000(system) LocationHander expire 10 lines
06-08 11:19:50.581  4884  4954 D NpdcpAliveManager: ro.odm.npdcp_alive_cfg_enable is false
06-08 11:19:51.592  4884  4954 D NpdcpAliveManager: ro.odm.npdcp_alive_cfg_enable is false
06-08 11:19:51.791  1065  1191 I storaged: storaged_t::event: storage_info refreshed.
06-08 11:19:52.617  4884  4954 D NpdcpAliveManager: ro.odm.npdcp_alive_cfg_enable is false
06-08 11:19:53.643  4884  4954 D NpdcpAliveManager: ro.odm.npdcp_alive_cfg_enable is false
06-08 11:19:54.664  4884  4954 D NpdcpAliveManager: ro.odm.npdcp_alive_cfg_enable is false
06-08 11:19:55.687  4884  4954 D NpdcpAliveManager: ro.odm.npdcp_alive_cfg_enable is false
06-08 11:19:57.736  4884  4954 D NpdcpAliveManager: ro.odm.npdcp_alive_cfg_enable is false
06-08 11:19:58.366  2120  2518 I chatty  : uid=1000(system) PowerManagerSer expire 59 lines
06-08 11:19:58.482  4884  4954 I SmartDualCardSM: IdleState:got msg.what=EVENT_HARD_SWITCH_CONDITION_CHECK
06-08 11:19:58.536  2120  6323 I chatty  : uid=1000(system) Binder:2120_1D expire 20 lines
06-08 11:19:58.760  4884  4954 D NpdcpAliveManager: ro.odm.npdcp_alive_cfg_enable is false
06-08 11:19:58.927  2120  7096 I chatty  : uid=1000(system) Binder:2120_21 expire 18 lines
06-08 11:19:58.957  2120  4709 I chatty  : uid=1000(system) Binder:2120_8 expire 11 lines
06-08 11:19:59.784  4884  4954 D NpdcpAliveManager: ro.odm.npdcp_alive_cfg_enable is false
06-08 11:20:00.813  4884  4954 D NpdcpAliveManager: ro.odm.npdcp_alive_cfg_enable is false
06-08 11:20:01.835  4884  4954 D NpdcpAliveManager: ro.odm.npdcp_alive_cfg_enable is false
06-08 11:20:02.864  4884  4954 D NpdcpAliveManager: ro.odm.npdcp_alive_cfg_enable is false
06-08 11:20:03.879  4884  4954 D NpdcpAliveManager: ro.odm.npdcp_alive_cfg_enable is false
06-08 11:20:04.880  2120  4083 I chatty  : uid=1000(system) ConnectivityThr expire 112 lines
06-08 11:20:04.905  4884  4954 D NpdcpAliveManager: ro.odm.npdcp_alive_cfg_enable is false
06-08 11:20:05.927  4884  4954 D NpdcpAliveManager: ro.odm.npdcp_alive_cfg_enable is false
06-08 11:20:06.953  4884  4954 D NpdcpAliveManager: ro.odm.npdcp_alive_cfg_enable is false
06-08 11:20:07.378  2120  2643 I chatty  : uid=1000(system) AlarmManager expire 10 lines
06-08 11:20:07.415  2120  2120 I chatty  : uid=1000(system) Binder:2120_15 expire 22 lines
06-08 11:20:07.976  4884  4954 D NpdcpAliveManager: ro.odm.npdcp_alive_cfg_enable is false
06-08 11:20:09.001  4884  4954 D NpdcpAliveManager: ro.odm.npdcp_alive_cfg_enable is false
06-08 11:20:10.029  4884  4954 D NpdcpAliveManager: ro.odm.npdcp_alive_cfg_enable is false
06-08 11:20:10.178  2120  4085 I chatty  : uid=1000(system) ConnectivitySer expire 10 lines
06-08 11:20:11.049  4884  4954 D NpdcpAliveManager: ro.odm.npdcp_alive_cfg_enable is false
06-08 11:20:13.098  4884  4954 I chatty  : uid=1000(system) OllieAwareThrea identical 16 lines
06-08 11:20:14.119  4884  4954 D NpdcpAliveManager: ro.odm.npdcp_alive_cfg_enable is false
06-08 11:20:14.188  2120 21596 I chatty  : uid=1000(system) MobileQosDetect expire 10 lines
06-08 11:20:15.144  4884  4954 D NpdcpAliveManager: ro.odm.npdcp_alive_cfg_enable is false
06-08 11:20:16.172  4884  4954 D NpdcpAliveManager: ro.odm.npdcp_alive_cfg_enable is false
06-08 11:20:17.194  4884  4954 D NpdcpAliveManager: ro.odm.npdcp_alive_cfg_enable is false
06-08 11:20:21.296  4884  4954 D NpdcpAliveManager: ro.odm.npdcp_alive_cfg_enable is false
06-08 11:20:22.312  4884  4954 D NpdcpAliveManager: ro.odm.npdcp_alive_cfg_enable is false
06-08 11:20:24.359  4884  4954 D NpdcpAliveManager: ro.odm.npdcp_alive_cfg_enable is false
06-08 11:20:25.302  2120  2518 I chatty  : uid=1000(system) PowerManagerSer expire 19 lines
06-08 11:20:25.385  4884  4954 D NpdcpAliveManager: ro.odm.npdcp_alive_cfg_enable is false
06-08 11:20:26.407  4884  4954 D NpdcpAliveManager: ro.odm.npdcp_alive_cfg_enable is false
06-08 11:20:28.460  4884  4954 D NpdcpAliveManager: ro.odm.npdcp_alive_cfg_enable is false
06-08 11:20:28.976  2120  5324 I chatty  : uid=1000(system) Binder:2120_13 expire 40 lines
06-08 11:20:29.492  4884  4954 D NpdcpAliveManager: ro.odm.npdcp_alive_cfg_enable is false
06-08 11:20:30.504  4884  4954 D NpdcpAliveManager: ro.odm.npdcp_alive_cfg_enable is false
06-08 11:20:33.584  4884  4954 D NpdcpAliveManager: ro.odm.npdcp_alive_cfg_enable is false
06-08 11:20:34.604  4884  4954 D NpdcpAliveManager: ro.odm.npdcp_alive_cfg_enable is false
06-08 11:20:35.344  2120  6262 I chatty  : uid=1000(system) Binder:2120_19 expire 12 lines
06-08 11:20:35.631  4884  4954 D NpdcpAliveManager: ro.odm.npdcp_alive_cfg_enable is false
06-08 11:20:37.673  4884  4954 D NpdcpAliveManager: ro.odm.npdcp_alive_cfg_enable is false
06-08 11:20:38.699  4884  4954 D NpdcpAliveManager: ro.odm.npdcp_alive_cfg_enable is false
06-08 11:20:41.772  4884  4954 D NpdcpAliveManager: ro.odm.npdcp_alive_cfg_enable is false
06-08 11:20:42.791  4884  4954 D NpdcpAliveManager: ro.odm.npdcp_alive_cfg_enable is false
06-08 11:20:45.865  4884  4954 D NpdcpAliveManager: ro.odm.npdcp_alive_cfg_enable is false
06-08 11:20:46.891  4884  4954 D NpdcpAliveManager: ro.odm.npdcp_alive_cfg_enable is false
06-08 11:20:49.971  4884  4954 D NpdcpAliveManager: ro.odm.npdcp_alive_cfg_enable is false
06-08 11:20:50.983  4884  4954 D NpdcpAliveManager: ro.odm.npdcp_alive_cfg_enable is false
06-08 11:20:51.792  1065  1191 I storaged: storaged_t::event: storage_info refreshed.
06-08 11:20:52.012  4884  4954 D NpdcpAliveManager: ro.odm.npdcp_alive_cfg_enable is false
06-08 11:20:53.031  4884  4954 I chatty  : uid=1000(system) OllieAwareThrea identical 11 lines
06-08 11:20:54.064  4884  4954 D NpdcpAliveManager: ro.odm.npdcp_alive_cfg_enable is false
06-08 11:20:55.080  4884  4954 D NpdcpAliveManager: ro.odm.npdcp_alive_cfg_enable is false
06-08 11:20:58.160  4884  4954 D NpdcpAliveManager: ro.odm.npdcp_alive_cfg_enable is false
06-08 11:20:58.224  2120 21596 I chatty  : uid=1000(system) MobileQosDetect expire 10 lines
06-08 11:20:58.483  4884  4954 I SmartDualCardSM: IdleState:got msg.what=EVENT_HARD_SWITCH_CONDITION_CHECK
06-08 11:20:59.005  2120  2518 I chatty  : uid=1000(system) PowerManagerSer expire 16 lines
06-08 11:20:59.175  4884  4954 D NpdcpAliveManager: ro.odm.npdcp_alive_cfg_enable is false
06-08 11:21:00.022  2120  2643 I chatty  : uid=1000(system) AlarmManager expire 10 lines
06-08 11:21:00.026  2120  7096 I chatty  : uid=1000(system) Binder:2120_21 expire 16 lines
06-08 11:21:00.201  4884  4954 D NpdcpAliveManager: ro.odm.npdcp_alive_cfg_enable is false
06-08 11:21:00.365  2120  6323 I chatty  : uid=1000(system) Binder:2120_1D expire 10 lines
06-08 11:21:01.227  4884  4954 D NpdcpAliveManager: ro.odm.npdcp_alive_cfg_enable is false
06-08 11:21:02.248  4884  4954 D NpdcpAliveManager: ro.odm.npdcp_alive_cfg_enable is false
06-08 11:21:05.321  4884  4954 D NpdcpAliveManager: ro.odm.npdcp_alive_cfg_enable is false
06-08 11:21:06.344  4884  4954 D NpdcpAliveManager: ro.odm.npdcp_alive_cfg_enable is false
06-08 11:21:09.419  4884  4954 D NpdcpAliveManager: ro.odm.npdcp_alive_cfg_enable is false
06-08 11:21:10.441  4884  4954 D NpdcpAliveManager: ro.odm.npdcp_alive_cfg_enable is false
06-08 11:21:13.511  4884  4954 D NpdcpAliveManager: ro.odm.npdcp_alive_cfg_enable is false
06-08 11:21:14.543  4884  4954 D NpdcpAliveManager: ro.odm.npdcp_alive_cfg_enable is false
06-08 11:21:17.607  4884  4954 D NpdcpAliveManager: ro.odm.npdcp_alive_cfg_enable is false
06-08 11:21:18.640  4884  4954 D NpdcpAliveManager: ro.odm.npdcp_alive_cfg_enable is false
06-08 11:21:19.660  4884  4954 I chatty  : uid=1000(system) OllieAwareThrea identical 12 lines
06-08 11:21:20.688  4884  4954 D NpdcpAliveManager: ro.odm.npdcp_alive_cfg_enable is false
06-08 11:21:21.598  2120  2518 I chatty  : uid=1000(system) PowerManagerSer expire 17 lines
06-08 11:21:21.704  4884  4954 D NpdcpAliveManager: ro.odm.npdcp_alive_cfg_enable is false
06-08 11:21:22.728  4884  4954 D NpdcpAliveManager: ro.odm.npdcp_alive_cfg_enable is false
06-08 11:21:23.650  2120  7096 I chatty  : uid=1000(system) Binder:2120_21 expire 14 lines
06-08 11:21:23.751  4884  4954 D NpdcpAliveManager: ro.odm.npdcp_alive_cfg_enable is false
06-08 11:21:25.799  4884  4954 D NpdcpAliveManager: ro.odm.npdcp_alive_cfg_enable is false
06-08 11:21:26.824  4884  4954 D NpdcpAliveManager: ro.odm.npdcp_alive_cfg_enable is false
06-08 11:21:28.875  4884  4954 D NpdcpAliveManager: ro.odm.npdcp_alive_cfg_enable is false
06-08 11:21:29.045  2120  6262 I chatty  : uid=1000(system) Binder:2120_19 expire 13 lines
06-08 11:21:29.319  2120  4083 I chatty  : uid=1000(system) ConnectivityThr expire 76 lines
06-08 11:21:29.330  2120  2506 I chatty  : uid=1000(system) ActivityManager expire 12 lines
06-08 11:21:29.896  4884  4954 D NpdcpAliveManager: ro.odm.npdcp_alive_cfg_enable is false
06-08 11:21:30.920  4884  4954 D NpdcpAliveManager: ro.odm.npdcp_alive_cfg_enable is false
06-08 11:21:31.812  2120  4709 I chatty  : uid=1000(system) Binder:2120_8 expire 11 lines
06-08 11:21:31.944  4884  4954 D NpdcpAliveManager: ro.odm.npdcp_alive_cfg_enable is false
06-08 11:21:32.970  4884  4954 D NpdcpAliveManager: ro.odm.npdcp_alive_cfg_enable is false
06-08 11:21:33.996  4884  4954 D NpdcpAliveManager: ro.odm.npdcp_alive_cfg_enable is false
06-08 11:21:35.017  4884  4954 D NpdcpAliveManager: ro.odm.npdcp_alive_cfg_enable is false
06-08 11:21:38.091  4884  4954 D NpdcpAliveManager: ro.odm.npdcp_alive_cfg_enable is false
06-08 11:21:39.120  4884  4954 D NpdcpAliveManager: ro.odm.npdcp_alive_cfg_enable is false
06-08 11:21:41.162  4884  4954 D NpdcpAliveManager: ro.odm.npdcp_alive_cfg_enable is false
06-08 11:21:41.404  2120  2506 I chatty  : uid=1000(system) ActivityManager expire 18 lines
06-08 11:21:41.409  2120  4083 I chatty  : uid=1000(system) ConnectivityThr expire 132 lines
06-08 11:21:42.183  4884  4954 D NpdcpAliveManager: ro.odm.npdcp_alive_cfg_enable is false
06-08 11:21:43.220  4884  4954 D NpdcpAliveManager: ro.odm.npdcp_alive_cfg_enable is false
06-08 11:21:45.261  4884  4954 D NpdcpAliveManager: ro.odm.npdcp_alive_cfg_enable is false
06-08 11:21:46.281  4884  4954 D NpdcpAliveManager: ro.odm.npdcp_alive_cfg_enable is false
06-08 11:21:47.304  4884  4954 D NpdcpAliveManager: ro.odm.npdcp_alive_cfg_enable is false
06-08 11:21:47.669  4884  4954 I PositionFenceSignalCollect: wifiDatas size 8 for recognize
06-08 11:21:47.669  4884  4954 I PositionFence_PositionFenceManager: notify position fence changed: fenceId 0 recognizeWay: -1
06-08 11:21:47.669  4884  4954 E Booster_PositionFencePolicyLifeManager: [isPhoneDevice]phone device
06-08 11:21:47.716  2120  2518 I chatty  : uid=1000(system) PowerManagerSer expire 10 lines
06-08 11:21:47.736  4884  4954 I PositionFenceSignalCollect: cell Info change.
06-08 11:21:48.328  4884  4954 D NpdcpAliveManager: ro.odm.npdcp_alive_cfg_enable is false
06-08 11:21:49.357  4884  4954 D NpdcpAliveManager: ro.odm.npdcp_alive_cfg_enable is false
06-08 11:21:50.263  2120  4085 I chatty  : uid=1000(system) ConnectivitySer expire 11 lines
06-08 11:21:50.270  2120  4097 I chatty  : uid=1000(system) LocationHander expire 12 lines
06-08 11:21:50.375  4884  4954 D NpdcpAliveManager: ro.odm.npdcp_alive_cfg_enable is false
06-08 11:21:51.401  4884  4954 D NpdcpAliveManager: ro.odm.npdcp_alive_cfg_enable is false
06-08 11:21:51.794  1065  1191 I storaged: storaged_t::event: storage_info refreshed.
06-08 11:21:52.427  4884  4954 D NpdcpAliveManager: ro.odm.npdcp_alive_cfg_enable is false
06-08 11:21:53.453  4884  4954 D NpdcpAliveManager: ro.odm.npdcp_alive_cfg_enable is false
06-08 11:21:54.471  4884  4954 D NpdcpAliveManager: ro.odm.npdcp_alive_cfg_enable is false
06-08 11:21:55.508  4884  4954 D NpdcpAliveManager: ro.odm.npdcp_alive_cfg_enable is false
06-08 11:21:56.519  4884  4954 D NpdcpAliveManager: ro.odm.npdcp_alive_cfg_enable is false
06-08 11:21:57.551  4884  4954 D NpdcpAliveManager: ro.odm.npdcp_alive_cfg_enable is false
06-08 11:21:58.267  2120 21596 I chatty  : uid=1000(system) MobileQosDetect expire 11 lines
06-08 11:21:58.485  4884  4954 I SmartDualCardSM: IdleState:got msg.what=EVENT_HARD_SWITCH_CONDITION_CHECK
06-08 11:21:58.567  4884  4954 D NpdcpAliveManager: ro.odm.npdcp_alive_cfg_enable is false
06-08 11:21:59.593  4884  4954 D NpdcpAliveManager: ro.odm.npdcp_alive_cfg_enable is false
06-08 11:22:00.619  4884  4954 D NpdcpAliveManager: ro.odm.npdcp_alive_cfg_enable is false
06-08 11:22:01.651  4884  4954 D NpdcpAliveManager: ro.odm.npdcp_alive_cfg_enable is false
06-08 11:22:02.663  4884  4954 D NpdcpAliveManager: ro.odm.npdcp_alive_cfg_enable is false
06-08 11:22:03.688  4884  4954 D NpdcpAliveManager: ro.odm.npdcp_alive_cfg_enable is false
06-08 11:22:04.711  4884  4954 D NpdcpAliveManager: ro.odm.npdcp_alive_cfg_enable is false
06-08 11:22:05.737  4884  4954 D NpdcpAliveManager: ro.odm.npdcp_alive_cfg_enable is false
06-08 11:22:06.288  2120  4083 I chatty  : uid=1000(system) ConnectivityThr expire 94 lines
06-08 11:22:06.292  2120  2506 I chatty  : uid=1000(system) ActivityManager expire 12 lines
06-08 11:22:06.760  4884  4954 D NpdcpAliveManager: ro.odm.npdcp_alive_cfg_enable is false
06-08 11:22:07.796  4884  4954 D NpdcpAliveManager: ro.odm.npdcp_alive_cfg_enable is false
06-08 11:22:09.834  4884  4954 D NpdcpAliveManager: ro.odm.npdcp_alive_cfg_enable is false
06-08 11:22:10.856  4884  4954 D NpdcpAliveManager: ro.odm.npdcp_alive_cfg_enable is false
06-08 11:22:11.880  4884  4954 D NpdcpAliveManager: ro.odm.npdcp_alive_cfg_enable is false
06-08 11:22:13.936  4884  4954 D NpdcpAliveManager: ro.odm.npdcp_alive_cfg_enable is false
06-08 11:22:14.951  4884  4954 D NpdcpAliveManager: ro.odm.npdcp_alive_cfg_enable is false
06-08 11:22:18.026  4884  4954 D NpdcpAliveManager: ro.odm.npdcp_alive_cfg_enable is false
06-08 11:22:19.048  4884  4954 D NpdcpAliveManager: ro.odm.npdcp_alive_cfg_enable is false
06-08 11:22:21.096  4884  4954 D NpdcpAliveManager: ro.odm.npdcp_alive_cfg_enable is false
06-08 11:22:22.120  4884  4954 D NpdcpAliveManager: ro.odm.npdcp_alive_cfg_enable is false
06-08 11:22:22.291  2120  4083 I chatty  : uid=1000(system) ConnectivityThr expire 66 lines
06-08 11:22:22.300  2120  2506 I chatty  : uid=1000(system) ActivityManager expire 12 lines
06-08 11:22:23.144  4884  4954 D NpdcpAliveManager: ro.odm.npdcp_alive_cfg_enable is false
06-08 11:22:23.477  2120  2518 I chatty  : uid=1000(system) PowerManagerSer expire 28 lines
06-08 11:22:24.170  4884  4954 D NpdcpAliveManager: ro.odm.npdcp_alive_cfg_enable is false
06-08 11:22:25.196  4884  4954 D NpdcpAliveManager: ro.odm.npdcp_alive_cfg_enable is false
06-08 11:22:26.218  4884  4954 D NpdcpAliveManager: ro.odm.npdcp_alive_cfg_enable is false
06-08 11:22:27.061  2120  2120 I chatty  : uid=1000(system) Binder:2120_15 expire 15 lines
06-08 11:22:27.240  4884  4954 D NpdcpAliveManager: ro.odm.npdcp_alive_cfg_enable is false
06-08 11:22:28.268  4884  4954 D NpdcpAliveManager: ro.odm.npdcp_alive_cfg_enable is false
06-08 11:22:28.767  2120  6323 I chatty  : uid=1000(system) Binder:2120_1D expire 19 lines
06-08 11:22:29.120  2120  2643 I chatty  : uid=1000(system) AlarmManager expire 10 lines
